Archive member included to satisfy reference by file (symbol)

lib/LCD/libLCD.a(LCD_1in28.c.o)
                              CMakeFiles/main.dir/main.c.o (LCD_1IN28_Init)
lib/GUI/libGUI.a(GUI_Paint.c.o)
                              CMakeFiles/main.dir/main.c.o (Paint_NewImage)
lib/Rasteriser/libRasteriser.a(cube.c.o)
                              CMakeFiles/main.dir/main.c.o (cube)
lib/Rasteriser/libRasteriser.a(rasteriser.c.o)
                              CMakeFiles/main.dir/main.c.o (draw)
lib/Config/libConfig.a(DEV_Config.c.o)
                              CMakeFiles/main.dir/main.c.o (DEV_Delay_ms)
/usr/lib/gcc/arm-none-eabi/16.1.0/thumb/v6-m/nofp/libgcc.a(_dvmd_tls.o)
                              CMakeFiles/main.dir/home/alexander/Programming/rp2xxx/pico-sdk/src/rp2_common/pico_divider/divider_hardware.S.o (__aeabi_idiv0)
/usr/lib/gcc/arm-none-eabi/16.1.0/../../../../arm-none-eabi/lib/thumb/v6-m/nofp/libg.a(libc_a-calloc.o)
                              CMakeFiles/main.dir/home/alexander/Programming/rp2xxx/pico-sdk/src/rp2_common/pico_malloc/malloc.c.o (calloc)
/usr/lib/gcc/arm-none-eabi/16.1.0/../../../../arm-none-eabi/lib/thumb/v6-m/nofp/libg.a(libc_a-callocr.o)
                              /usr/lib/gcc/arm-none-eabi/16.1.0/../../../../arm-none-eabi/lib/thumb/v6-m/nofp/libg.a(libc_a-calloc.o) (_calloc_r)
/usr/lib/gcc/arm-none-eabi/16.1.0/../../../../arm-none-eabi/lib/thumb/v6-m/nofp/libg.a(libc_a-malloc.o)
                              CMakeFiles/main.dir/home/alexander/Programming/rp2xxx/pico-sdk/src/rp2_common/pico_malloc/malloc.c.o (malloc)
/usr/lib/gcc/arm-none-eabi/16.1.0/../../../../arm-none-eabi/lib/thumb/v6-m/nofp/libg.a(libc_a-mallocr.o)
                              /usr/lib/gcc/arm-none-eabi/16.1.0/../../../../arm-none-eabi/lib/thumb/v6-m/nofp/libg.a(libc_a-callocr.o) (_malloc_r)
/usr/lib/gcc/arm-none-eabi/16.1.0/../../../../arm-none-eabi/lib/thumb/v6-m/nofp/libg.a(libc_a-mlock.o)
                              /usr/lib/gcc/arm-none-eabi/16.1.0/../../../../arm-none-eabi/lib/thumb/v6-m/nofp/libg.a(libc_a-mallocr.o) (__malloc_lock)
/usr/lib/gcc/arm-none-eabi/16.1.0/../../../../arm-none-eabi/lib/thumb/v6-m/nofp/libg.a(libc_a-realloc.o)
                              CMakeFiles/main.dir/home/alexander/Programming/rp2xxx/pico-sdk/src/rp2_common/pico_malloc/malloc.c.o (realloc)
/usr/lib/gcc/arm-none-eabi/16.1.0/../../../../arm-none-eabi/lib/thumb/v6-m/nofp/libg.a(libc_a-reallocr.o)
                              /usr/lib/gcc/arm-none-eabi/16.1.0/../../../../arm-none-eabi/lib/thumb/v6-m/nofp/libg.a(libc_a-realloc.o) (_realloc_r)
/usr/lib/gcc/arm-none-eabi/16.1.0/../../../../arm-none-eabi/lib/thumb/v6-m/nofp/libg.a(libc_a-memcmp.o)
                              CMakeFiles/main.dir/home/alexander/Programming/rp2xxx/pico-sdk/src/rp2_common/pico_atomic/atomic.c.o (memcmp)
/usr/lib/gcc/arm-none-eabi/16.1.0/../../../../arm-none-eabi/lib/thumb/v6-m/nofp/libg.a(libc_a-memmove.o)
                              /usr/lib/gcc/arm-none-eabi/16.1.0/../../../../arm-none-eabi/lib/thumb/v6-m/nofp/libg.a(libc_a-reallocr.o) (memmove)
/usr/lib/gcc/arm-none-eabi/16.1.0/../../../../arm-none-eabi/lib/thumb/v6-m/nofp/libg.a(libc_a-lcltime_r.o)
                              CMakeFiles/main.dir/home/alexander/Programming/rp2xxx/pico-sdk/src/common/pico_util/datetime.c.o (localtime_r)
/usr/lib/gcc/arm-none-eabi/16.1.0/../../../../arm-none-eabi/lib/thumb/v6-m/nofp/libg.a(libc_a-mktime.o)
                              CMakeFiles/main.dir/home/alexander/Programming/rp2xxx/pico-sdk/src/common/pico_util/datetime.c.o (mktime)
/usr/lib/gcc/arm-none-eabi/16.1.0/../../../../arm-none-eabi/lib/thumb/v6-m/nofp/libg.a(libc_a-month_lengths.o)
                              /usr/lib/gcc/arm-none-eabi/16.1.0/../../../../arm-none-eabi/lib/thumb/v6-m/nofp/libg.a(libc_a-lcltime_r.o) (__month_lengths)
/usr/lib/gcc/arm-none-eabi/16.1.0/../../../../arm-none-eabi/lib/thumb/v6-m/nofp/libg.a(libc_a-tzcalc_limits.o)
                              /usr/lib/gcc/arm-none-eabi/16.1.0/../../../../arm-none-eabi/lib/thumb/v6-m/nofp/libg.a(libc_a-lcltime_r.o) (__tzcalc_limits)
/usr/lib/gcc/arm-none-eabi/16.1.0/../../../../arm-none-eabi/lib/thumb/v6-m/nofp/libg.a(libc_a-tzlock.o)
                              /usr/lib/gcc/arm-none-eabi/16.1.0/../../../../arm-none-eabi/lib/thumb/v6-m/nofp/libg.a(libc_a-lcltime_r.o) (__tz_lock)
/usr/lib/gcc/arm-none-eabi/16.1.0/../../../../arm-none-eabi/lib/thumb/v6-m/nofp/libg.a(libc_a-tzset.o)
                              /usr/lib/gcc/arm-none-eabi/16.1.0/../../../../arm-none-eabi/lib/thumb/v6-m/nofp/libg.a(libc_a-lcltime_r.o) (_tzset_unlocked)
/usr/lib/gcc/arm-none-eabi/16.1.0/../../../../arm-none-eabi/lib/thumb/v6-m/nofp/libg.a(libc_a-tzset_r.o)
                              /usr/lib/gcc/arm-none-eabi/16.1.0/../../../../arm-none-eabi/lib/thumb/v6-m/nofp/libg.a(libc_a-tzset.o) (_tzset_unlocked_r)
/usr/lib/gcc/arm-none-eabi/16.1.0/../../../../arm-none-eabi/lib/thumb/v6-m/nofp/libg.a(libc_a-tzvars.o)
[...]
Memory Configuration

Name             Origin             Length             Attributes
FLASH            0x10000000         0x00400000         xr
XIP_RAM          0x15000000         0x00004000         xrw
RAM              0x20000000         0x00040000         xrw
SCRATCH_X        0x20040000         0x00001000         xrw
SCRATCH_Y        0x20041000         0x00001000         xrw
*default*        0x00000000         0xffffffff

Linker script and memory map

                0x20000000                        RAM_ORIGIN_DEFAULT = 0x20000000
                0x00040000                        RAM_LENGTH_DEFAULT = 0x40000
                0x20040000                        SCRATCH_X_ORIGIN_DEFAULT = 0x20040000
                0x00001000                        SCRATCH_X_LENGTH_DEFAULT = 0x1000
                0x20041000                        SCRATCH_Y_ORIGIN_DEFAULT = 0x20041000
                0x00001000                        SCRATCH_Y_LENGTH_DEFAULT = 0x1000
                0x15000000                        XIP_RAM_ORIGIN_DEFAULT = 0x15000000
                0x00004000                        XIP_RAM_LENGTH_DEFAULT = 0x4000
LOAD CMakeFiles/main.dir/main.c.o
LOAD CMakeFiles/main.dir/home/alexander/Programming/rp2xxx/pico-sdk/src/rp2_common/pico_stdlib/stdlib.c.o
LOAD CMakeFiles/main.dir/home/alexander/Programming/rp2xxx/pico-sdk/src/rp2_common/hardware_gpio/gpio.c.o
LOAD CMakeFiles/main.dir/home/alexander/Programming/rp2xxx/pico-sdk/src/rp2040/pico_platform/platform.c.o
LOAD CMakeFiles/main.dir/home/alexander/Programming/rp2xxx/pico-sdk/src/rp2_common/pico_platform_common/common.c.o
LOAD CMakeFiles/main.dir/home/alexander/Programming/rp2xxx/pico-sdk/src/rp2_common/pico_platform_panic/panic.c.o
LOAD CMakeFiles/main.dir/home/alexander/Programming/rp2xxx/pico-sdk/src/rp2_common/pico_platform_panic/custom_panic_function.S.o
LOAD CMakeFiles/main.dir/home/alexander/Programming/rp2xxx/pico-sdk/src/common/hardware_claim/claim.c.o
LOAD CMakeFiles/main.dir/home/alexander/Programming/rp2xxx/pico-sdk/src/rp2_common/hardware_sync/sync.c.o
LOAD CMakeFiles/main.dir/home/alexander/Programming/rp2xxx/pico-sdk/src/rp2_common/hardware_sync_spin_lock/sync_spin_lock.c.o
LOAD CMakeFiles/main.dir/home/alexander/Programming/rp2xxx/pico-sdk/src/rp2_common/hardware_irq/irq.c.o
LOAD CMakeFiles/main.dir/home/alexander/Programming/rp2xxx/pico-sdk/src/rp2_common/hardware_irq/irq_handler_chain.S.o
LOAD CMakeFiles/main.dir/home/alexander/Programming/rp2xxx/pico-sdk/src/common/pico_sync/sem.c.o
LOAD CMakeFiles/main.dir/home/alexander/Programming/rp2xxx/pico-sdk/src/common/pico_sync/lock_core.c.o
LOAD CMakeFiles/main.dir/home/alexander/Programming/rp2xxx/pico-sdk/src/common/pico_sync/mutex.c.o
LOAD CMakeFiles/main.dir/home/alexander/Programming/rp2xxx/pico-sdk/src/common/pico_sync/critical_section.c.o
LOAD CMakeFiles/main.dir/home/alexander/Programming/rp2xxx/pico-sdk/src/common/pico_time/time.c.o
LOAD CMakeFiles/main.dir/home/alexander/Programming/rp2xxx/pico-sdk/src/common/pico_time/timeout_helper.c.o
LOAD CMakeFiles/main.dir/home/alexander/Programming/rp2xxx/pico-sdk/src/rp2_common/hardware_timer/timer.c.o
LOAD CMakeFiles/main.dir/home/alexander/Programming/rp2xxx/pico-sdk/src/common/pico_util/datetime.c.o
LOAD CMakeFiles/main.dir/home/alexander/Programming/rp2xxx/pico-sdk/src/common/pico_util/fixed_bitset.c.o
LOAD CMakeFiles/main.dir/home/alexander/Programming/rp2xxx/pico-sdk/src/common/pico_util/pheap.c.o
LOAD CMakeFiles/main.dir/home/alexander/Programming/rp2xxx/pico-sdk/src/common/pico_util/queue.c.o
LOAD CMakeFiles/main.dir/home/alexander/Programming/rp2xxx/pico-sdk/src/rp2_common/hardware_uart/uart.c.o
LOAD CMakeFiles/main.dir/home/alexander/Programming/rp2xxx/pico-sdk/src/rp2_common/hardware_clocks/clocks.c.o
LOAD CMakeFiles/main.dir/home/alexander/Programming/rp2xxx/pico-sdk/src/rp2_common/hardware_pll/pll.c.o
LOAD CMakeFiles/main.dir/home/alexander/Programming/rp2xxx/pico-sdk/src/rp2_common/hardware_vreg/vreg.c.o
LOAD CMakeFiles/main.dir/home/alexander/Programming/rp2xxx/pico-sdk/src/rp2_common/hardware_watchdog/watchdog.c.o
LOAD CMakeFiles/main.dir/home/alexander/Programming/rp2xxx/pico-sdk/src/rp2_common/hardware_ticks/ticks.c.o
LOAD CMakeFiles/main.dir/home/alexander/Programming/rp2xxx/pico-sdk/src/rp2_common/pico_bootrom/bootrom.c.o
LOAD CMakeFiles/main.dir/home/alexander/Programming/rp2xxx/pico-sdk/src/rp2_common/pico_bootrom/bootrom_lock.c.o
LOAD CMakeFiles/main.dir/home/alexander/Programming/rp2xxx/pico-sdk/src/rp2_common/hardware_boot_lock/boot_lock.c.o
LOAD CMakeFiles/main.dir/home/alexander/Programming/rp2xxx/pico-sdk/src/rp2_common/pico_flash/flash.c.o
LOAD CMakeFiles/main.dir/home/alexander/Programming/rp2xxx/pico-sdk/src/rp2_common/hardware_xosc/xosc.c.o
LOAD CMakeFiles/main.dir/home/alexander/Programming/rp2xxx/pico-sdk/src/rp2_common/hardware_divider/divider.S.o
LOAD CMakeFiles/main.dir/home/alexander/Programming/rp2xxx/pico-sdk/src/rp2_common/pico_runtime/runtime.c.o
LOAD CMakeFiles/main.dir/home/alexander/Programming/rp2xxx/pico-sdk/src/rp2_common/pico_runtime_init/runtime_init.c.o
LOAD CMakeFiles/main.dir/home/alexander/Programming/rp2xxx/pico-sdk/src/rp2_common/pico_runtime_init/runtime_init_clocks.c.o
LOAD CMakeFiles/main.dir/home/alexander/Programming/rp2xxx/pico-sdk/src/rp2_common/pico_runtime_init/runtime_init_stack_guard.c.o
LOAD CMakeFiles/main.dir/home/alexander/Programming/rp2xxx/pico-sdk/src/rp2_common/hardware_rtc/rtc.c.o
LOAD CMakeFiles/main.dir/home/alexander/Programming/rp2xxx/pico-sdk/src/rp2_common/pico_bit_ops/bit_ops_aeabi.S.o
LOAD CMakeFiles/main.dir/home/alexander/Programming/rp2xxx/pico-sdk/src/rp2_common/pico_divider/divider_hardware.S.o
LOAD CMakeFiles/main.dir/home/alexander/Programming/rp2xxx/pico-sdk/src/rp2_common/pico_double/double_aeabi_rp2040.S.o
LOAD CMakeFiles/main.dir/home/alexander/Programming/rp2xxx/pico-sdk/src/rp2_common/pico_double/double_init_rom_rp2040.c.o
LOAD CMakeFiles/main.dir/home/alexander/Programming/rp2xxx/pico-sdk/src/rp2_common/pico_double/double_math.c.o
LOAD CMakeFiles/main.dir/home/alexander/Programming/rp2xxx/pico-sdk/src/rp2_common/pico_double/double_v1_rom_shim_rp2040.S.o
LOAD CMakeFiles/main.dir/home/alexander/Programming/rp2xxx/pico-sdk/src/rp2_common/pico_int64_ops/pico_int64_ops_aeabi.S.o
LOAD CMakeFiles/main.dir/home/alexander/Programming/rp2xxx/pico-sdk/src/rp2_common/pico_float/float_aeabi_rp2040.S.o
LOAD CMakeFiles/main.dir/home/alexander/Programming/rp2xxx/pico-sdk/src/rp2_common/pico_float/float_init_rom_rp2040.c.o
LOAD CMakeFiles/main.dir/home/alexander/Programming/rp2xxx/pico-sdk/src/rp2_common/pico_float/float_math.c.o
LOAD CMakeFiles/main.dir/home/alexander/Programming/rp2xxx/pico-sdk/src/rp2_common/pico_float/float_v1_rom_shim_rp2040.S.o
LOAD CMakeFiles/main.dir/home/alexander/Programming/rp2xxx/pico-sdk/src/rp2_common/pico_malloc/malloc.c.o
LOAD CMakeFiles/main.dir/home/alexander/Programming/rp2xxx/pico-sdk/src/rp2_common/pico_mem_ops/mem_ops_aeabi.S.o
LOAD CMakeFiles/main.dir/home/alexander/Programming/rp2xxx/pico-sdk/src/rp2_common/pico_atomic/atomic.c.o
LOAD CMakeFiles/main.dir/home/alexander/Programming/rp2xxx/pico-sdk/src/rp2_common/pico_cxx_options/new_delete.cpp.o
LOAD CMakeFiles/main.dir/home/alexander/Programming/rp2xxx/pico-sdk/src/rp2_common/pico_standard_binary_info/standard_binary_info.c.o
LOAD CMakeFiles/main.dir/home/alexander/Programming/rp2xxx/pico-sdk/src/rp2_common/pico_printf/printf.c.o
LOAD CMakeFiles/main.dir/home/alexander/Programming/rp2xxx/pico-sdk/src/rp2_common/pico_crt0/crt0.S.o
LOAD CMakeFiles/main.dir/home/alexander/Programming/rp2xxx/pico-sdk/src/rp2_common/pico_clib_interface/newlib_interface.c.o
LOAD CMakeFiles/main.dir/home/alexander/Programming/rp2xxx/pico-sdk/src/rp2_common/pico_clib_interface/cxa_guard.c.o
LOAD CMakeFiles/main.dir/home/alexander/Programming/rp2xxx/pico-sdk/src/rp2_common/pico_stdio/stdio.c.o
LOAD CMakeFiles/main.dir/home/alexander/Programming/rp2xxx/pico-sdk/src/rp2_common/pico_stdio_uart/stdio_uart.c.o
LOAD CMakeFiles/main.dir/home/alexander/Programming/rp2xxx/pico-sdk/src/rp2_common/pico_stdio_usb/stdio_usb.c.o
LOAD CMakeFiles/main.dir/home/alexander/Programming/rp2xxx/pico-sdk/src/rp2_common/pico_stdio_usb/stdio_usb_descriptors.c.o
LOAD CMakeFiles/main.dir/home/alexander/Programming/rp2xxx/pico-sdk/src/rp2_common/pico_unique_id/unique_id.c.o
LOAD CMakeFiles/main.dir/home/alexander/Programming/rp2xxx/pico-sdk/src/rp2_common/hardware_flash/flash.c.o
LOAD CMakeFiles/main.dir/home/alexander/Programming/rp2xxx/pico-sdk/src/rp2_common/hardware_xip_cache/xip_cache.c.o
LOAD CMakeFiles/main.dir/home/alexander/Programming/rp2xxx/pico-sdk/src/rp2_common/pico_usb_reset/usb_reset.c.o
LOAD CMakeFiles/main.dir/home/alexander/Programming/rp2xxx/pico-sdk/lib/tinyusb/src/portable/raspberrypi/rp2040/dcd_rp2040.c.o
LOAD CMakeFiles/main.dir/home/alexander/Programming/rp2xxx/pico-sdk/lib/tinyusb/src/portable/raspberrypi/rp2040/rp2040_usb.c.o
LOAD CMakeFiles/main.dir/home/alexander/Programming/rp2xxx/pico-sdk/lib/tinyusb/src/device/usbd.c.o
LOAD CMakeFiles/main.dir/home/alexander/Programming/rp2xxx/pico-sdk/lib/tinyusb/src/device/usbd_control.c.o
LOAD CMakeFiles/main.dir/home/alexander/Programming/rp2xxx/pico-sdk/lib/tinyusb/src/class/audio/audio_device.c.o
LOAD CMakeFiles/main.dir/home/alexander/Programming/rp2xxx/pico-sdk/lib/tinyusb/src/class/cdc/cdc_device.c.o
LOAD CMakeFiles/main.dir/home/alexander/Programming/rp2xxx/pico-sdk/lib/tinyusb/src/class/dfu/dfu_device.c.o
LOAD CMakeFiles/main.dir/home/alexander/Programming/rp2xxx/pico-sdk/lib/tinyusb/src/class/dfu/dfu_rt_device.c.o
LOAD CMakeFiles/main.dir/home/alexander/Programming/rp2xxx/pico-sdk/lib/tinyusb/src/class/hid/hid_device.c.o
LOAD CMakeFiles/main.dir/home/alexander/Programming/rp2xxx/pico-sdk/lib/tinyusb/src/class/midi/midi_device.c.o
LOAD CMakeFiles/main.dir/home/alexander/Programming/rp2xxx/pico-sdk/lib/tinyusb/src/class/msc/msc_device.c.o
LOAD CMakeFiles/main.dir/home/alexander/Programming/rp2xxx/pico-sdk/lib/tinyusb/src/class/net/ecm_rndis_device.c.o
LOAD CMakeFiles/main.dir/home/alexander/Programming/rp2xxx/pico-sdk/lib/tinyusb/src/class/net/ncm_device.c.o
LOAD CMakeFiles/main.dir/home/alexander/Programming/rp2xxx/pico-sdk/lib/tinyusb/src/class/usbtmc/usbtmc_device.c.o
LOAD CMakeFiles/main.dir/home/alexander/Programming/rp2xxx/pico-sdk/lib/tinyusb/src/class/vendor/vendor_device.c.o
LOAD CMakeFiles/main.dir/home/alexander/Programming/rp2xxx/pico-sdk/lib/tinyusb/src/class/video/video_device.c.o
LOAD CMakeFiles/main.dir/home/alexander/Programming/rp2xxx/pico-sdk/lib/tinyusb/src/tusb.c.o
LOAD CMakeFiles/main.dir/home/alexander/Programming/rp2xxx/pico-sdk/lib/tinyusb/src/common/tusb_fifo.c.o
LOAD CMakeFiles/main.dir/home/alexander/Programming/rp2xxx/pico-sdk/src/rp2_common/pico_fix/rp2040_usb_device_enumeration/rp2040_usb_device_enumeration.c.o
LOAD CMakeFiles/main.dir/home/alexander/Programming/rp2xxx/pico-sdk/src/rp2_common/pico_thread_local/thread_local.c.o
LOAD CMakeFiles/main.dir/home/alexander/Programming/rp2xxx/pico-sdk/src/rp2_common/hardware_spi/spi.c.o
LOAD CMakeFiles/main.dir/home/alexander/Programming/rp2xxx/pico-sdk/src/rp2_common/hardware_i2c/i2c.c.o
LOAD CMakeFiles/main.dir/home/alexander/Programming/rp2xxx/pico-sdk/src/rp2_common/hardware_adc/adc.c.o
LOAD CMakeFiles/main.dir/home/alexander/Programming/rp2xxx/pico-sdk/src/rp2_common/hardware_dma/dma.c.o
LOAD pico-sdk/src/rp2040/boot_stage2/CMakeFiles/bs2_default_library.dir/bs2_default_padded_checksummed.S.o
LOAD lib/LCD/libLCD.a
LOAD lib/Touch/libTouch.a
LOAD lib/QMI8658/libQMI8658.a
LOAD lib/GUI/libGUI.a
LOAD lib/Rasteriser/libRasteriser.a
LOAD lib/Config/libConfig.a
LOAD /usr/lib/gcc/arm-none-eabi/16.1.0/../../../../arm-none-eabi/lib/thumb/v6-m/nofp/libstdc++.a
LOAD /usr/lib/gcc/arm-none-eabi/16.1.0/../../../../arm-none-eabi/lib/thumb/v6-m/nofp/libm.a
START GROUP
LOAD /usr/lib/gcc/arm-none-eabi/16.1.0/thumb/v6-m/nofp/libgcc.a
LOAD /usr/lib/gcc/arm-none-eabi/16.1.0/../../../../arm-none-eabi/lib/thumb/v6-m/nofp/libg.a
LOAD /usr/lib/gcc/arm-none-eabi/16.1.0/../../../../arm-none-eabi/lib/thumb/v6-m/nofp/libc.a
END GROUP
                0x20000000                        PROVIDE (RAM_ORIGIN = RAM_ORIGIN_DEFAULT)
                0x00040000                        PROVIDE (RAM_LENGTH = RAM_LENGTH_DEFAULT)
                0x20040000                        PROVIDE (SCRATCH_X_ORIGIN = SCRATCH_X_ORIGIN_DEFAULT)
                0x00001000                        PROVIDE (SCRATCH_X_LENGTH = SCRATCH_X_LENGTH_DEFAULT)
                0x20041000                        PROVIDE (SCRATCH_Y_ORIGIN = SCRATCH_Y_ORIGIN_DEFAULT)
                0x00001000                        PROVIDE (SCRATCH_Y_LENGTH = SCRATCH_Y_LENGTH_DEFAULT)
                0x15000000                        PROVIDE (XIP_RAM_ORIGIN = XIP_RAM_ORIGIN_DEFAULT)
                0x00004000                        PROVIDE (XIP_RAM_LENGTH = XIP_RAM_LENGTH_DEFAULT)
                0x20000000                        RAM_ORIGIN = DEFINED (RAM_ORIGIN)?RAM_ORIGIN:RAM_ORIGIN_DEFAULT
                0x00040000                        RAM_LENGTH = DEFINED (RAM_LENGTH)?RAM_LENGTH:RAM_LENGTH_DEFAULT
                0x20040000                        SCRATCH_X_ORIGIN = DEFINED (SCRATCH_X_ORIGIN)?SCRATCH_X_ORIGIN:SCRATCH_X_ORIGIN_DEFAULT
                0x00001000                        SCRATCH_X_LENGTH = DEFINED (SCRATCH_X_LENGTH)?SCRATCH_X_LENGTH:SCRATCH_X_LENGTH_DEFAULT
                0x20041000                        SCRATCH_Y_ORIGIN = DEFINED (SCRATCH_Y_ORIGIN)?SCRATCH_Y_ORIGIN:SCRATCH_Y_ORIGIN_DEFAULT
                0x00001000                        SCRATCH_Y_LENGTH = DEFINED (SCRATCH_Y_LENGTH)?SCRATCH_Y_LENGTH:SCRATCH_Y_LENGTH_DEFAULT
                0x15000000                        XIP_RAM_ORIGIN = DEFINED (XIP_RAM_ORIGIN)?XIP_RAM_ORIGIN:XIP_RAM_ORIGIN_DEFAULT
                0x00004000                        XIP_RAM_LENGTH = DEFINED (XIP_RAM_LENGTH)?XIP_RAM_LENGTH:XIP_RAM_LENGTH_DEFAULT

.flash_begin    0x10000000        0x0
                0x10000000                        __flash_binary_start = .

.boot2          0x10000000      0x100
                0x10000000                        __boot2_start__ = .
 *(.boot2)
 .boot2         0x10000000      0x100 pico-sdk/src/rp2040/boot_stage2/CMakeFiles/bs2_default_library.dir/bs2_default_padded_checksummed.S.o
                0x10000100                        __boot2_end__ = .
                0x00000001                        ASSERT (((__boot2_end__ - __boot2_start__) == 0x100), ERROR: Pico second stage bootloader must be exactly 256 bytes in size for RP2040)

.text           0x10000100     0x5fd0
                0x10000100                        __logical_binary_start = .
 *(.vectors)
 .vectors       0x10000100       0xd4 CMakeFiles/main.dir/home/alexander/Programming/rp2xxx/pico-sdk/src/rp2_common/pico_crt0/crt0.S.o
                0x10000100                __vectors
                0x10000100                __VECTOR_TABLE
                0x100001c0                isr_irq30
                0x100001c0                __unhandled_user_irq
                0x100001c0                isr_irq13
                0x100001c0                isr_irq27
                0x100001c0                isr_irq31
                0x100001c0                isr_irq5
                0x100001c0                isr_irq11
                0x100001c0                isr_irq23
                0x100001c0                isr_irq18
                0x100001c0                isr_irq28
                0x100001c0                isr_irq19
                0x100001c0                isr_irq0
                0x100001c0                isr_irq6
                0x100001c0                isr_irq22
                0x100001c0                isr_irq17
                0x100001c0                isr_irq14
                0x100001c0                __vectors_end
                0x100001c0                __default_isrs_start
                0x100001c0                isr_irq2
                0x100001c0                isr_irq10
                0x100001c0                isr_irq8
                0x100001c0                isr_irq24
                0x100001c0                isr_irq1
                0x100001c0                isr_irq7
                0x100001c0                isr_irq21
                0x100001c0                isr_irq20
                0x100001c0                isr_irq15
                0x100001c0                isr_irq25
                0x100001c0                isr_irq4
                0x100001c0                isr_irq16
                0x100001c0                isr_irq29
                0x100001c0                isr_irq26
                0x100001c0                isr_irq3
                0x100001c0                isr_irq12
                0x100001c0                isr_irq9
                0x100001c6                unhandled_user_irq_num_in_r0
                0x100001c8                isr_invalid
                0x100001ca                isr_nmi
                0x100001cc                isr_hardfault
                0x100001ce                isr_svcall
                0x100001d0                isr_pendsv
                0x100001d2                isr_systick
                0x100001d4                __default_isrs_end
 *(.binary_info_header)
 .binary_info_header
                0x100001d4       0x14 CMakeFiles/main.dir/home/alexander/Programming/rp2xxx/pico-sdk/src/rp2_common/pico_crt0/crt0.S.o
                0x100001e8                        __binary_info_header_end = .
 *(.embedded_block)
                0x100001e8                        __embedded_block_end = .
 *(.reset)
 .reset         0x100001e8       0x98 CMakeFiles/main.dir/home/alexander/Programming/rp2xxx/pico-sdk/src/rp2_common/pico_crt0/crt0.S.o
                0x100001e8                _entry_point
 *(.init)
 *libgcc.a:cmse_nonsecure_call.o()
 *(EXCLUDE_FILE(*libm.a: *lib*_a-mem*.o *libc.a: *libgcc.a:) .text*)
 .text.spin_cube
                0x10000280      0x324 CMakeFiles/main.dir/main.c.o
                0x10000280                spin_cube
 .text.startup.main
                0x100005a4       0x54 CMakeFiles/main.dir/main.c.o
                0x100005a4                main
 .text.gpio_set_function
                0x100005f8       0x34 CMakeFiles/main.dir/home/alexander/Programming/rp2xxx/pico-sdk/src/rp2_common/hardware_gpio/gpio.c.o
                0x100005f8                gpio_set_function
 .text.gpio_set_pulls
                0x1000062c       0x20 CMakeFiles/main.dir/home/alexander/Programming/rp2xxx/pico-sdk/src/rp2_common/hardware_gpio/gpio.c.o
                0x1000062c                gpio_set_pulls
 .text.gpio_set_input_enabled
                0x1000064c       0x24 CMakeFiles/main.dir/home/alexander/Programming/rp2xxx/pico-sdk/src/rp2_common/hardware_gpio/gpio.c.o
                0x1000064c                gpio_set_input_enabled
 .text.gpio_init
                0x10000670       0x38 CMakeFiles/main.dir/home/alexander/Programming/rp2xxx/pico-sdk/src/rp2_common/hardware_gpio/gpio.c.o
                0x10000670                gpio_init
 .text.rp2040_chip_version
                0x100006a8        0xc CMakeFiles/main.dir/home/alexander/Programming/rp2xxx/pico-sdk/src/rp2040/pico_platform/platform.c.o
                0x100006a8                rp2040_chip_version
 .text.panic    0x100006b4       0x30 CMakeFiles/main.dir/home/alexander/Programming/rp2xxx/pico-sdk/src/rp2_common/pico_platform_panic/panic.c.o
                0x100006b4                panic
 .text.hw_claim_or_assert
                0x100006e4       0x50 CMakeFiles/main.dir/home/alexander/Programming/rp2xxx/pico-sdk/src/common/hardware_claim/claim.c.o
                0x100006e4                hw_claim_or_assert
 .text.hw_claim_unused_from_range
                0x10000734       0x88 CMakeFiles/main.dir/home/alexander/Programming/rp2xxx/pico-sdk/src/common/hardware_claim/claim.c.o
                0x10000734                hw_claim_unused_from_range
 .text.next_striped_spin_lock_num
                0x100007bc       0x18 CMakeFiles/main.dir/home/alexander/Programming/rp2xxx/pico-sdk/src/rp2_common/hardware_sync/sync.c.o
                0x100007bc                next_striped_spin_lock_num
 .text.spin_lock_claim_unused
                0x100007d4       0x20 CMakeFiles/main.dir/home/alexander/Programming/rp2xxx/pico-sdk/src/rp2_common/hardware_sync/sync.c.o
                0x100007d4                spin_lock_claim_unused
 .text.spin_locks_reset
                0x100007f4       0x1c CMakeFiles/main.dir/home/alexander/Programming/rp2xxx/pico-sdk/src/rp2_common/hardware_sync_spin_lock/sync_spin_lock.c.o
                0x100007f4                spin_locks_reset
 .text.runtime_init_per_core_irq_priorities
                0x10000810       0x48 CMakeFiles/main.dir/home/alexander/Programming/rp2xxx/pico-sdk/src/rp2_common/hardware_irq/irq.c.o
                0x10000810                runtime_init_per_core_irq_priorities
 .text.irq_set_enabled
                0x10000858       0x24 CMakeFiles/main.dir/home/alexander/Programming/rp2xxx/pico-sdk/src/rp2_common/hardware_irq/irq.c.o
                0x10000858                irq_set_enabled
 .text.irq_is_enabled
                0x1000087c       0x18 CMakeFiles/main.dir/home/alexander/Programming/rp2xxx/pico-sdk/src/rp2_common/hardware_irq/irq.c.o
                0x1000087c                irq_is_enabled
 .text.irq_set_pending
                0x10000894       0x10 CMakeFiles/main.dir/home/alexander/Programming/rp2xxx/pico-sdk/src/rp2_common/hardware_irq/irq.c.o
                0x10000894                irq_set_pending
 .text.irq_has_shared_handler
                0x100008a4       0x20 CMakeFiles/main.dir/home/alexander/Programming/rp2xxx/pico-sdk/src/rp2_common/hardware_irq/irq.c.o
                0x100008a4                irq_has_shared_handler
 .text.irq_set_exclusive_handler
                0x100008c4       0x54 CMakeFiles/main.dir/home/alexander/Programming/rp2xxx/pico-sdk/src/rp2_common/hardware_irq/irq.c.o
                0x100008c4                irq_set_exclusive_handler
 .text.irq_add_shared_handler
                0x10000918      0x1b8 CMakeFiles/main.dir/home/alexander/Programming/rp2xxx/pico-sdk/src/rp2_common/hardware_irq/irq.c.o
                0x10000918                irq_add_shared_handler
 .text.irq_remove_handler
                0x10000ad0      0x1bc CMakeFiles/main.dir/home/alexander/Programming/rp2xxx/pico-sdk/src/rp2_common/hardware_irq/irq.c.o
                0x10000ad0                irq_remove_handler
 .text.irq_add_tail_to_free_list
                0x10000c8c       0xcc CMakeFiles/main.dir/home/alexander/Programming/rp2xxx/pico-sdk/src/rp2_common/hardware_irq/irq.c.o
                0x10000c8c                irq_add_tail_to_free_list
 .text.user_irq_claim_unused
                0x10000d58       0x28 CMakeFiles/main.dir/home/alexander/Programming/rp2xxx/pico-sdk/src/rp2_common/hardware_irq/irq.c.o
                0x10000d58                user_irq_claim_unused
 .text.lock_init
                0x10000d80       0x10 CMakeFiles/main.dir/home/alexander/Programming/rp2xxx/pico-sdk/src/common/pico_sync/lock_core.c.o
                0x10000d80                lock_init
 .text.runtime_init_mutex
                0x10000d90       0x5c CMakeFiles/main.dir/home/alexander/Programming/rp2xxx/pico-sdk/src/common/pico_sync/mutex.c.o
                0x10000d90                runtime_init_mutex
 .text.mutex_init
                0x10000dec       0x1c CMakeFiles/main.dir/home/alexander/Programming/rp2xxx/pico-sdk/src/common/pico_sync/mutex.c.o
                0x10000dec                mutex_init
 .text.critical_section_init
                0x10000e08       0x1c CMakeFiles/main.dir/home/alexander/Programming/rp2xxx/pico-sdk/src/common/pico_sync/critical_section.c.o
                0x10000e08                critical_section_init
 .text.critical_section_init_with_lock_num
                0x10000e24       0x14 CMakeFiles/main.dir/home/alexander/Programming/rp2xxx/pico-sdk/src/common/pico_sync/critical_section.c.o
                0x10000e24                critical_section_init_with_lock_num
 .text.sleep_until_callback
                0x10000e38       0x30 CMakeFiles/main.dir/home/alexander/Programming/rp2xxx/pico-sdk/src/common/pico_time/time.c.o
 .text.alarm_pool_irq_handler
                0x10000e68      0x310 CMakeFiles/main.dir/home/alexander/Programming/rp2xxx/pico-sdk/src/common/pico_time/time.c.o
 .text.runtime_init_default_alarm_pool
                0x10001178       0xd8 CMakeFiles/main.dir/home/alexander/Programming/rp2xxx/pico-sdk/src/common/pico_time/time.c.o
                0x10001178                runtime_init_default_alarm_pool
 .text.alarm_pool_get_default
                0x10001250        0x8 CMakeFiles/main.dir/home/alexander/Programming/rp2xxx/pico-sdk/src/common/pico_time/time.c.o
                0x10001250                alarm_pool_get_default
 .text.alarm_pool_add_alarm_at
                0x10001258       0xcc CMakeFiles/main.dir/home/alexander/Programming/rp2xxx/pico-sdk/src/common/pico_time/time.c.o
                0x10001258                alarm_pool_add_alarm_at
 .text.alarm_pool_add_alarm_at_force_in_context
                0x10001324       0xbc CMakeFiles/main.dir/home/alexander/Programming/rp2xxx/pico-sdk/src/common/pico_time/time.c.o
                0x10001324                alarm_pool_add_alarm_at_force_in_context
 .text.alarm_pool_cancel_alarm
                0x100013e0       0x70 CMakeFiles/main.dir/home/alexander/Programming/rp2xxx/pico-sdk/src/common/pico_time/time.c.o
                0x100013e0                alarm_pool_cancel_alarm
 .text.alarm_pool_core_num
                0x10001450        0x4 CMakeFiles/main.dir/home/alexander/Programming/rp2xxx/pico-sdk/src/common/pico_time/time.c.o
                0x10001450                alarm_pool_core_num
 .text.sleep_ms
                0x10001454       0xf0 CMakeFiles/main.dir/home/alexander/Programming/rp2xxx/pico-sdk/src/common/pico_time/time.c.o
                0x10001454                sleep_ms
 .text.best_effort_wfe_or_timeout
                0x10001544       0xe8 CMakeFiles/main.dir/home/alexander/Programming/rp2xxx/pico-sdk/src/common/pico_time/time.c.o
                0x10001544                best_effort_wfe_or_timeout
 .text.timer_hardware_alarm_claim
                0x1000162c       0x14 CMakeFiles/main.dir/home/alexander/Programming/rp2xxx/pico-sdk/src/rp2_common/hardware_timer/timer.c.o
                0x1000162c                timer_hardware_alarm_claim
 .text.timer_time_us_64
                0x10001640       0x10 CMakeFiles/main.dir/home/alexander/Programming/rp2xxx/pico-sdk/src/rp2_common/hardware_timer/timer.c.o
                0x10001640                timer_time_us_64
 .text.time_us_64
                0x10001650       0x14 CMakeFiles/main.dir/home/alexander/Programming/rp2xxx/pico-sdk/src/rp2_common/hardware_timer/timer.c.o
                0x10001650                time_us_64
 .text.busy_wait_us
                0x10001664       0x6c CMakeFiles/main.dir/home/alexander/Programming/rp2xxx/pico-sdk/src/rp2_common/hardware_timer/timer.c.o
                0x10001664                busy_wait_us
 .text.busy_wait_until
                0x100016d0       0x20 CMakeFiles/main.dir/home/alexander/Programming/rp2xxx/pico-sdk/src/rp2_common/hardware_timer/timer.c.o
                0x100016d0                busy_wait_until
 .text.uart_init
                0x100016f0      0x118 CMakeFiles/main.dir/home/alexander/Programming/rp2xxx/pico-sdk/src/rp2_common/hardware_uart/uart.c.o
                0x100016f0                uart_init
 .text.clock_configure_int_divider
                0x10001808       0xe4 CMakeFiles/main.dir/home/alexander/Programming/rp2xxx/pico-sdk/src/rp2_common/hardware_clocks/clocks.c.o
                0x10001808                clock_configure_int_divider
 .text.clock_configure_undivided
                0x100018ec       0xd8 CMakeFiles/main.dir/home/alexander/Programming/rp2xxx/pico-sdk/src/rp2_common/hardware_clocks/clocks.c.o
                0x100018ec                clock_configure_undivided
 .text.clock_get_hz
                0x100019c4        0xc CMakeFiles/main.dir/home/alexander/Programming/rp2xxx/pico-sdk/src/rp2_common/hardware_clocks/clocks.c.o
                0x100019c4                clock_get_hz
 .text.pll_init
                0x100019d0       0xac CMakeFiles/main.dir/home/alexander/Programming/rp2xxx/pico-sdk/src/rp2_common/hardware_pll/pll.c.o
                0x100019d0                pll_init
 .text.watchdog_reboot
                0x10001a7c       0x98 CMakeFiles/main.dir/home/alexander/Programming/rp2xxx/pico-sdk/src/rp2_common/hardware_watchdog/watchdog.c.o
                0x10001a7c                watchdog_reboot
 .text.tick_start
                0x10001b14       0x10 CMakeFiles/main.dir/home/alexander/Programming/rp2xxx/pico-sdk/src/rp2_common/hardware_ticks/ticks.c.o
                0x10001b14                tick_start
 .text.rom_func_lookup
                0x10001b24       0x10 CMakeFiles/main.dir/home/alexander/Programming/rp2xxx/pico-sdk/src/rp2_common/pico_bootrom/bootrom.c.o
                0x10001b24                rom_func_lookup
 .text.rom_data_lookup
                0x10001b34       0x10 CMakeFiles/main.dir/home/alexander/Programming/rp2xxx/pico-sdk/src/rp2_common/pico_bootrom/bootrom.c.o
                0x10001b34                rom_data_lookup
 .text.rom_funcs_lookup
                0x10001b44       0x44 CMakeFiles/main.dir/home/alexander/Programming/rp2xxx/pico-sdk/src/rp2_common/pico_bootrom/bootrom.c.o
                0x10001b44                rom_funcs_lookup
 .text.rom_reset_usb_boot_extra
                0x10001b88       0x24 CMakeFiles/main.dir/home/alexander/Programming/rp2xxx/pico-sdk/src/rp2_common/pico_bootrom/bootrom.c.o
                0x10001b88                rom_reset_usb_boot_extra
 .text.xosc_init
                0x10001bac       0x28 CMakeFiles/main.dir/home/alexander/Programming/rp2xxx/pico-sdk/src/rp2_common/hardware_xosc/xosc.c.o
                0x10001bac                xosc_init
 .text.first_per_core_initializer
                0x10001bd4        0x4 CMakeFiles/main.dir/home/alexander/Programming/rp2xxx/pico-sdk/src/rp2_common/pico_runtime/runtime.c.o
 .text.hard_assertion_failure
                0x10001bd8        0xc CMakeFiles/main.dir/home/alexander/Programming/rp2xxx/pico-sdk/src/rp2_common/pico_runtime/runtime.c.o
                0x10001bd8                hard_assertion_failure
 .text.runtime_run_initializers
                0x10001be4       0x28 CMakeFiles/main.dir/home/alexander/Programming/rp2xxx/pico-sdk/src/rp2_common/pico_runtime/runtime.c.o
                0x10001be4                runtime_run_initializers
 .text.runtime_init_early_resets
                0x10001c0c       0x2c CMakeFiles/main.dir/home/alexander/Programming/rp2xxx/pico-sdk/src/rp2_common/pico_runtime_init/runtime_init.c.o
                0x10001c0c                runtime_init_early_resets
 .text.runtime_init_usb_power_down
                0x10001c38       0x1c CMakeFiles/main.dir/home/alexander/Programming/rp2xxx/pico-sdk/src/rp2_common/pico_runtime_init/runtime_init.c.o
                0x10001c38                runtime_init_usb_power_down
 .text.runtime_init_post_clock_resets
                0x10001c54       0x20 CMakeFiles/main.dir/home/alexander/Programming/rp2xxx/pico-sdk/src/rp2_common/pico_runtime_init/runtime_init.c.o
                0x10001c54                runtime_init_post_clock_resets
 .text.runtime_init_rp2040_gpio_ie_disable
                0x10001c74       0x14 CMakeFiles/main.dir/home/alexander/Programming/rp2xxx/pico-sdk/src/rp2_common/pico_runtime_init/runtime_init.c.o
                0x10001c74                runtime_init_rp2040_gpio_ie_disable
 .text.runtime_init_spin_locks_reset
                0x10001c88        0x8 CMakeFiles/main.dir/home/alexander/Programming/rp2xxx/pico-sdk/src/rp2_common/pico_runtime_init/runtime_init.c.o
                0x10001c88                runtime_init_spin_locks_reset
 .text.runtime_init_install_ram_vector_table
                0x10001c90       0xb4 CMakeFiles/main.dir/home/alexander/Programming/rp2xxx/pico-sdk/src/rp2_common/pico_runtime_init/runtime_init.c.o
                0x10001c90                runtime_init_install_ram_vector_table
 .text.runtime_init_clocks
                0x10001d44       0xd8 CMakeFiles/main.dir/home/alexander/Programming/rp2xxx/pico-sdk/src/rp2_common/pico_runtime_init/runtime_init_clocks.c.o
                0x10001d44                runtime_init_clocks
 .text          0x10001e1c       0x10 CMakeFiles/main.dir/home/alexander/Programming/rp2xxx/pico-sdk/src/rp2_common/pico_bit_ops/bit_ops_aeabi.S.o
 .text.__wrap___aeabi_idiv
                0x10001e2c       0x50 CMakeFiles/main.dir/home/alexander/Programming/rp2xxx/pico-sdk/src/rp2_common/pico_divider/divider_hardware.S.o
                0x10001e2c                __wrap___aeabi_idivmod
                0x10001e2c                divmod_s32s32
                0x10001e2c                div_s32s32
                0x10001e2c                __wrap___aeabi_idiv
                0x10001e60                divmod_s32s32_savestate
 .text.__wrap___aeabi_uidiv
                0x10001e7c       0x4c CMakeFiles/main.dir/home/alexander/Programming/rp2xxx/pico-sdk/src/rp2_common/pico_divider/divider_hardware.S.o
                0x10001e7c                __wrap___aeabi_uidiv
                0x10001e7c                __wrap___aeabi_uidivmod
                0x10001e7c                div_u32u32
                0x10001e7c                divmod_u32u32
                0x10001eac                divmod_u32u32_savestate
 .text.missing_double_func_shim
                0x10001ec8        0xc CMakeFiles/main.dir/home/alexander/Programming/rp2xxx/pico-sdk/src/rp2_common/pico_double/double_init_rom_rp2040.c.o
 .text.__aeabi_double_init
                0x10001ed4       0xa0 CMakeFiles/main.dir/home/alexander/Programming/rp2xxx/pico-sdk/src/rp2_common/pico_double/double_init_rom_rp2040.c.o
                0x10001ed4                __aeabi_double_init
 .text.double_table_shim_on_use_helper
                0x10001f74       0x2c CMakeFiles/main.dir/home/alexander/Programming/rp2xxx/pico-sdk/src/rp2_common/pico_double/double_v1_rom_shim_rp2040.S.o
                0x10001f74                double_table_shim_on_use_helper
 .text.__aeabi_lmul
                0x10001fa0       0x32 CMakeFiles/main.dir/home/alexander/Programming/rp2xxx/pico-sdk/src/rp2_common/pico_int64_ops/pico_int64_ops_aeabi.S.o
                0x10001fa0                __wrap___aeabi_lmul
 *fill*         0x10001fd2        0x2 
 .text.missing_float_func_shim
                0x10001fd4        0xc CMakeFiles/main.dir/home/alexander/Programming/rp2xxx/pico-sdk/src/rp2_common/pico_float/float_init_rom_rp2040.c.o
 .text.__aeabi_float_init
                0x10001fe0       0x60 CMakeFiles/main.dir/home/alexander/Programming/rp2xxx/pico-sdk/src/rp2_common/pico_float/float_init_rom_rp2040.c.o
                0x10001fe0                __aeabi_float_init
 .text          0x10002040       0x10 CMakeFiles/main.dir/home/alexander/Programming/rp2xxx/pico-sdk/src/rp2_common/pico_mem_ops/mem_ops_aeabi.S.o
                0x10002040                __aeabi_mem_init
 .text.memset   0x10002050        0xc CMakeFiles/main.dir/home/alexander/Programming/rp2xxx/pico-sdk/src/rp2_common/pico_mem_ops/mem_ops_aeabi.S.o
                0x10002050                __wrap_memset
 .text.memcpy   0x1000205c        0xc CMakeFiles/main.dir/home/alexander/Programming/rp2xxx/pico-sdk/src/rp2_common/pico_mem_ops/mem_ops_aeabi.S.o
                0x1000205c                __wrap___aeabi_memcpy
                0x1000205c                __wrap_memcpy
 .text._out_char
                0x10002068       0x10 CMakeFiles/main.dir/home/alexander/Programming/rp2xxx/pico-sdk/src/rp2_common/pico_printf/printf.c.o
 .text.weak_raw_vprintf
                0x10002078       0x30 CMakeFiles/main.dir/home/alexander/Programming/rp2xxx/pico-sdk/src/rp2_common/pico_printf/printf.c.o
                0x10002078                weak_raw_vprintf
 .text._exit    0x100020a8        0x4 CMakeFiles/main.dir/home/alexander/Programming/rp2xxx/pico-sdk/src/rp2_common/pico_clib_interface/newlib_interface.c.o
                0x100020a8                _exit
 .text._fini    0x100020ac        0x4 CMakeFiles/main.dir/home/alexander/Programming/rp2xxx/pico-sdk/src/rp2_common/pico_clib_interface/newlib_interface.c.o
                0x100020ac                _fini
 .text.exit     0x100020b0        0x8 CMakeFiles/main.dir/home/alexander/Programming/rp2xxx/pico-sdk/src/rp2_common/pico_clib_interface/newlib_interface.c.o
                0x100020b0                exit
 .text.runtime_init
                0x100020b8       0x2c CMakeFiles/main.dir/home/alexander/Programming/rp2xxx/pico-sdk/src/rp2_common/pico_clib_interface/newlib_interface.c.o
                0x100020b8                runtime_init
 .text.stdio_out_chars_no_crlf
                0x100020e4       0x10 CMakeFiles/main.dir/home/alexander/Programming/rp2xxx/pico-sdk/src/rp2_common/pico_stdio/stdio.c.o
 .text.stdio_out_chars_crlf
                0x100020f4       0x90 CMakeFiles/main.dir/home/alexander/Programming/rp2xxx/pico-sdk/src/rp2_common/pico_stdio/stdio.c.o
 .text.stdio_put_string
                0x10002184       0xf4 CMakeFiles/main.dir/home/alexander/Programming/rp2xxx/pico-sdk/src/rp2_common/pico_stdio/stdio.c.o
                0x10002184                stdio_put_string
 .text.stdio_set_driver_enabled
                0x10002278       0x30 CMakeFiles/main.dir/home/alexander/Programming/rp2xxx/pico-sdk/src/rp2_common/pico_stdio/stdio.c.o
                0x10002278                stdio_set_driver_enabled
 .text.stdio_init_all
                0x100022a8       0x10 CMakeFiles/main.dir/home/alexander/Programming/rp2xxx/pico-sdk/src/rp2_common/pico_stdio/stdio.c.o
                0x100022a8                stdio_init_all
 .text.__wrap_putchar
                0x100022b8       0x94 CMakeFiles/main.dir/home/alexander/Programming/rp2xxx/pico-sdk/src/rp2_common/pico_stdio/stdio.c.o
                0x100022b8                stdio_putchar
                0x100022b8                __wrap_putchar
 .text.__wrap_puts
                0x1000234c       0x3c CMakeFiles/main.dir/home/alexander/Programming/rp2xxx/pico-sdk/src/rp2_common/pico_stdio/stdio.c.o
                0x1000234c                __wrap_puts
                0x1000234c                stdio_puts
 .text.stdio_uart_out_chars
                0x10002388       0x4c CMakeFiles/main.dir/home/alexander/Programming/rp2xxx/pico-sdk/src/rp2_common/pico_stdio_uart/stdio_uart.c.o
 .text.stdio_uart_in_chars
                0x100023d4       0x88 CMakeFiles/main.dir/home/alexander/Programming/rp2xxx/pico-sdk/src/rp2_common/pico_stdio_uart/stdio_uart.c.o
                0x100023d4                stdio_uart_in_chars
 .text.on_uart_rx
                0x1000245c       0x28 CMakeFiles/main.dir/home/alexander/Programming/rp2xxx/pico-sdk/src/rp2_common/pico_stdio_uart/stdio_uart.c.o
 .text.stdio_uart_out_flush
                0x10002484       0x14 CMakeFiles/main.dir/home/alexander/Programming/rp2xxx/pico-sdk/src/rp2_common/pico_stdio_uart/stdio_uart.c.o
 .text.stdio_uart_set_chars_available_callback
                0x10002498       0x80 CMakeFiles/main.dir/home/alexander/Programming/rp2xxx/pico-sdk/src/rp2_common/pico_stdio_uart/stdio_uart.c.o
 .text.stdio_uart_init
                0x10002518       0x50 CMakeFiles/main.dir/home/alexander/Programming/rp2xxx/pico-sdk/src/rp2_common/pico_stdio_uart/stdio_uart.c.o
                0x10002518                stdio_uart_init
 .text.stdio_usb_set_chars_available_callback
                0x10002568       0x14 CMakeFiles/main.dir/home/alexander/Programming/rp2xxx/pico-sdk/src/rp2_common/pico_stdio_usb/stdio_usb.c.o
                0x10002568                stdio_usb_set_chars_available_callback
 .text.usb_irq  0x1000257c       0x10 CMakeFiles/main.dir/home/alexander/Programming/rp2xxx/pico-sdk/src/rp2_common/pico_stdio_usb/stdio_usb.c.o
 .text.timer_task
                0x1000258c       0x64 CMakeFiles/main.dir/home/alexander/Programming/rp2xxx/pico-sdk/src/rp2_common/pico_stdio_usb/stdio_usb.c.o
 .text.stdio_usb_in_chars
                0x100025f0       0x90 CMakeFiles/main.dir/home/alexander/Programming/rp2xxx/pico-sdk/src/rp2_common/pico_stdio_usb/stdio_usb.c.o
                0x100025f0                stdio_usb_in_chars
 .text.stdio_usb_out_flush
                0x10002680       0x4c CMakeFiles/main.dir/home/alexander/Programming/rp2xxx/pico-sdk/src/rp2_common/pico_stdio_usb/stdio_usb.c.o
 .text.stdio_usb_out_chars
                0x100026cc       0xf8 CMakeFiles/main.dir/home/alexander/Programming/rp2xxx/pico-sdk/src/rp2_common/pico_stdio_usb/stdio_usb.c.o
 .text.low_priority_worker_irq
                0x100027c4       0xc4 CMakeFiles/main.dir/home/alexander/Programming/rp2xxx/pico-sdk/src/rp2_common/pico_stdio_usb/stdio_usb.c.o
 .text.stdio_usb_init
                0x10002888       0xe8 CMakeFiles/main.dir/home/alexander/Programming/rp2xxx/pico-sdk/src/rp2_common/pico_stdio_usb/stdio_usb.c.o
                0x10002888                stdio_usb_init
 .text.tud_descriptor_device_cb
                0x10002970        0x8 CMakeFiles/main.dir/home/alexander/Programming/rp2xxx/pico-sdk/src/rp2_common/pico_stdio_usb/stdio_usb_descriptors.c.o
                0x10002970                tud_descriptor_device_cb
 .text.tud_descriptor_configuration_cb
                0x10002978        0x8 CMakeFiles/main.dir/home/alexander/Programming/rp2xxx/pico-sdk/src/rp2_common/pico_stdio_usb/stdio_usb_descriptors.c.o
                0x10002978                tud_descriptor_configuration_cb
 .text.tud_descriptor_string_cb
                0x10002980       0x70 CMakeFiles/main.dir/home/alexander/Programming/rp2xxx/pico-sdk/src/rp2_common/pico_stdio_usb/stdio_usb_descriptors.c.o
                0x10002980                tud_descriptor_string_cb
 .text.startup._retrieve_unique_id_on_boot
                0x100029f0       0x10 CMakeFiles/main.dir/home/alexander/Programming/rp2xxx/pico-sdk/src/rp2_common/pico_unique_id/unique_id.c.o
 .text.pico_get_unique_board_id_string
                0x10002a00      0x1e0 CMakeFiles/main.dir/home/alexander/Programming/rp2xxx/pico-sdk/src/rp2_common/pico_unique_id/unique_id.c.o
                0x10002a00                pico_get_unique_board_id_string
 .text.flash_get_unique_id
                0x10002be0       0x3c CMakeFiles/main.dir/home/alexander/Programming/rp2xxx/pico-sdk/src/rp2_common/hardware_flash/flash.c.o
                0x10002be0                flash_get_unique_id
 .text.usb_reset_interface_init
                0x10002c1c        0x4 CMakeFiles/main.dir/home/alexander/Programming/rp2xxx/pico-sdk/src/rp2_common/pico_usb_reset/usb_reset.c.o
                0x10002c1c                usb_reset_interface_init
 .text.usb_reset_interface_reset
                0x10002c20        0xc CMakeFiles/main.dir/home/alexander/Programming/rp2xxx/pico-sdk/src/rp2_common/pico_usb_reset/usb_reset.c.o
                0x10002c20                usb_reset_interface_reset
 .text.usb_reset_interface_open
                0x10002c2c       0x28 CMakeFiles/main.dir/home/alexander/Programming/rp2xxx/pico-sdk/src/rp2_common/pico_usb_reset/usb_reset.c.o
                0x10002c2c                usb_reset_interface_open
 .text.usb_reset_interface_xfer_cb
                0x10002c54        0x4 CMakeFiles/main.dir/home/alexander/Programming/rp2xxx/pico-sdk/src/rp2_common/pico_usb_reset/usb_reset.c.o
                0x10002c54                usb_reset_interface_xfer_cb
 .text.usb_reset_interface_control_xfer_cb
                0x10002c58       0x60 CMakeFiles/main.dir/home/alexander/Programming/rp2xxx/pico-sdk/src/rp2_common/pico_usb_reset/usb_reset.c.o
                0x10002c58                usb_reset_interface_control_xfer_cb
 .text.tud_descriptor_bos_cb
                0x10002cb8        0x8 CMakeFiles/main.dir/home/alexander/Programming/rp2xxx/pico-sdk/src/rp2_common/pico_usb_reset/usb_reset.c.o
                0x10002cb8                tud_descriptor_bos_cb
 .text.tud_vendor_control_xfer_cb
                0x10002cc0       0x38 CMakeFiles/main.dir/home/alexander/Programming/rp2xxx/pico-sdk/src/rp2_common/pico_usb_reset/usb_reset.c.o
                0x10002cc0                tud_vendor_control_xfer_cb
 .text.usbd_app_driver_get_cb
                0x10002cf8        0xc CMakeFiles/main.dir/home/alexander/Programming/rp2xxx/pico-sdk/src/rp2_common/pico_usb_reset/usb_reset.c.o
                0x10002cf8                usbd_app_driver_get_cb
 .text.tud_cdc_line_coding_cb
                0x10002d04       0x2c CMakeFiles/main.dir/home/alexander/Programming/rp2xxx/pico-sdk/src/rp2_common/pico_usb_reset/usb_reset.c.o
                0x10002d04                tud_cdc_line_coding_cb
 .text.dcd_init
                0x10002d30       0x90 CMakeFiles/main.dir/home/alexander/Programming/rp2xxx/pico-sdk/lib/tinyusb/src/portable/raspberrypi/rp2040/dcd_rp2040.c.o
                0x10002d30                dcd_init
 .text.dcd_int_enable
                0x10002dc0        0xc CMakeFiles/main.dir/home/alexander/Programming/rp2xxx/pico-sdk/lib/tinyusb/src/portable/raspberrypi/rp2040/dcd_rp2040.c.o
                0x10002dc0                dcd_int_enable
 .text.dcd_set_address
                0x10002dcc       0x14 CMakeFiles/main.dir/home/alexander/Programming/rp2xxx/pico-sdk/lib/tinyusb/src/portable/raspberrypi/rp2040/dcd_rp2040.c.o
                0x10002dcc                dcd_set_address
 .text.dcd_sof_enable
                0x10002de0       0x1c CMakeFiles/main.dir/home/alexander/Programming/rp2xxx/pico-sdk/lib/tinyusb/src/portable/raspberrypi/rp2040/dcd_rp2040.c.o
                0x10002de0                dcd_sof_enable
 .text.dcd_edpt0_status_complete
                0x10002dfc       0x1c CMakeFiles/main.dir/home/alexander/Programming/rp2xxx/pico-sdk/lib/tinyusb/src/portable/raspberrypi/rp2040/dcd_rp2040.c.o
                0x10002dfc                dcd_edpt0_status_complete
 .text.dcd_edpt_open
                0x10002e18      0x104 CMakeFiles/main.dir/home/alexander/Programming/rp2xxx/pico-sdk/lib/tinyusb/src/portable/raspberrypi/rp2040/dcd_rp2040.c.o
                0x10002e18                dcd_edpt_open
 .text.dcd_edpt_close_all
                0x10002f1c        0x8 CMakeFiles/main.dir/home/alexander/Programming/rp2xxx/pico-sdk/lib/tinyusb/src/portable/raspberrypi/rp2040/dcd_rp2040.c.o
                0x10002f1c                dcd_edpt_close_all
 .text.dcd_edpt_xfer
                0x10002f24       0x24 CMakeFiles/main.dir/home/alexander/Programming/rp2xxx/pico-sdk/lib/tinyusb/src/portable/raspberrypi/rp2040/dcd_rp2040.c.o
                0x10002f24                dcd_edpt_xfer
 .text.dcd_edpt_stall
                0x10002f48       0x3c CMakeFiles/main.dir/home/alexander/Programming/rp2xxx/pico-sdk/lib/tinyusb/src/portable/raspberrypi/rp2040/dcd_rp2040.c.o
                0x10002f48                dcd_edpt_stall
 .text.dcd_edpt_clear_stall
                0x10002f84       0x30 CMakeFiles/main.dir/home/alexander/Programming/rp2xxx/pico-sdk/lib/tinyusb/src/portable/raspberrypi/rp2040/dcd_rp2040.c.o
                0x10002f84                dcd_edpt_clear_stall
 .text.rp2040_usb_init
                0x10002fb4       0x40 CMakeFiles/main.dir/home/alexander/Programming/rp2xxx/pico-sdk/lib/tinyusb/src/portable/raspberrypi/rp2040/rp2040_usb.c.o
                0x10002fb4                rp2040_usb_init
 .text.hw_endpoint_xfer_start
                0x10002ff4       0x40 CMakeFiles/main.dir/home/alexander/Programming/rp2xxx/pico-sdk/lib/tinyusb/src/portable/raspberrypi/rp2040/rp2040_usb.c.o
                0x10002ff4                hw_endpoint_xfer_start
 .text.tud_event_hook_cb
                0x10003034        0x4 CMakeFiles/main.dir/home/alexander/Programming/rp2xxx/pico-sdk/lib/tinyusb/src/device/usbd.c.o
                0x10003034                tud_event_hook_cb
 .text.tud_sof_cb
                0x10003038        0x4 CMakeFiles/main.dir/home/alexander/Programming/rp2xxx/pico-sdk/lib/tinyusb/src/device/usbd.c.o
                0x10003038                tud_sof_cb
 .text.tud_descriptor_device_qualifier_cb
                0x1000303c        0x4 CMakeFiles/main.dir/home/alexander/Programming/rp2xxx/pico-sdk/lib/tinyusb/src/device/usbd.c.o
                0x1000303c                tud_descriptor_device_qualifier_cb
 .text.tud_descriptor_other_speed_configuration_cb
                0x10003040        0x4 CMakeFiles/main.dir/home/alexander/Programming/rp2xxx/pico-sdk/lib/tinyusb/src/device/usbd.c.o
                0x10003040                tud_descriptor_other_speed_configuration_cb
 .text.tud_mount_cb
                0x10003044        0x4 CMakeFiles/main.dir/home/alexander/Programming/rp2xxx/pico-sdk/lib/tinyusb/src/device/usbd.c.o
                0x10003044                tud_mount_cb
 .text.tud_umount_cb
                0x10003048        0x4 CMakeFiles/main.dir/home/alexander/Programming/rp2xxx/pico-sdk/lib/tinyusb/src/device/usbd.c.o
                0x10003048                tud_umount_cb
 .text.tud_suspend_cb
                0x1000304c        0x4 CMakeFiles/main.dir/home/alexander/Programming/rp2xxx/pico-sdk/lib/tinyusb/src/device/usbd.c.o
                0x1000304c                tud_suspend_cb
 .text.tud_resume_cb
                0x10003050        0x4 CMakeFiles/main.dir/home/alexander/Programming/rp2xxx/pico-sdk/lib/tinyusb/src/device/usbd.c.o
                0x10003050                tud_resume_cb
 .text.tud_mounted
                0x10003054       0x10 CMakeFiles/main.dir/home/alexander/Programming/rp2xxx/pico-sdk/lib/tinyusb/src/device/usbd.c.o
                0x10003054                tud_mounted
 .text.tud_suspended
                0x10003064       0x10 CMakeFiles/main.dir/home/alexander/Programming/rp2xxx/pico-sdk/lib/tinyusb/src/device/usbd.c.o
                0x10003064                tud_suspended
 .text.tud_rhport_init
                0x10003074       0xec CMakeFiles/main.dir/home/alexander/Programming/rp2xxx/pico-sdk/lib/tinyusb/src/device/usbd.c.o
                0x10003074                tud_rhport_init
 .text.tud_task_ext
                0x10003160      0x7bc CMakeFiles/main.dir/home/alexander/Programming/rp2xxx/pico-sdk/lib/tinyusb/src/device/usbd.c.o
                0x10003160                tud_task_ext
 .text.usbd_open_edpt_pair
                0x1000391c       0x9c CMakeFiles/main.dir/home/alexander/Programming/rp2xxx/pico-sdk/lib/tinyusb/src/device/usbd.c.o
                0x1000391c                usbd_open_edpt_pair
 .text.usbd_edpt_open
                0x100039b8       0x34 CMakeFiles/main.dir/home/alexander/Programming/rp2xxx/pico-sdk/lib/tinyusb/src/device/usbd.c.o
                0x100039b8                usbd_edpt_open
 .text.usbd_edpt_claim
                0x100039ec       0x28 CMakeFiles/main.dir/home/alexander/Programming/rp2xxx/pico-sdk/lib/tinyusb/src/device/usbd.c.o
                0x100039ec                usbd_edpt_claim
 .text.usbd_edpt_release
                0x10003a14       0x28 CMakeFiles/main.dir/home/alexander/Programming/rp2xxx/pico-sdk/lib/tinyusb/src/device/usbd.c.o
                0x10003a14                usbd_edpt_release
 .text.usbd_edpt_xfer
                0x10003a3c       0x54 CMakeFiles/main.dir/home/alexander/Programming/rp2xxx/pico-sdk/lib/tinyusb/src/device/usbd.c.o
                0x10003a3c                usbd_edpt_xfer
 .text.tud_control_status
                0x10003a90       0x2c CMakeFiles/main.dir/home/alexander/Programming/rp2xxx/pico-sdk/lib/tinyusb/src/device/usbd_control.c.o
                0x10003a90                tud_control_status
 .text.tud_control_xfer
                0x10003abc       0xa0 CMakeFiles/main.dir/home/alexander/Programming/rp2xxx/pico-sdk/lib/tinyusb/src/device/usbd_control.c.o
                0x10003abc                tud_control_xfer
 .text.usbd_control_reset
                0x10003b5c       0x14 CMakeFiles/main.dir/home/alexander/Programming/rp2xxx/pico-sdk/lib/tinyusb/src/device/usbd_control.c.o
                0x10003b5c                usbd_control_reset
 .text.usbd_control_set_complete_callback
                0x10003b70        0xc CMakeFiles/main.dir/home/alexander/Programming/rp2xxx/pico-sdk/lib/tinyusb/src/device/usbd_control.c.o
                0x10003b70                usbd_control_set_complete_callback
 .text.usbd_control_set_request
                0x10003b7c       0x1c CMakeFiles/main.dir/home/alexander/Programming/rp2xxx/pico-sdk/lib/tinyusb/src/device/usbd_control.c.o
                0x10003b7c                usbd_control_set_request
 .text.usbd_control_xfer_cb
                0x10003b98       0xe4 CMakeFiles/main.dir/home/alexander/Programming/rp2xxx/pico-sdk/lib/tinyusb/src/device/usbd_control.c.o
                0x10003b98                usbd_control_xfer_cb
 .text._prep_out_transaction.isra.0
                0x10003c7c       0x6c CMakeFiles/main.dir/home/alexander/Programming/rp2xxx/pico-sdk/lib/tinyusb/src/class/cdc/cdc_device.c.o
 .text.tud_cdc_n_connected
                0x10003ce8       0x30 CMakeFiles/main.dir/home/alexander/Programming/rp2xxx/pico-sdk/lib/tinyusb/src/class/cdc/cdc_device.c.o
                0x10003ce8                tud_cdc_n_connected
 .text.tud_cdc_n_available
                0x10003d18       0x14 CMakeFiles/main.dir/home/alexander/Programming/rp2xxx/pico-sdk/lib/tinyusb/src/class/cdc/cdc_device.c.o
                0x10003d18                tud_cdc_n_available
 .text.tud_cdc_n_read
                0x10003d2c       0x88 CMakeFiles/main.dir/home/alexander/Programming/rp2xxx/pico-sdk/lib/tinyusb/src/class/cdc/cdc_device.c.o
                0x10003d2c                tud_cdc_n_read
 .text.tud_cdc_n_write_flush
                0x10003db4       0x78 CMakeFiles/main.dir/home/alexander/Programming/rp2xxx/pico-sdk/lib/tinyusb/src/class/cdc/cdc_device.c.o
                0x10003db4                tud_cdc_n_write_flush
 .text.tud_cdc_n_write
                0x10003e2c       0x3c CMakeFiles/main.dir/home/alexander/Programming/rp2xxx/pico-sdk/lib/tinyusb/src/class/cdc/cdc_device.c.o
                0x10003e2c                tud_cdc_n_write
 .text.tud_cdc_n_write_available
                0x10003e68       0x14 CMakeFiles/main.dir/home/alexander/Programming/rp2xxx/pico-sdk/lib/tinyusb/src/class/cdc/cdc_device.c.o
                0x10003e68                tud_cdc_n_write_available
 .text.cdcd_init
                0x10003e7c       0x70 CMakeFiles/main.dir/home/alexander/Programming/rp2xxx/pico-sdk/lib/tinyusb/src/class/cdc/cdc_device.c.o
                0x10003e7c                cdcd_init
 .text.cdcd_deinit
                0x10003eec       0x24 CMakeFiles/main.dir/home/alexander/Programming/rp2xxx/pico-sdk/lib/tinyusb/src/class/cdc/cdc_device.c.o
                0x10003eec                cdcd_deinit
 .text.cdcd_reset
                0x10003f10       0x48 CMakeFiles/main.dir/home/alexander/Programming/rp2xxx/pico-sdk/lib/tinyusb/src/class/cdc/cdc_device.c.o
                0x10003f10                cdcd_reset
 .text.cdcd_open
                0x10003f58       0xa8 CMakeFiles/main.dir/home/alexander/Programming/rp2xxx/pico-sdk/lib/tinyusb/src/class/cdc/cdc_device.c.o
                0x10003f58                cdcd_open
 .text.cdcd_control_xfer_cb
                0x10004000       0xe8 CMakeFiles/main.dir/home/alexander/Programming/rp2xxx/pico-sdk/lib/tinyusb/src/class/cdc/cdc_device.c.o
                0x10004000                cdcd_control_xfer_cb
 .text.cdcd_xfer_cb
                0x100040e8       0xf8 CMakeFiles/main.dir/home/alexander/Programming/rp2xxx/pico-sdk/lib/tinyusb/src/class/cdc/cdc_device.c.o
                0x100040e8                cdcd_xfer_cb
 .text.tusb_rhport_init
                0x100041e0       0x4c CMakeFiles/main.dir/home/alexander/Programming/rp2xxx/pico-sdk/lib/tinyusb/src/tusb.c.o
                0x100041e0                tusb_rhport_init
 .text.tu_edpt_claim
                0x1000422c       0x50 CMakeFiles/main.dir/home/alexander/Programming/rp2xxx/pico-sdk/lib/tinyusb/src/tusb.c.o
                0x1000422c                tu_edpt_claim
 .text.tu_edpt_release
                0x1000427c       0x38 CMakeFiles/main.dir/home/alexander/Programming/rp2xxx/pico-sdk/lib/tinyusb/src/tusb.c.o
                0x1000427c                tu_edpt_release
 .text.tu_edpt_validate
                0x100042b4       0x74 CMakeFiles/main.dir/home/alexander/Programming/rp2xxx/pico-sdk/lib/tinyusb/src/tusb.c.o
                0x100042b4                tu_edpt_validate
 .text.tu_edpt_bind_driver
                0x10004328       0x34 CMakeFiles/main.dir/home/alexander/Programming/rp2xxx/pico-sdk/lib/tinyusb/src/tusb.c.o
                0x10004328                tu_edpt_bind_driver
 .text.tu_fifo_config
                0x1000435c       0x6c CMakeFiles/main.dir/home/alexander/Programming/rp2xxx/pico-sdk/lib/tinyusb/src/common/tusb_fifo.c.o
                0x1000435c                tu_fifo_config
 .text.tu_fifo_count
                0x100043c8       0x24 CMakeFiles/main.dir/home/alexander/Programming/rp2xxx/pico-sdk/lib/tinyusb/src/common/tusb_fifo.c.o
                0x100043c8                tu_fifo_count
 .text.tu_fifo_empty
                0x100043ec       0x10 CMakeFiles/main.dir/home/alexander/Programming/rp2xxx/pico-sdk/lib/tinyusb/src/common/tusb_fifo.c.o
                0x100043ec                tu_fifo_empty
 .text.tu_fifo_remaining
                0x100043fc       0x24 CMakeFiles/main.dir/home/alexander/Programming/rp2xxx/pico-sdk/lib/tinyusb/src/common/tusb_fifo.c.o
                0x100043fc                tu_fifo_remaining
 .text.tu_fifo_read
                0x10004420       0x94 CMakeFiles/main.dir/home/alexander/Programming/rp2xxx/pico-sdk/lib/tinyusb/src/common/tusb_fifo.c.o
                0x10004420                tu_fifo_read
 .text.tu_fifo_read_n
                0x100044b4       0xe4 CMakeFiles/main.dir/home/alexander/Programming/rp2xxx/pico-sdk/lib/tinyusb/src/common/tusb_fifo.c.o
                0x100044b4                tu_fifo_read_n
 .text.tu_fifo_write
                0x10004598       0xa0 CMakeFiles/main.dir/home/alexander/Programming/rp2xxx/pico-sdk/lib/tinyusb/src/common/tusb_fifo.c.o
                0x10004598                tu_fifo_write
 .text.tu_fifo_write_n
                0x10004638      0x144 CMakeFiles/main.dir/home/alexander/Programming/rp2xxx/pico-sdk/lib/tinyusb/src/common/tusb_fifo.c.o
                0x10004638                tu_fifo_write_n
 .text.tu_fifo_clear
                0x1000477c       0x40 CMakeFiles/main.dir/home/alexander/Programming/rp2xxx/pico-sdk/lib/tinyusb/src/common/tusb_fifo.c.o
                0x1000477c                tu_fifo_clear
 .text.tu_fifo_set_overwritable
                0x100047bc       0x48 CMakeFiles/main.dir/home/alexander/Programming/rp2xxx/pico-sdk/lib/tinyusb/src/common/tusb_fifo.c.o
                0x100047bc                tu_fifo_set_overwritable
 .text.spi_init
                0x10004804      0x114 CMakeFiles/main.dir/home/alexander/Programming/rp2xxx/pico-sdk/src/rp2_common/hardware_spi/spi.c.o
                0x10004804                spi_init
 .text.i2c_set_baudrate
                0x10004918       0xb0 CMakeFiles/main.dir/home/alexander/Programming/rp2xxx/pico-sdk/src/rp2_common/hardware_i2c/i2c.c.o
                0x10004918                i2c_set_baudrate
 .text.i2c_init
                0x100049c8       0x54 CMakeFiles/main.dir/home/alexander/Programming/rp2xxx/pico-sdk/src/rp2_common/hardware_i2c/i2c.c.o
                0x100049c8                i2c_init
 .text.adc_init
                0x10004a1c       0x38 CMakeFiles/main.dir/home/alexander/Programming/rp2xxx/pico-sdk/src/rp2_common/hardware_adc/adc.c.o
                0x10004a1c                adc_init
 .text.LCD_1IN28_Init
                0x10004a54      0xc10 lib/LCD/libLCD.a(LCD_1in28.c.o)
                0x10004a54                LCD_1IN28_Init
 .text.LCD_1IN28_SetWindows
                0x10005664       0xc8 lib/LCD/libLCD.a(LCD_1in28.c.o)
                0x10005664                LCD_1IN28_SetWindows
 .text.LCD_1IN28_Clear
                0x1000572c       0x5c lib/LCD/libLCD.a(LCD_1in28.c.o)
                0x1000572c                LCD_1IN28_Clear
 .text.LCD_1IN28_Display
                0x10005788       0x38 lib/LCD/libLCD.a(LCD_1in28.c.o)
                0x10005788                LCD_1IN28_Display
 .text.Paint_NewImage
                0x100057c0       0x1c lib/GUI/libGUI.a(GUI_Paint.c.o)
                0x100057c0                Paint_NewImage
 .text.Paint_SetPixel
                0x100057dc       0x30 lib/GUI/libGUI.a(GUI_Paint.c.o)
                0x100057dc                Paint_SetPixel
 .text.Paint_Clear
                0x1000580c       0x4c lib/GUI/libGUI.a(GUI_Paint.c.o)
                0x1000580c                Paint_Clear
 .text.draw     0x10005858      0x578 lib/Rasteriser/libRasteriser.a(rasteriser.c.o)
                0x10005858                draw
 .text.DEV_Delay_ms
                0x10005dd0        0x8 lib/Config/libConfig.a(DEV_Config.c.o)
                0x10005dd0                DEV_Delay_ms
 .text.DEV_Digital_Write
                0x10005dd8       0x14 lib/Config/libConfig.a(DEV_Config.c.o)
                0x10005dd8                DEV_Digital_Write
 .text.DEV_SPI_WriteByte
                0x10005dec       0x14 lib/Config/libConfig.a(DEV_Config.c.o)
                0x10005dec                DEV_SPI_WriteByte
 .text.DEV_SPI_Write_nByte
                0x10005e00        0x8 lib/Config/libConfig.a(DEV_Config.c.o)
                0x10005e00                DEV_SPI_Write_nByte
 .text.DEV_SET_PWM
                0x10005e08       0x3c lib/Config/libConfig.a(DEV_Config.c.o)
                0x10005e08                DEV_SET_PWM
 .text.DEV_Module_Init
                0x10005e44      0x128 lib/Config/libConfig.a(DEV_Config.c.o)
                0x10005e44                DEV_Module_Init
 .text.strlen   0x10005f6c       0x60 /usr/lib/gcc/arm-none-eabi/16.1.0/../../../../arm-none-eabi/lib/thumb/v6-m/nofp/libg.a(libc_a-strlen-stub.o)
                0x10005f6c                strlen
 *fill*         0x10005fcc        0x4 
 .text.strlen.__stub
                0x10005fd0       0xc0 linker stubs
 *(.fini)
 *crtbegin.o(.ctors)
 *crtbegin?.o(.ctors)
 *(EXCLUDE_FILE(*crtend.o *crtend?.o) .ctors)
 *(SORT_BY_NAME(.ctors.*))
 *(.ctors)
 *crtbegin.o(.dtors)
 *crtbegin?.o(.dtors)
 *(EXCLUDE_FILE(*crtend.o *crtend?.o) .dtors)
 *(SORT_BY_NAME(.dtors.*))
 *(.dtors)
                0x10006090                        . = ALIGN (0x4)
                [!provide]                        PROVIDE (__bothinit_array_start = .)
                0x10006090                        PROVIDE (__preinit_array_start = .)
 *(SORT_BY_NAME(.preinit_array.*))
 .preinit_array.00100
                0x10006090        0x4 CMakeFiles/main.dir/home/alexander/Programming/rp2xxx/pico-sdk/src/rp2_common/pico_runtime_init/runtime_init.c.o
                0x10006090                __pre_init_runtime_init_early_resets
 .preinit_array.00101
                0x10006094        0x4 CMakeFiles/main.dir/home/alexander/Programming/rp2xxx/pico-sdk/src/rp2_common/pico_runtime_init/runtime_init.c.o
                0x10006094                __pre_init_runtime_init_usb_power_down
 .preinit_array.00275
                0x10006098        0x4 CMakeFiles/main.dir/home/alexander/Programming/rp2xxx/pico-sdk/src/rp2_common/pico_bit_ops/bit_ops_aeabi.S.o
 .preinit_array.00300
                0x1000609c        0x4 CMakeFiles/main.dir/home/alexander/Programming/rp2xxx/pico-sdk/src/rp2_common/pico_mem_ops/mem_ops_aeabi.S.o
 .preinit_array.00350
                0x100060a0        0x4 CMakeFiles/main.dir/home/alexander/Programming/rp2xxx/pico-sdk/src/rp2_common/pico_double/double_aeabi_rp2040.S.o
 .preinit_array.00350
                0x100060a4        0x4 CMakeFiles/main.dir/home/alexander/Programming/rp2xxx/pico-sdk/src/rp2_common/pico_float/float_aeabi_rp2040.S.o
 .preinit_array.00500
                0x100060a8        0x4 CMakeFiles/main.dir/home/alexander/Programming/rp2xxx/pico-sdk/src/rp2_common/pico_runtime_init/runtime_init.c.o
                0x100060a8                __pre_init_runtime_init_clocks
 .preinit_array.00600
                0x100060ac        0x4 CMakeFiles/main.dir/home/alexander/Programming/rp2xxx/pico-sdk/src/rp2_common/pico_runtime_init/runtime_init.c.o
                0x100060ac                __pre_init_runtime_init_post_clock_resets
 .preinit_array.00700
                0x100060b0        0x4 CMakeFiles/main.dir/home/alexander/Programming/rp2xxx/pico-sdk/src/rp2_common/pico_runtime_init/runtime_init.c.o
                0x100060b0                __pre_init_runtime_init_rp2040_gpio_ie_disable
 .preinit_array.01000
                0x100060b4        0x4 CMakeFiles/main.dir/home/alexander/Programming/rp2xxx/pico-sdk/src/rp2_common/pico_runtime_init/runtime_init.c.o
                0x100060b4                __pre_init_runtime_init_spin_locks_reset
 .preinit_array.01100
                0x100060b8        0x4 CMakeFiles/main.dir/home/alexander/Programming/rp2xxx/pico-sdk/src/common/pico_sync/mutex.c.o
                0x100060b8                __pre_init_runtime_init_mutex
 .preinit_array.10080
                0x100060bc        0x4 CMakeFiles/main.dir/home/alexander/Programming/rp2xxx/pico-sdk/src/rp2_common/pico_runtime_init/runtime_init.c.o
                0x100060bc                __pre_init_runtime_init_install_ram_vector_table
 .preinit_array.11000
                0x100060c0        0x4 CMakeFiles/main.dir/home/alexander/Programming/rp2xxx/pico-sdk/src/common/pico_time/time.c.o
                0x100060c0                __pre_init_runtime_init_default_alarm_pool
 .preinit_array.YYYYY
                0x100060c4        0x4 CMakeFiles/main.dir/home/alexander/Programming/rp2xxx/pico-sdk/src/rp2_common/pico_runtime/runtime.c.o
                0x100060c4                __pre_init_first_per_core_initializer
 .preinit_array.ZZZZZ.01200
                0x100060c8        0x4 CMakeFiles/main.dir/home/alexander/Programming/rp2xxx/pico-sdk/src/rp2_common/hardware_irq/irq.c.o
                0x100060c8                __pre_init_runtime_init_per_core_irq_priorities
 *(.preinit_array)
                0x100060cc                        PROVIDE (__preinit_array_end = .)
                0x100060cc                        . = ALIGN (0x4)
                0x100060cc                        PROVIDE (__init_array_start = .)
 *(SORT_BY_NAME(.init_array.*))
 .init_array.01000
                0x100060cc        0x4 CMakeFiles/main.dir/home/alexander/Programming/rp2xxx/pico-sdk/src/rp2_common/pico_unique_id/unique_id.c.o
 *(.init_array)
                0x100060d0                        PROVIDE (__init_array_end = .)
                [!provide]                        PROVIDE (__bothinit_array_end = .)
                0x100060d0                        . = ALIGN (0x4)
                [!provide]                        PROVIDE (__fini_array_start = .)
 *(SORT_BY_NAME(.fini_array.*))
 *(.fini_array)
                [!provide]                        PROVIDE (__fini_array_end = .)
                [!provide]                        PROVIDE (__dso_handle = 0x0)
 *(.eh_frame*)
                0x100060d0                        . = ALIGN (0x4)

.glue_7         0x100060d0        0x0
 .glue_7        0x100060d0        0x0 linker stubs

.glue_7t        0x100060d0        0x0
 .glue_7t       0x100060d0        0x0 linker stubs

.vfp11_veneer   0x100060d0        0x0
 .vfp11_veneer  0x100060d0        0x0 linker stubs

.v4_bx          0x100060d0        0x0
 .v4_bx         0x100060d0        0x0 linker stubs

.iplt           0x100060d0        0x0
 .iplt          0x100060d0        0x0 CMakeFiles/main.dir/main.c.o

.rodata         0x100060d0      0x97c
 *(EXCLUDE_FILE(*libm.a: *lib*_a-mem*.o *libc.a: *libgcc.a:) .rodata*)
 .rodata.sin_lut
                0x100060d0      0x2d4 CMakeFiles/main.dir/main.c.o
 .rodata.panic.str1.4
                0x100063a4      0x1d5 CMakeFiles/main.dir/home/alexander/Programming/rp2xxx/pico-sdk/src/rp2_common/pico_platform_panic/panic.c.o
                                 0x11 (size before relaxing)
 .rodata.spin_lock_claim_unused.str1.4
                0x10006579        0x0 CMakeFiles/main.dir/home/alexander/Programming/rp2xxx/pico-sdk/src/rp2_common/hardware_sync/sync.c.o
                                 0x1b (size before relaxing)
 .rodata.user_irq_claim_unused.str1.4
                0x10006579        0x0 CMakeFiles/main.dir/home/alexander/Programming/rp2xxx/pico-sdk/src/rp2_common/hardware_irq/irq.c.o
                                 0x1b (size before relaxing)
 .rodata.timer_hardware_alarm_claim.str1.4
                0x10006579        0x0 CMakeFiles/main.dir/home/alexander/Programming/rp2xxx/pico-sdk/src/rp2_common/hardware_timer/timer.c.o
                                 0x22 (size before relaxing)
 .rodata.hard_assertion_failure.str1.4
                0x10006579        0x0 CMakeFiles/main.dir/home/alexander/Programming/rp2xxx/pico-sdk/src/rp2_common/pico_runtime/runtime.c.o
                                  0xc (size before relaxing)
 .rodata.missing_double_func_shim.str1.4
                0x10006579        0x0 CMakeFiles/main.dir/home/alexander/Programming/rp2xxx/pico-sdk/src/rp2_common/pico_double/double_init_rom_rp2040.c.o
                                 0x18 (size before relaxing)
 .rodata.missing_float_func_shim.str1.4
                0x10006579        0x0 CMakeFiles/main.dir/home/alexander/Programming/rp2xxx/pico-sdk/src/rp2_common/pico_float/float_init_rom_rp2040.c.o
                                  0x1 (size before relaxing)
 .rodata.str1.4
                0x10006579        0x0 CMakeFiles/main.dir/home/alexander/Programming/rp2xxx/pico-sdk/src/rp2_common/pico_standard_binary_info/standard_binary_info.c.o
                                 0x54 (size before relaxing)
 *fill*         0x10006579        0x3 
 .rodata.__bi_84
                0x1000657c        0xc CMakeFiles/main.dir/home/alexander/Programming/rp2xxx/pico-sdk/src/rp2_common/pico_standard_binary_info/standard_binary_info.c.o
 .rodata.__bi_78
                0x10006588        0xc CMakeFiles/main.dir/home/alexander/Programming/rp2xxx/pico-sdk/src/rp2_common/pico_standard_binary_info/standard_binary_info.c.o
 .rodata.__bi_54
                0x10006594        0xc CMakeFiles/main.dir/home/alexander/Programming/rp2xxx/pico-sdk/src/rp2_common/pico_standard_binary_info/standard_binary_info.c.o
 .rodata.__bi_48
                0x100065a0        0xc CMakeFiles/main.dir/home/alexander/Programming/rp2xxx/pico-sdk/src/rp2_common/pico_standard_binary_info/standard_binary_info.c.o
 .rodata.__bi_42
                0x100065ac        0xc CMakeFiles/main.dir/home/alexander/Programming/rp2xxx/pico-sdk/src/rp2_common/pico_standard_binary_info/standard_binary_info.c.o
 .rodata.__bi_34
                0x100065b8        0xc CMakeFiles/main.dir/home/alexander/Programming/rp2xxx/pico-sdk/src/rp2_common/pico_standard_binary_info/standard_binary_info.c.o
 .rodata.__bi_26
                0x100065c4        0xc CMakeFiles/main.dir/home/alexander/Programming/rp2xxx/pico-sdk/src/rp2_common/pico_standard_binary_info/standard_binary_info.c.o
 .rodata.crlf_str.0
                0x100065d0        0x2 CMakeFiles/main.dir/home/alexander/Programming/rp2xxx/pico-sdk/src/rp2_common/pico_stdio/stdio.c.o
 .rodata.str1.4
                0x100065d2        0x0 CMakeFiles/main.dir/home/alexander/Programming/rp2xxx/pico-sdk/src/rp2_common/pico_stdio_uart/stdio_uart.c.o
                                 0x2c (size before relaxing)
 *fill*         0x100065d2        0x2 
 .rodata.__bi_45.4
                0x100065d4        0xc CMakeFiles/main.dir/home/alexander/Programming/rp2xxx/pico-sdk/src/rp2_common/pico_stdio_uart/stdio_uart.c.o
 .rodata.__bi_49.5
                0x100065e0        0x8 CMakeFiles/main.dir/home/alexander/Programming/rp2xxx/pico-sdk/src/rp2_common/pico_stdio_uart/stdio_uart.c.o
 .rodata.__bi_50.6
                0x100065e8        0x8 CMakeFiles/main.dir/home/alexander/Programming/rp2xxx/pico-sdk/src/rp2_common/pico_stdio_uart/stdio_uart.c.o
 .rodata.str1.4
                0x100065f0        0x0 CMakeFiles/main.dir/home/alexander/Programming/rp2xxx/pico-sdk/src/rp2_common/pico_stdio_usb/stdio_usb.c.o
                                 0x13 (size before relaxing)
 .rodata.__bi_204.0
                0x100065f0        0xc CMakeFiles/main.dir/home/alexander/Programming/rp2xxx/pico-sdk/src/rp2_common/pico_stdio_usb/stdio_usb.c.o
 .rodata.str1.4
                0x100065fc        0x0 CMakeFiles/main.dir/home/alexander/Programming/rp2xxx/pico-sdk/src/rp2_common/pico_stdio_usb/stdio_usb_descriptors.c.o
                                 0x2a (size before relaxing)
 .rodata.usbd_desc_str
                0x100065fc       0x18 CMakeFiles/main.dir/home/alexander/Programming/rp2xxx/pico-sdk/src/rp2_common/pico_stdio_usb/stdio_usb_descriptors.c.o
 .rodata.usbd_desc_cfg
                0x10006614       0x54 CMakeFiles/main.dir/home/alexander/Programming/rp2xxx/pico-sdk/src/rp2_common/pico_stdio_usb/stdio_usb_descriptors.c.o
 .rodata.usbd_desc_device
                0x10006668       0x12 CMakeFiles/main.dir/home/alexander/Programming/rp2xxx/pico-sdk/src/rp2_common/pico_stdio_usb/stdio_usb_descriptors.c.o
 *fill*         0x1000667a        0x2 
 .rodata.desc_ms_os_20
                0x1000667c       0xa6 CMakeFiles/main.dir/home/alexander/Programming/rp2xxx/pico-sdk/src/rp2_common/pico_usb_reset/usb_reset.c.o
 *fill*         0x10006722        0x2 
 .rodata.desc_bos
                0x10006724       0x21 CMakeFiles/main.dir/home/alexander/Programming/rp2xxx/pico-sdk/src/rp2_common/pico_usb_reset/usb_reset.c.o
                0x10006724                desc_bos
 *fill*         0x10006745        0x3 
 .rodata.usb_reset_interface_driver
                0x10006748       0x20 CMakeFiles/main.dir/home/alexander/Programming/rp2xxx/pico-sdk/src/rp2_common/pico_usb_reset/usb_reset.c.o
 .rodata.str1.4
                0x10006768        0x0 CMakeFiles/main.dir/home/alexander/Programming/rp2xxx/pico-sdk/lib/tinyusb/src/portable/raspberrypi/rp2040/dcd_rp2040.c.o
                                 0x14 (size before relaxing)
 .rodata.str1.4
                0x10006768        0x0 CMakeFiles/main.dir/home/alexander/Programming/rp2xxx/pico-sdk/lib/tinyusb/src/portable/raspberrypi/rp2040/rp2040_usb.c.o
                                 0x48 (size before relaxing)
 .rodata.tud_task_ext
                0x10006768       0x8c CMakeFiles/main.dir/home/alexander/Programming/rp2xxx/pico-sdk/lib/tinyusb/src/device/usbd.c.o
 .rodata        0x100067f4       0x1c CMakeFiles/main.dir/home/alexander/Programming/rp2xxx/pico-sdk/lib/tinyusb/src/device/usbd.c.o
 .rodata._usbd_driver
                0x10006810       0x20 CMakeFiles/main.dir/home/alexander/Programming/rp2xxx/pico-sdk/lib/tinyusb/src/device/usbd.c.o
 .rodata.cube   0x10006830        0xc lib/Rasteriser/libRasteriser.a(cube.c.o)
                0x10006830                cube
 .rodata.cube_indices
                0x1000683c       0x90 lib/Rasteriser/libRasteriser.a(cube.c.o)
                0x1000683c                cube_indices
 .rodata.vertices
                0x100068cc      0x180 lib/Rasteriser/libRasteriser.a(cube.c.o)
                0x100068cc                vertices
 .rodata.DEV_SET_PWM.str1.4
                0x10006a4c        0x0 lib/Config/libConfig.a(DEV_Config.c.o)
                                 0x14 (size before relaxing)
 .rodata.DEV_Module_Init.str1.4
                0x10006a4c        0x0 lib/Config/libConfig.a(DEV_Config.c.o)
                                 0x15 (size before relaxing)
 *(.srodata*)
                0x10006a4c                        . = ALIGN (0x4)
 *(SORT_BY_ALIGNMENT(SORT_BY_NAME(.flashdata*)))
                0x10006a4c                        . = ALIGN (0x4)

.ARM.extab
 *(.ARM.extab* .gnu.linkonce.armextab.*)
                0x10006a4c                        __exidx_start = .

.ARM.exidx
 *(.ARM.exidx* .gnu.linkonce.armexidx.*)
                0x10006a4c                        __exidx_end = .
                0x10006a4c                        . = ALIGN (0x4)
                0x10006a4c                        __binary_info_start = .

.binary_info    0x10006a4c       0x2c
 *(.binary_info.keep.*)
 .binary_info.keep.__bi_ptr84
                0x10006a4c        0x4 CMakeFiles/main.dir/home/alexander/Programming/rp2xxx/pico-sdk/src/rp2_common/pico_standard_binary_info/standard_binary_info.c.o
 .binary_info.keep.__bi_ptr78
                0x10006a50        0x4 CMakeFiles/main.dir/home/alexander/Programming/rp2xxx/pico-sdk/src/rp2_common/pico_standard_binary_info/standard_binary_info.c.o
 .binary_info.keep.__bi_ptr54
                0x10006a54        0x4 CMakeFiles/main.dir/home/alexander/Programming/rp2xxx/pico-sdk/src/rp2_common/pico_standard_binary_info/standard_binary_info.c.o
 .binary_info.keep.__bi_ptr48
                0x10006a58        0x4 CMakeFiles/main.dir/home/alexander/Programming/rp2xxx/pico-sdk/src/rp2_common/pico_standard_binary_info/standard_binary_info.c.o
 .binary_info.keep.__bi_ptr42
                0x10006a5c        0x4 CMakeFiles/main.dir/home/alexander/Programming/rp2xxx/pico-sdk/src/rp2_common/pico_standard_binary_info/standard_binary_info.c.o
 .binary_info.keep.__bi_ptr34
                0x10006a60        0x4 CMakeFiles/main.dir/home/alexander/Programming/rp2xxx/pico-sdk/src/rp2_common/pico_standard_binary_info/standard_binary_info.c.o
 .binary_info.keep.__bi_ptr26
                0x10006a64        0x4 CMakeFiles/main.dir/home/alexander/Programming/rp2xxx/pico-sdk/src/rp2_common/pico_standard_binary_info/standard_binary_info.c.o
 *(.binary_info.*)
 .binary_info.__bi_ptr50
                0x10006a68        0x4 CMakeFiles/main.dir/home/alexander/Programming/rp2xxx/pico-sdk/src/rp2_common/pico_stdio_uart/stdio_uart.c.o
 .binary_info.__bi_ptr49
                0x10006a6c        0x4 CMakeFiles/main.dir/home/alexander/Programming/rp2xxx/pico-sdk/src/rp2_common/pico_stdio_uart/stdio_uart.c.o
 .binary_info.__bi_ptr45
                0x10006a70        0x4 CMakeFiles/main.dir/home/alexander/Programming/rp2xxx/pico-sdk/src/rp2_common/pico_stdio_uart/stdio_uart.c.o
 .binary_info.__bi_ptr204
                0x10006a74        0x4 CMakeFiles/main.dir/home/alexander/Programming/rp2xxx/pico-sdk/src/rp2_common/pico_stdio_usb/stdio_usb.c.o
                0x10006a78                        __binary_info_end = .
                0x10006a78                        . = ALIGN (0x4)

.xip_ram        0x15000000        0x0 load address 0x10006a78
                0x15000000                        __xip_ram_start__ = .
                0x15000000                        . = ALIGN (0x4)
 *(.xip_ram*)
                0x15000000                        . = ALIGN (0x4)
                0x15000000                        __xip_ram_end__ = .
                0x10006a78                        __xip_ram_source__ = LOADADDR (.xip_ram)

.ram_vector_table
                0x20000000       0xc0
 *(.ram_vector_table)
 .ram_vector_table
                0x20000000       0xc0 CMakeFiles/main.dir/home/alexander/Programming/rp2xxx/pico-sdk/src/rp2_common/pico_runtime_init/runtime_init.c.o
                0x20000000                ram_vector_table

.uninitialized_data
                0x200000c0        0x0
                0x200000c0                        . = ALIGN (0x4)
 *(.uninitialized_data*)

.data           0x200000c0     0x1120 load address 0x10006a78
                0x200000c0                        __data_start__ = .
 *(vtable)
 *(.time_critical*)
 .time_critical.mutex_try_enter
                0x200000c0       0x40 CMakeFiles/main.dir/home/alexander/Programming/rp2xxx/pico-sdk/src/common/pico_sync/mutex.c.o
                0x200000c0                mutex_try_enter
 .time_critical.mutex_enter_block_until
                0x20000100       0x64 CMakeFiles/main.dir/home/alexander/Programming/rp2xxx/pico-sdk/src/common/pico_sync/mutex.c.o
                0x20000100                mutex_enter_block_until
 .time_critical.mutex_try_enter_block_until
                0x20000164       0x34 CMakeFiles/main.dir/home/alexander/Programming/rp2xxx/pico-sdk/src/common/pico_sync/mutex.c.o
                0x20000164                mutex_try_enter_block_until
 .time_critical.mutex_enter_timeout_ms
                0x20000198       0x3c CMakeFiles/main.dir/home/alexander/Programming/rp2xxx/pico-sdk/src/common/pico_sync/mutex.c.o
                0x20000198                mutex_enter_timeout_ms
 .time_critical.mutex_exit
                0x200001d4       0x28 CMakeFiles/main.dir/home/alexander/Programming/rp2xxx/pico-sdk/src/common/pico_sync/mutex.c.o
                0x200001d4                mutex_exit
 .time_critical.flash_init_boot2_copyout
                0x200001fc       0x30 CMakeFiles/main.dir/home/alexander/Programming/rp2xxx/pico-sdk/src/rp2_common/hardware_flash/flash.c.o
 .time_critical.flash_enable_xip_via_boot2
                0x2000022c        0xc CMakeFiles/main.dir/home/alexander/Programming/rp2xxx/pico-sdk/src/rp2_common/hardware_flash/flash.c.o
 .time_critical.flash_save_hardware_state
                0x20000238       0x28 CMakeFiles/main.dir/home/alexander/Programming/rp2xxx/pico-sdk/src/rp2_common/hardware_flash/flash.c.o
 .time_critical.flash_restore_hardware_state
                0x20000260       0x28 CMakeFiles/main.dir/home/alexander/Programming/rp2xxx/pico-sdk/src/rp2_common/hardware_flash/flash.c.o
 .time_critical.flash_do_cmd_cs
                0x20000288      0x150 CMakeFiles/main.dir/home/alexander/Programming/rp2xxx/pico-sdk/src/rp2_common/hardware_flash/flash.c.o
                0x20000288                flash_do_cmd_cs
 .time_critical.reset_non_control_endpoints
                0x200003d8       0x68 CMakeFiles/main.dir/home/alexander/Programming/rp2xxx/pico-sdk/lib/tinyusb/src/portable/raspberrypi/rp2040/dcd_rp2040.c.o
 .time_critical.hw_handle_buff_status
                0x20000440       0x88 CMakeFiles/main.dir/home/alexander/Programming/rp2xxx/pico-sdk/lib/tinyusb/src/portable/raspberrypi/rp2040/dcd_rp2040.c.o
 .time_critical.dcd_rp2040_irq
                0x200004c8      0x540 CMakeFiles/main.dir/home/alexander/Programming/rp2xxx/pico-sdk/lib/tinyusb/src/portable/raspberrypi/rp2040/dcd_rp2040.c.o
 .time_critical.prepare_ep_buffer
                0x20000a08      0x174 CMakeFiles/main.dir/home/alexander/Programming/rp2xxx/pico-sdk/lib/tinyusb/src/portable/raspberrypi/rp2040/rp2040_usb.c.o
 .time_critical.sync_ep_buffer
                0x20000b7c      0x124 CMakeFiles/main.dir/home/alexander/Programming/rp2xxx/pico-sdk/lib/tinyusb/src/portable/raspberrypi/rp2040/rp2040_usb.c.o
 .time_critical._hw_endpoint_xfer_sync
                0x20000ca0       0x28 CMakeFiles/main.dir/home/alexander/Programming/rp2xxx/pico-sdk/lib/tinyusb/src/portable/raspberrypi/rp2040/rp2040_usb.c.o
 .time_critical.e15_is_bulkin_ep
                0x20000cc8       0x24 CMakeFiles/main.dir/home/alexander/Programming/rp2xxx/pico-sdk/lib/tinyusb/src/portable/raspberrypi/rp2040/rp2040_usb.c.o
 .time_critical.e15_is_critical_frame_period
                0x20000cec       0x30 CMakeFiles/main.dir/home/alexander/Programming/rp2xxx/pico-sdk/lib/tinyusb/src/portable/raspberrypi/rp2040/rp2040_usb.c.o
 .time_critical.hw_endpoint_reset_transfer
                0x20000d1c        0xc CMakeFiles/main.dir/home/alexander/Programming/rp2xxx/pico-sdk/lib/tinyusb/src/portable/raspberrypi/rp2040/rp2040_usb.c.o
                0x20000d1c                hw_endpoint_reset_transfer
 .time_critical._hw_endpoint_buffer_control_update32
                0x20000d28       0x50 CMakeFiles/main.dir/home/alexander/Programming/rp2xxx/pico-sdk/lib/tinyusb/src/portable/raspberrypi/rp2040/rp2040_usb.c.o
                0x20000d28                _hw_endpoint_buffer_control_update32
 .time_critical.hw_endpoint_start_next_buffer
                0x20000d78       0x6c CMakeFiles/main.dir/home/alexander/Programming/rp2xxx/pico-sdk/lib/tinyusb/src/portable/raspberrypi/rp2040/rp2040_usb.c.o
                0x20000d78                hw_endpoint_start_next_buffer
 .time_critical.hw_endpoint_xfer_continue
                0x20000de4       0x40 CMakeFiles/main.dir/home/alexander/Programming/rp2xxx/pico-sdk/lib/tinyusb/src/portable/raspberrypi/rp2040/rp2040_usb.c.o
                0x20000de4                hw_endpoint_xfer_continue
 .time_critical.tinyusb
                0x20000e24      0x1d4 CMakeFiles/main.dir/home/alexander/Programming/rp2xxx/pico-sdk/lib/tinyusb/src/device/usbd.c.o
                0x20000e24                dcd_event_handler
 .time_critical.spi_write_blocking
                0x20000ff8       0x50 CMakeFiles/main.dir/home/alexander/Programming/rp2xxx/pico-sdk/src/rp2_common/hardware_spi/spi.c.o
                0x20000ff8                spi_write_blocking
 *(.text*)
 .text          0x20001048        0x4 /usr/lib/gcc/arm-none-eabi/16.1.0/thumb/v6-m/nofp/libgcc.a(_dvmd_tls.o)
                0x20001048                __aeabi_ldiv0
                0x20001048                __aeabi_idiv0
 *fill*         0x2000104c        0x4 
 .text.__stub   0x20001050       0x80 linker stubs
                0x200010d0                        . = ALIGN (0x4)
 *(.rodata*)
                0x200010d0                        . = ALIGN (0x4)
                0x200010d0                        PROVIDE (__emutls_array_start = .)
 *(.*.__emutls_v.*)
                0x200010d0                        PROVIDE (__emutls_array_end = .)
                0x200010d0                        . = ALIGN (0x4)
 *(.data*)
 .data.striped_spin_lock_num
                0x200010d0        0x1 CMakeFiles/main.dir/home/alexander/Programming/rp2xxx/pico-sdk/src/rp2_common/hardware_sync/sync.c.o
 *fill*         0x200010d1        0x3 
 .data          0x200010d4       0x60 CMakeFiles/main.dir/home/alexander/Programming/rp2xxx/pico-sdk/src/rp2_common/hardware_irq/irq_handler_chain.S.o
                0x200010d4                irq_handler_chain_slots
                0x2000111c                irq_handler_chain_first_slot
                0x20001126                irq_handler_chain_remove_tail
 *fill*         0x20001134        0x4 
 .data.last_added.0
                0x20001138        0x8 CMakeFiles/main.dir/home/alexander/Programming/rp2xxx/pico-sdk/src/common/pico_time/time.c.o
 .data.default_alarm_pool
                0x20001140       0x18 CMakeFiles/main.dir/home/alexander/Programming/rp2xxx/pico-sdk/src/common/pico_time/time.c.o
 *fill*         0x20001158        0x8 
 .data.aeabi_bits_funcs
                0x20001160       0x10 CMakeFiles/main.dir/home/alexander/Programming/rp2xxx/pico-sdk/src/rp2_common/pico_bit_ops/bit_ops_aeabi.S.o
                0x20001160                aeabi_bits_funcs
                0x20001170                aeabi_bits_funcs_end
 .data.aeabi_mem_funcs
                0x20001170       0x10 CMakeFiles/main.dir/home/alexander/Programming/rp2xxx/pico-sdk/src/rp2_common/pico_mem_ops/mem_ops_aeabi.S.o
                0x20001170                aeabi_mem_funcs
                0x20001180                aeabi_mem_funcs_end
 .data.stdio_uart
                0x20001180       0x18 CMakeFiles/main.dir/home/alexander/Programming/rp2xxx/pico-sdk/src/rp2_common/pico_stdio_uart/stdio_uart.c.o
                0x20001180                stdio_uart
 .data.stdio_usb
                0x20001198       0x18 CMakeFiles/main.dir/home/alexander/Programming/rp2xxx/pico-sdk/src/rp2_common/pico_stdio_usb/stdio_usb.c.o
                0x20001198                stdio_usb
 .data._usbd_qdef
                0x200011b0       0x1c CMakeFiles/main.dir/home/alexander/Programming/rp2xxx/pico-sdk/lib/tinyusb/src/device/usbd.c.o
                0x200011b0                _usbd_qdef
 .data._usbd_rhport
                0x200011cc        0x1 CMakeFiles/main.dir/home/alexander/Programming/rp2xxx/pico-sdk/lib/tinyusb/src/device/usbd.c.o
 *fill*         0x200011cd        0x3 
 .data.i2c1_inst
                0x200011d0        0x8 CMakeFiles/main.dir/home/alexander/Programming/rp2xxx/pico-sdk/src/rp2_common/hardware_i2c/i2c.c.o
                0x200011d0                i2c1_inst
 *(.sdata*)
                0x200011d8                        . = ALIGN (0x4)
 *(.after_data.*)
                0x200011d8                        . = ALIGN (0x4)
                0x200011d8                        PROVIDE (__mutex_array_start = .)
 *(SORT_BY_NAME(.mutex_array.*))
 *(.mutex_array)
 .mutex_array   0x200011d8        0x8 CMakeFiles/main.dir/home/alexander/Programming/rp2xxx/pico-sdk/src/rp2_common/pico_stdio/stdio.c.o
                0x200011e0                        PROVIDE (__mutex_array_end = .)
 *(.jcr)
                0x200011e0                        . = ALIGN (0x4)

.igot.plt       0x200011e0        0x0 load address 0x10007b98
 .igot.plt      0x200011e0        0x0 CMakeFiles/main.dir/main.c.o

.tdata          0x200011e0        0x0 load address 0x10007b98
                0x200011e0                        . = ALIGN (0x4)
 *(.tdata .tdata.* .gnu.linkonce.td.*)
                0x200011e0                        __tdata_end = .
                0x200011e0                        PROVIDE (__data_end__ = .)
                0x10006a78                        __etext = LOADADDR (.data)
                0x200011e0                        . = ALIGN (0x4)

.tbss           0x200011e0        0x0 load address 0x10007b98
                0x200011e0                        __bss_start__ = .
                0x200011e0                        __tls_base = .
 *(.tbss .tbss.* .gnu.linkonce.tb.*)
 *(.tcommon)
                0x200011e0                        . = ALIGN (0x4)
                0x200011e0                        __tls_end = .

.tbss_space     0x200011e0        0x0 load address 0x10007b98
                0x200011e0                        . = (__bss_start__ + SIZEOF (.tbss))

.bss            0x200011e0    0x1ce44 load address 0x10007b98
                0x200011e0                        . = ALIGN (0x4)
                0x200011e0                        __tbss_end = .
 *(SORT_BY_ALIGNMENT(SORT_BY_NAME(.bss*)))
 .bss._cdcd_itf
                0x200011e0       0xc8 CMakeFiles/main.dir/home/alexander/Programming/rp2xxx/pico-sdk/lib/tinyusb/src/class/cdc/cdc_device.c.o
 .bss.default_alarm_pool_entries
                0x200012a8      0x180 CMakeFiles/main.dir/home/alexander/Programming/rp2xxx/pico-sdk/src/common/pico_time/time.c.o
 .bss.last_avail_time.1
                0x20001428        0x8 CMakeFiles/main.dir/home/alexander/Programming/rp2xxx/pico-sdk/src/rp2_common/pico_stdio_usb/stdio_usb.c.o
 .bss.sd_table  0x20001430      0x100 CMakeFiles/main.dir/home/alexander/Programming/rp2xxx/pico-sdk/src/rp2_common/pico_double/double_init_rom_rp2040.c.o
                0x20001430                sd_table
 .bss.FBuffer   0x20001530    0x1c200 CMakeFiles/main.dir/main.c.o
 .bss.LCD_1IN28
                0x2001d730        0x6 lib/LCD/libLCD.a(LCD_1in28.c.o)
                0x2001d730                LCD_1IN28
 *fill*         0x2001d736        0x2 
 .bss.Paint     0x2001d738       0x10 lib/GUI/libGUI.a(GUI_Paint.c.o)
                0x2001d738                Paint
 .bss._app_driver
                0x2001d748        0x4 CMakeFiles/main.dir/home/alexander/Programming/rp2xxx/pico-sdk/lib/tinyusb/src/device/usbd.c.o
 .bss._cdcd_epbuf
                0x2001d74c       0x80 CMakeFiles/main.dir/home/alexander/Programming/rp2xxx/pico-sdk/lib/tinyusb/src/class/cdc/cdc_device.c.o
 .bss._cdcd_fifo_cfg
                0x2001d7cc        0x1 CMakeFiles/main.dir/home/alexander/Programming/rp2xxx/pico-sdk/lib/tinyusb/src/class/cdc/cdc_device.c.o
 *fill*         0x2001d7cd        0x3 
 .bss._ctrl_epbuf
                0x2001d7d0       0x40 CMakeFiles/main.dir/home/alexander/Programming/rp2xxx/pico-sdk/lib/tinyusb/src/device/usbd_control.c.o
 .bss._ctrl_xfer
                0x2001d810       0x14 CMakeFiles/main.dir/home/alexander/Programming/rp2xxx/pico-sdk/lib/tinyusb/src/device/usbd_control.c.o
 .bss._tusb_rhport_role
                0x2001d824        0x2 CMakeFiles/main.dir/home/alexander/Programming/rp2xxx/pico-sdk/lib/tinyusb/src/tusb.c.o
                0x2001d824                _tusb_rhport_role
 *fill*         0x2001d826        0x2 
 .bss._ubsd_mutexdef
                0x2001d828        0x8 CMakeFiles/main.dir/home/alexander/Programming/rp2xxx/pico-sdk/lib/tinyusb/src/device/usbd.c.o
 .bss._usbd_dev
                0x2001d830       0x54 CMakeFiles/main.dir/home/alexander/Programming/rp2xxx/pico-sdk/lib/tinyusb/src/device/usbd.c.o
 .bss._usbd_mutex
                0x2001d884        0x4 CMakeFiles/main.dir/home/alexander/Programming/rp2xxx/pico-sdk/lib/tinyusb/src/device/usbd.c.o
 .bss._usbd_q   0x2001d888        0x4 CMakeFiles/main.dir/home/alexander/Programming/rp2xxx/pico-sdk/lib/tinyusb/src/device/usbd.c.o
 .bss._usbd_qdef_buf
                0x2001d88c       0xc0 CMakeFiles/main.dir/home/alexander/Programming/rp2xxx/pico-sdk/lib/tinyusb/src/device/usbd.c.o
                0x2001d88c                _usbd_qdef_buf
 .bss.boot2_copyout
                0x2001d94c      0x100 CMakeFiles/main.dir/home/alexander/Programming/rp2xxx/pico-sdk/src/rp2_common/hardware_flash/flash.c.o
 .bss.chars_available_callback
                0x2001da4c        0x4 CMakeFiles/main.dir/home/alexander/Programming/rp2xxx/pico-sdk/src/rp2_common/pico_stdio_uart/stdio_uart.c.o
 .bss.chars_available_callback
                0x2001da50        0x4 CMakeFiles/main.dir/home/alexander/Programming/rp2xxx/pico-sdk/src/rp2_common/pico_stdio_usb/stdio_usb.c.o
 .bss.chars_available_param
                0x2001da54        0x4 CMakeFiles/main.dir/home/alexander/Programming/rp2xxx/pico-sdk/src/rp2_common/pico_stdio_uart/stdio_uart.c.o
 .bss.chars_available_param
                0x2001da58        0x4 CMakeFiles/main.dir/home/alexander/Programming/rp2xxx/pico-sdk/src/rp2_common/pico_stdio_usb/stdio_usb.c.o
 .bss.claimed   0x2001da5c        0x4 CMakeFiles/main.dir/home/alexander/Programming/rp2xxx/pico-sdk/src/rp2_common/hardware_sync/sync.c.o
 .bss.claimed   0x2001da60        0x1 CMakeFiles/main.dir/home/alexander/Programming/rp2xxx/pico-sdk/src/rp2_common/hardware_timer/timer.c.o
 *fill*         0x2001da61        0x3 
 .bss.configured_freq
                0x2001da64       0x28 CMakeFiles/main.dir/home/alexander/Programming/rp2xxx/pico-sdk/src/rp2_common/hardware_clocks/clocks.c.o
 .bss.desc_str.0
                0x2001da8c       0x28 CMakeFiles/main.dir/home/alexander/Programming/rp2xxx/pico-sdk/src/rp2_common/pico_stdio_usb/stdio_usb_descriptors.c.o
 .bss.drivers   0x2001dab4        0x4 CMakeFiles/main.dir/home/alexander/Programming/rp2xxx/pico-sdk/src/rp2_common/pico_stdio/stdio.c.o
 .bss.e15_last_sof
                0x2001dab8        0x4 CMakeFiles/main.dir/home/alexander/Programming/rp2xxx/pico-sdk/lib/tinyusb/src/portable/raspberrypi/rp2040/rp2040_usb.c.o
                0x2001dab8                e15_last_sof