Archive member included to satisfy reference by file (symbol)

examples/libexamples.a(images.c.o)
                              CMakeFiles/main.dir/main.c.o (skeleton)
lib/LCD/libLCD.a(LCD_1in28.c.o)
                              CMakeFiles/main.dir/main.c.o (LCD_1IN28_Init)
lib/GUI/libGUI.a(GUI_Paint.c.o)
                              CMakeFiles/main.dir/main.c.o (Paint_NewImage)
lib/Fonts/libFonts.a(font16.c.o)
                              CMakeFiles/main.dir/main.c.o (Font16)
lib/Fonts/libFonts.a(font20.c.o)
                              CMakeFiles/main.dir/main.c.o (Font20)
lib/Fonts/libFonts.a(font24.c.o)
                              CMakeFiles/main.dir/main.c.o (Font24)
lib/Rasteriser/libRasteriser.a(rasteriser.c.o)
                              CMakeFiles/main.dir/main.c.o (draw)
lib/Config/libConfig.a(DEV_Config.c.o)
                              CMakeFiles/main.dir/main.c.o (DEV_Delay_ms)
/usr/lib/gcc/arm-none-eabi/16.1.0/thumb/v6-m/nofp/libgcc.a(_dvmd_tls.o)
                              CMakeFiles/main.dir/home/alexander/Programming/rp2xxx/pico-sdk/src/rp2_common/pico_divider/divider_hardware.S.o (__aeabi_idiv0)
/usr/lib/gcc/arm-none-eabi/16.1.0/../../../../arm-none-eabi/lib/thumb/v6-m/nofp/libg.a(libc_a-calloc.o)
                              CMakeFiles/main.dir/home/alexander/Programming/rp2xxx/pico-sdk/src/rp2_common/pico_malloc/malloc.c.o (calloc)
/usr/lib/gcc/arm-none-eabi/16.1.0/../../../../arm-none-eabi/lib/thumb/v6-m/nofp/libg.a(libc_a-callocr.o)
                              /usr/lib/gcc/arm-none-eabi/16.1.0/../../../../arm-none-eabi/lib/thumb/v6-m/nofp/libg.a(libc_a-calloc.o) (_calloc_r)
/usr/lib/gcc/arm-none-eabi/16.1.0/../../../../arm-none-eabi/lib/thumb/v6-m/nofp/libg.a(libc_a-malloc.o)
                              CMakeFiles/main.dir/home/alexander/Programming/rp2xxx/pico-sdk/src/rp2_common/pico_malloc/malloc.c.o (malloc)
/usr/lib/gcc/arm-none-eabi/16.1.0/../../../../arm-none-eabi/lib/thumb/v6-m/nofp/libg.a(libc_a-mallocr.o)
                              /usr/lib/gcc/arm-none-eabi/16.1.0/../../../../arm-none-eabi/lib/thumb/v6-m/nofp/libg.a(libc_a-callocr.o) (_malloc_r)
/usr/lib/gcc/arm-none-eabi/16.1.0/../../../../arm-none-eabi/lib/thumb/v6-m/nofp/libg.a(libc_a-mlock.o)
                              /usr/lib/gcc/arm-none-eabi/16.1.0/../../../../arm-none-eabi/lib/thumb/v6-m/nofp/libg.a(libc_a-mallocr.o) (__malloc_lock)
/usr/lib/gcc/arm-none-eabi/16.1.0/../../../../arm-none-eabi/lib/thumb/v6-m/nofp/libg.a(libc_a-realloc.o)
                              CMakeFiles/main.dir/home/alexander/Programming/rp2xxx/pico-sdk/src/rp2_common/pico_malloc/malloc.c.o (realloc)
/usr/lib/gcc/arm-none-eabi/16.1.0/../../../../arm-none-eabi/lib/thumb/v6-m/nofp/libg.a(libc_a-reallocr.o)
                              /usr/lib/gcc/arm-none-eabi/16.1.0/../../../../arm-none-eabi/lib/thumb/v6-m/nofp/libg.a(libc_a-realloc.o) (_realloc_r)
/usr/lib/gcc/arm-none-eabi/16.1.0/../../../../arm-none-eabi/lib/thumb/v6-m/nofp/libg.a(libc_a-memcmp.o)
                              CMakeFiles/main.dir/home/alexander/Programming/rp2xxx/pico-sdk/src/rp2_common/pico_atomic/atomic.c.o (memcmp)
/usr/lib/gcc/arm-none-eabi/16.1.0/../../../../arm-none-eabi/lib/thumb/v6-m/nofp/libg.a(libc_a-memmove.o)
                              /usr/lib/gcc/arm-none-eabi/16.1.0/../../../../arm-none-eabi/lib/thumb/v6-m/nofp/libg.a(libc_a-reallocr.o) (memmove)
/usr/lib/gcc/arm-none-eabi/16.1.0/../../../../arm-none-eabi/lib/thumb/v6-m/nofp/libg.a(libc_a-lcltime_r.o)
                              CMakeFiles/main.dir/home/alexander/Programming/rp2xxx/pico-sdk/src/common/pico_util/datetime.c.o (localtime_r)
/usr/lib/gcc/arm-none-eabi/16.1.0/../../../../arm-none-eabi/lib/thumb/v6-m/nofp/libg.a(libc_a-mktime.o)
                              CMakeFiles/main.dir/home/alexander/Programming/rp2xxx/pico-sdk/src/common/pico_util/datetime.c.o (mktime)
/usr/lib/gcc/arm-none-eabi/16.1.0/../../../../arm-none-eabi/lib/thumb/v6-m/nofp/libg.a(libc_a-month_lengths.o)
                              /usr/lib/gcc/arm-none-eabi/16.1.0/../../../../arm-none-eabi/lib/thumb/v6-m/nofp/libg.a(libc_a-lcltime_r.o) (__month_lengths)
/usr/lib/gcc/arm-none-eabi/16.1.0/../../../../arm-none-eabi/lib/thumb/v6-m/nofp/libg.a(libc_a-tzcalc_limits.o)
                              /usr/lib/gcc/arm-none-eabi/16.1.0/../../../../arm-none-eabi/lib/thumb/v6-m/nofp/libg.a(libc_a-lcltime_r.o) (__tzcalc_limits)
/usr/lib/gcc/arm-none-eabi/16.1.0/../../../../arm-none-eabi/lib/thumb/v6-m/nofp/libg.a(libc_a-tzlock.o)
                              /usr/lib/gcc/arm-none-eabi/16.1.0/../../../../arm-none-eabi/lib/thumb/v6-m/nofp/libg.a(libc_a-lcltime_r.o) (__tz_lock)
/usr/lib/gcc/arm-none-eabi/16.1.0/../../../../arm-none-eabi/lib/thumb/v6-m/nofp/libg.a(libc_a-tzset.o)
                              /usr/lib/gcc/arm-none-eabi/16.1.0/../../../../arm-none-eabi/lib/thumb/v6-m/nofp/libg.a(libc_a-lcltime_r.o) (_tzset_unlocked)
[...]
Memory Configuration

Name             Origin             Length             Attributes
FLASH            0x10000000         0x00400000         xr
XIP_RAM          0x15000000         0x00004000         xrw
RAM              0x20000000         0x00040000         xrw
SCRATCH_X        0x20040000         0x00001000         xrw
SCRATCH_Y        0x20041000         0x00001000         xrw
*default*        0x00000000         0xffffffff

Linker script and memory map

                0x20000000                        RAM_ORIGIN_DEFAULT = 0x20000000
                0x00040000                        RAM_LENGTH_DEFAULT = 0x40000
                0x20040000                        SCRATCH_X_ORIGIN_DEFAULT = 0x20040000
                0x00001000                        SCRATCH_X_LENGTH_DEFAULT = 0x1000
                0x20041000                        SCRATCH_Y_ORIGIN_DEFAULT = 0x20041000
                0x00001000                        SCRATCH_Y_LENGTH_DEFAULT = 0x1000
                0x15000000                        XIP_RAM_ORIGIN_DEFAULT = 0x15000000
                0x00004000                        XIP_RAM_LENGTH_DEFAULT = 0x4000
LOAD CMakeFiles/main.dir/main.c.o
LOAD CMakeFiles/main.dir/home/alexander/Programming/rp2xxx/pico-sdk/src/rp2_common/pico_stdlib/stdlib.c.o
LOAD CMakeFiles/main.dir/home/alexander/Programming/rp2xxx/pico-sdk/src/rp2_common/hardware_gpio/gpio.c.o
LOAD CMakeFiles/main.dir/home/alexander/Programming/rp2xxx/pico-sdk/src/rp2040/pico_platform/platform.c.o
LOAD CMakeFiles/main.dir/home/alexander/Programming/rp2xxx/pico-sdk/src/rp2_common/pico_platform_common/common.c.o
LOAD CMakeFiles/main.dir/home/alexander/Programming/rp2xxx/pico-sdk/src/rp2_common/pico_platform_panic/panic.c.o
LOAD CMakeFiles/main.dir/home/alexander/Programming/rp2xxx/pico-sdk/src/rp2_common/pico_platform_panic/custom_panic_function.S.o
LOAD CMakeFiles/main.dir/home/alexander/Programming/rp2xxx/pico-sdk/src/common/hardware_claim/claim.c.o
LOAD CMakeFiles/main.dir/home/alexander/Programming/rp2xxx/pico-sdk/src/rp2_common/hardware_sync/sync.c.o
LOAD CMakeFiles/main.dir/home/alexander/Programming/rp2xxx/pico-sdk/src/rp2_common/hardware_sync_spin_lock/sync_spin_lock.c.o
LOAD CMakeFiles/main.dir/home/alexander/Programming/rp2xxx/pico-sdk/src/rp2_common/hardware_irq/irq.c.o
LOAD CMakeFiles/main.dir/home/alexander/Programming/rp2xxx/pico-sdk/src/rp2_common/hardware_irq/irq_handler_chain.S.o
LOAD CMakeFiles/main.dir/home/alexander/Programming/rp2xxx/pico-sdk/src/common/pico_sync/sem.c.o
LOAD CMakeFiles/main.dir/home/alexander/Programming/rp2xxx/pico-sdk/src/common/pico_sync/lock_core.c.o
LOAD CMakeFiles/main.dir/home/alexander/Programming/rp2xxx/pico-sdk/src/common/pico_sync/mutex.c.o
LOAD CMakeFiles/main.dir/home/alexander/Programming/rp2xxx/pico-sdk/src/common/pico_sync/critical_section.c.o
LOAD CMakeFiles/main.dir/home/alexander/Programming/rp2xxx/pico-sdk/src/common/pico_time/time.c.o
LOAD CMakeFiles/main.dir/home/alexander/Programming/rp2xxx/pico-sdk/src/common/pico_time/timeout_helper.c.o
LOAD CMakeFiles/main.dir/home/alexander/Programming/rp2xxx/pico-sdk/src/rp2_common/hardware_timer/timer.c.o
LOAD CMakeFiles/main.dir/home/alexander/Programming/rp2xxx/pico-sdk/src/common/pico_util/datetime.c.o
LOAD CMakeFiles/main.dir/home/alexander/Programming/rp2xxx/pico-sdk/src/common/pico_util/fixed_bitset.c.o
LOAD CMakeFiles/main.dir/home/alexander/Programming/rp2xxx/pico-sdk/src/common/pico_util/pheap.c.o
LOAD CMakeFiles/main.dir/home/alexander/Programming/rp2xxx/pico-sdk/src/common/pico_util/queue.c.o
LOAD CMakeFiles/main.dir/home/alexander/Programming/rp2xxx/pico-sdk/src/rp2_common/hardware_uart/uart.c.o
LOAD CMakeFiles/main.dir/home/alexander/Programming/rp2xxx/pico-sdk/src/rp2_common/hardware_clocks/clocks.c.o
LOAD CMakeFiles/main.dir/home/alexander/Programming/rp2xxx/pico-sdk/src/rp2_common/hardware_pll/pll.c.o
LOAD CMakeFiles/main.dir/home/alexander/Programming/rp2xxx/pico-sdk/src/rp2_common/hardware_vreg/vreg.c.o
LOAD CMakeFiles/main.dir/home/alexander/Programming/rp2xxx/pico-sdk/src/rp2_common/hardware_watchdog/watchdog.c.o
LOAD CMakeFiles/main.dir/home/alexander/Programming/rp2xxx/pico-sdk/src/rp2_common/hardware_ticks/ticks.c.o
LOAD CMakeFiles/main.dir/home/alexander/Programming/rp2xxx/pico-sdk/src/rp2_common/pico_bootrom/bootrom.c.o
LOAD CMakeFiles/main.dir/home/alexander/Programming/rp2xxx/pico-sdk/src/rp2_common/pico_bootrom/bootrom_lock.c.o
LOAD CMakeFiles/main.dir/home/alexander/Programming/rp2xxx/pico-sdk/src/rp2_common/hardware_boot_lock/boot_lock.c.o
LOAD CMakeFiles/main.dir/home/alexander/Programming/rp2xxx/pico-sdk/src/rp2_common/pico_flash/flash.c.o
LOAD CMakeFiles/main.dir/home/alexander/Programming/rp2xxx/pico-sdk/src/rp2_common/hardware_xosc/xosc.c.o
LOAD CMakeFiles/main.dir/home/alexander/Programming/rp2xxx/pico-sdk/src/rp2_common/hardware_divider/divider.S.o
LOAD CMakeFiles/main.dir/home/alexander/Programming/rp2xxx/pico-sdk/src/rp2_common/pico_runtime/runtime.c.o
LOAD CMakeFiles/main.dir/home/alexander/Programming/rp2xxx/pico-sdk/src/rp2_common/pico_runtime_init/runtime_init.c.o
LOAD CMakeFiles/main.dir/home/alexander/Programming/rp2xxx/pico-sdk/src/rp2_common/pico_runtime_init/runtime_init_clocks.c.o
LOAD CMakeFiles/main.dir/home/alexander/Programming/rp2xxx/pico-sdk/src/rp2_common/pico_runtime_init/runtime_init_stack_guard.c.o
LOAD CMakeFiles/main.dir/home/alexander/Programming/rp2xxx/pico-sdk/src/rp2_common/hardware_rtc/rtc.c.o
LOAD CMakeFiles/main.dir/home/alexander/Programming/rp2xxx/pico-sdk/src/rp2_common/pico_bit_ops/bit_ops_aeabi.S.o
LOAD CMakeFiles/main.dir/home/alexander/Programming/rp2xxx/pico-sdk/src/rp2_common/pico_divider/divider_hardware.S.o
LOAD CMakeFiles/main.dir/home/alexander/Programming/rp2xxx/pico-sdk/src/rp2_common/pico_double/double_aeabi_rp2040.S.o
LOAD CMakeFiles/main.dir/home/alexander/Programming/rp2xxx/pico-sdk/src/rp2_common/pico_double/double_init_rom_rp2040.c.o
LOAD CMakeFiles/main.dir/home/alexander/Programming/rp2xxx/pico-sdk/src/rp2_common/pico_double/double_math.c.o
LOAD CMakeFiles/main.dir/home/alexander/Programming/rp2xxx/pico-sdk/src/rp2_common/pico_double/double_v1_rom_shim_rp2040.S.o
LOAD CMakeFiles/main.dir/home/alexander/Programming/rp2xxx/pico-sdk/src/rp2_common/pico_int64_ops/pico_int64_ops_aeabi.S.o
LOAD CMakeFiles/main.dir/home/alexander/Programming/rp2xxx/pico-sdk/src/rp2_common/pico_float/float_aeabi_rp2040.S.o
LOAD CMakeFiles/main.dir/home/alexander/Programming/rp2xxx/pico-sdk/src/rp2_common/pico_float/float_init_rom_rp2040.c.o
LOAD CMakeFiles/main.dir/home/alexander/Programming/rp2xxx/pico-sdk/src/rp2_common/pico_float/float_math.c.o
LOAD CMakeFiles/main.dir/home/alexander/Programming/rp2xxx/pico-sdk/src/rp2_common/pico_float/float_v1_rom_shim_rp2040.S.o
LOAD CMakeFiles/main.dir/home/alexander/Programming/rp2xxx/pico-sdk/src/rp2_common/pico_malloc/malloc.c.o
LOAD CMakeFiles/main.dir/home/alexander/Programming/rp2xxx/pico-sdk/src/rp2_common/pico_mem_ops/mem_ops_aeabi.S.o
LOAD CMakeFiles/main.dir/home/alexander/Programming/rp2xxx/pico-sdk/src/rp2_common/pico_atomic/atomic.c.o
LOAD CMakeFiles/main.dir/home/alexander/Programming/rp2xxx/pico-sdk/src/rp2_common/pico_cxx_options/new_delete.cpp.o
LOAD CMakeFiles/main.dir/home/alexander/Programming/rp2xxx/pico-sdk/src/rp2_common/pico_standard_binary_info/standard_binary_info.c.o
LOAD CMakeFiles/main.dir/home/alexander/Programming/rp2xxx/pico-sdk/src/rp2_common/pico_printf/printf.c.o
LOAD CMakeFiles/main.dir/home/alexander/Programming/rp2xxx/pico-sdk/src/rp2_common/pico_crt0/crt0.S.o
LOAD CMakeFiles/main.dir/home/alexander/Programming/rp2xxx/pico-sdk/src/rp2_common/pico_clib_interface/newlib_interface.c.o
LOAD CMakeFiles/main.dir/home/alexander/Programming/rp2xxx/pico-sdk/src/rp2_common/pico_clib_interface/cxa_guard.c.o
LOAD CMakeFiles/main.dir/home/alexander/Programming/rp2xxx/pico-sdk/src/rp2_common/pico_stdio/stdio.c.o
LOAD CMakeFiles/main.dir/home/alexander/Programming/rp2xxx/pico-sdk/src/rp2_common/pico_stdio_uart/stdio_uart.c.o
LOAD CMakeFiles/main.dir/home/alexander/Programming/rp2xxx/pico-sdk/src/rp2_common/pico_stdio_usb/stdio_usb.c.o
LOAD CMakeFiles/main.dir/home/alexander/Programming/rp2xxx/pico-sdk/src/rp2_common/pico_stdio_usb/stdio_usb_descriptors.c.o
LOAD CMakeFiles/main.dir/home/alexander/Programming/rp2xxx/pico-sdk/src/rp2_common/pico_unique_id/unique_id.c.o
LOAD CMakeFiles/main.dir/home/alexander/Programming/rp2xxx/pico-sdk/src/rp2_common/hardware_flash/flash.c.o
LOAD CMakeFiles/main.dir/home/alexander/Programming/rp2xxx/pico-sdk/src/rp2_common/hardware_xip_cache/xip_cache.c.o
LOAD CMakeFiles/main.dir/home/alexander/Programming/rp2xxx/pico-sdk/src/rp2_common/pico_usb_reset/usb_reset.c.o
LOAD CMakeFiles/main.dir/home/alexander/Programming/rp2xxx/pico-sdk/lib/tinyusb/src/portable/raspberrypi/rp2040/dcd_rp2040.c.o
LOAD CMakeFiles/main.dir/home/alexander/Programming/rp2xxx/pico-sdk/lib/tinyusb/src/portable/raspberrypi/rp2040/rp2040_usb.c.o
LOAD CMakeFiles/main.dir/home/alexander/Programming/rp2xxx/pico-sdk/lib/tinyusb/src/device/usbd.c.o
LOAD CMakeFiles/main.dir/home/alexander/Programming/rp2xxx/pico-sdk/lib/tinyusb/src/device/usbd_control.c.o
LOAD CMakeFiles/main.dir/home/alexander/Programming/rp2xxx/pico-sdk/lib/tinyusb/src/class/audio/audio_device.c.o
LOAD CMakeFiles/main.dir/home/alexander/Programming/rp2xxx/pico-sdk/lib/tinyusb/src/class/cdc/cdc_device.c.o
LOAD CMakeFiles/main.dir/home/alexander/Programming/rp2xxx/pico-sdk/lib/tinyusb/src/class/dfu/dfu_device.c.o
LOAD CMakeFiles/main.dir/home/alexander/Programming/rp2xxx/pico-sdk/lib/tinyusb/src/class/dfu/dfu_rt_device.c.o
LOAD CMakeFiles/main.dir/home/alexander/Programming/rp2xxx/pico-sdk/lib/tinyusb/src/class/hid/hid_device.c.o
LOAD CMakeFiles/main.dir/home/alexander/Programming/rp2xxx/pico-sdk/lib/tinyusb/src/class/midi/midi_device.c.o
LOAD CMakeFiles/main.dir/home/alexander/Programming/rp2xxx/pico-sdk/lib/tinyusb/src/class/msc/msc_device.c.o
LOAD CMakeFiles/main.dir/home/alexander/Programming/rp2xxx/pico-sdk/lib/tinyusb/src/class/net/ecm_rndis_device.c.o
LOAD CMakeFiles/main.dir/home/alexander/Programming/rp2xxx/pico-sdk/lib/tinyusb/src/class/net/ncm_device.c.o
LOAD CMakeFiles/main.dir/home/alexander/Programming/rp2xxx/pico-sdk/lib/tinyusb/src/class/usbtmc/usbtmc_device.c.o
LOAD CMakeFiles/main.dir/home/alexander/Programming/rp2xxx/pico-sdk/lib/tinyusb/src/class/vendor/vendor_device.c.o
LOAD CMakeFiles/main.dir/home/alexander/Programming/rp2xxx/pico-sdk/lib/tinyusb/src/class/video/video_device.c.o
LOAD CMakeFiles/main.dir/home/alexander/Programming/rp2xxx/pico-sdk/lib/tinyusb/src/tusb.c.o
LOAD CMakeFiles/main.dir/home/alexander/Programming/rp2xxx/pico-sdk/lib/tinyusb/src/common/tusb_fifo.c.o
LOAD CMakeFiles/main.dir/home/alexander/Programming/rp2xxx/pico-sdk/src/rp2_common/pico_fix/rp2040_usb_device_enumeration/rp2040_usb_device_enumeration.c.o
LOAD CMakeFiles/main.dir/home/alexander/Programming/rp2xxx/pico-sdk/src/rp2_common/pico_thread_local/thread_local.c.o
LOAD CMakeFiles/main.dir/home/alexander/Programming/rp2xxx/pico-sdk/src/rp2_common/hardware_spi/spi.c.o
LOAD CMakeFiles/main.dir/home/alexander/Programming/rp2xxx/pico-sdk/src/rp2_common/hardware_i2c/i2c.c.o
LOAD CMakeFiles/main.dir/home/alexander/Programming/rp2xxx/pico-sdk/src/rp2_common/hardware_adc/adc.c.o
LOAD pico-sdk/src/rp2040/boot_stage2/CMakeFiles/bs2_default_library.dir/bs2_default_padded_checksummed.S.o
LOAD examples/libexamples.a
LOAD lib/LCD/libLCD.a
LOAD lib/Touch/libTouch.a
LOAD lib/QMI8658/libQMI8658.a
LOAD lib/GUI/libGUI.a
LOAD lib/Fonts/libFonts.a
LOAD lib/Rasteriser/libRasteriser.a
LOAD lib/Config/libConfig.a
LOAD /usr/lib/gcc/arm-none-eabi/16.1.0/../../../../arm-none-eabi/lib/thumb/v6-m/nofp/libstdc++.a
LOAD /usr/lib/gcc/arm-none-eabi/16.1.0/../../../../arm-none-eabi/lib/thumb/v6-m/nofp/libm.a
START GROUP
LOAD /usr/lib/gcc/arm-none-eabi/16.1.0/thumb/v6-m/nofp/libgcc.a
LOAD /usr/lib/gcc/arm-none-eabi/16.1.0/../../../../arm-none-eabi/lib/thumb/v6-m/nofp/libg.a
LOAD /usr/lib/gcc/arm-none-eabi/16.1.0/../../../../arm-none-eabi/lib/thumb/v6-m/nofp/libc.a
END GROUP
                0x20000000                        PROVIDE (RAM_ORIGIN = RAM_ORIGIN_DEFAULT)
                0x00040000                        PROVIDE (RAM_LENGTH = RAM_LENGTH_DEFAULT)
                0x20040000                        PROVIDE (SCRATCH_X_ORIGIN = SCRATCH_X_ORIGIN_DEFAULT)
                0x00001000                        PROVIDE (SCRATCH_X_LENGTH = SCRATCH_X_LENGTH_DEFAULT)
                0x20041000                        PROVIDE (SCRATCH_Y_ORIGIN = SCRATCH_Y_ORIGIN_DEFAULT)
                0x00001000                        PROVIDE (SCRATCH_Y_LENGTH = SCRATCH_Y_LENGTH_DEFAULT)
                0x15000000                        PROVIDE (XIP_RAM_ORIGIN = XIP_RAM_ORIGIN_DEFAULT)
                0x00004000                        PROVIDE (XIP_RAM_LENGTH = XIP_RAM_LENGTH_DEFAULT)
                0x20000000                        RAM_ORIGIN = DEFINED (RAM_ORIGIN)?RAM_ORIGIN:RAM_ORIGIN_DEFAULT
                0x00040000                        RAM_LENGTH = DEFINED (RAM_LENGTH)?RAM_LENGTH:RAM_LENGTH_DEFAULT
                0x20040000                        SCRATCH_X_ORIGIN = DEFINED (SCRATCH_X_ORIGIN)?SCRATCH_X_ORIGIN:SCRATCH_X_ORIGIN_DEFAULT
                0x00001000                        SCRATCH_X_LENGTH = DEFINED (SCRATCH_X_LENGTH)?SCRATCH_X_LENGTH:SCRATCH_X_LENGTH_DEFAULT
                0x20041000                        SCRATCH_Y_ORIGIN = DEFINED (SCRATCH_Y_ORIGIN)?SCRATCH_Y_ORIGIN:SCRATCH_Y_ORIGIN_DEFAULT
                0x00001000                        SCRATCH_Y_LENGTH = DEFINED (SCRATCH_Y_LENGTH)?SCRATCH_Y_LENGTH:SCRATCH_Y_LENGTH_DEFAULT
                0x15000000                        XIP_RAM_ORIGIN = DEFINED (XIP_RAM_ORIGIN)?XIP_RAM_ORIGIN:XIP_RAM_ORIGIN_DEFAULT
                0x00004000                        XIP_RAM_LENGTH = DEFINED (XIP_RAM_LENGTH)?XIP_RAM_LENGTH:XIP_RAM_LENGTH_DEFAULT

.flash_begin    0x10000000        0x0
                0x10000000                        __flash_binary_start = .

.boot2          0x10000000      0x100
                0x10000000                        __boot2_start__ = .
 *(.boot2)
 .boot2         0x10000000      0x100 pico-sdk/src/rp2040/boot_stage2/CMakeFiles/bs2_default_library.dir/bs2_default_padded_checksummed.S.o
                0x10000100                        __boot2_end__ = .
                0x00000001                        ASSERT (((__boot2_end__ - __boot2_start__) == 0x100), ERROR: Pico second stage bootloader must be exactly 256 bytes in size for RP2040)

.text           0x10000100     0x8828
                0x10000100                        __logical_binary_start = .
 *(.vectors)
 .vectors       0x10000100       0xd4 CMakeFiles/main.dir/home/alexander/Programming/rp2xxx/pico-sdk/src/rp2_common/pico_crt0/crt0.S.o
                0x10000100                __vectors
                0x10000100                __VECTOR_TABLE
                0x100001c0                isr_irq30
                0x100001c0                __unhandled_user_irq
                0x100001c0                isr_irq13
                0x100001c0                isr_irq27
                0x100001c0                isr_irq31
                0x100001c0                isr_irq5
                0x100001c0                isr_irq11
                0x100001c0                isr_irq23
                0x100001c0                isr_irq18
                0x100001c0                isr_irq28
                0x100001c0                isr_irq19
                0x100001c0                isr_irq0
                0x100001c0                isr_irq6
                0x100001c0                isr_irq22
                0x100001c0                isr_irq17
                0x100001c0                isr_irq14
                0x100001c0                __vectors_end
                0x100001c0                __default_isrs_start
                0x100001c0                isr_irq2
                0x100001c0                isr_irq10
                0x100001c0                isr_irq8
                0x100001c0                isr_irq24
                0x100001c0                isr_irq1
                0x100001c0                isr_irq7
                0x100001c0                isr_irq21
                0x100001c0                isr_irq20
                0x100001c0                isr_irq15
                0x100001c0                isr_irq25
                0x100001c0                isr_irq4
                0x100001c0                isr_irq16
                0x100001c0                isr_irq29
                0x100001c0                isr_irq26
                0x100001c0                isr_irq3
                0x100001c0                isr_irq12
                0x100001c0                isr_irq9
                0x100001c6                unhandled_user_irq_num_in_r0
                0x100001c8                isr_invalid
                0x100001ca                isr_nmi
                0x100001cc                isr_hardfault
                0x100001ce                isr_svcall
                0x100001d0                isr_pendsv
                0x100001d2                isr_systick
                0x100001d4                __default_isrs_end
 *(.binary_info_header)
 .binary_info_header
                0x100001d4       0x14 CMakeFiles/main.dir/home/alexander/Programming/rp2xxx/pico-sdk/src/rp2_common/pico_crt0/crt0.S.o
                0x100001e8                        __binary_info_header_end = .
 *(.embedded_block)
                0x100001e8                        __embedded_block_end = .
 *(.reset)
 .reset         0x100001e8       0x98 CMakeFiles/main.dir/home/alexander/Programming/rp2xxx/pico-sdk/src/rp2_common/pico_crt0/crt0.S.o
                0x100001e8                _entry_point
 *(.init)
 *libgcc.a:cmse_nonsecure_call.o()
 *(EXCLUDE_FILE(*libm.a: *lib*_a-mem*.o *libc.a: *libgcc.a:) .text*)
 .text.startup.main
                0x10000280       0xe4 CMakeFiles/main.dir/main.c.o
                0x10000280                main
 .text.gpio_set_function
                0x10000364       0x34 CMakeFiles/main.dir/home/alexander/Programming/rp2xxx/pico-sdk/src/rp2_common/hardware_gpio/gpio.c.o
                0x10000364                gpio_set_function
 .text.gpio_set_pulls
                0x10000398       0x20 CMakeFiles/main.dir/home/alexander/Programming/rp2xxx/pico-sdk/src/rp2_common/hardware_gpio/gpio.c.o
                0x10000398                gpio_set_pulls
 .text.gpio_set_input_enabled
                0x100003b8       0x24 CMakeFiles/main.dir/home/alexander/Programming/rp2xxx/pico-sdk/src/rp2_common/hardware_gpio/gpio.c.o
                0x100003b8                gpio_set_input_enabled
 .text.gpio_init
                0x100003dc       0x38 CMakeFiles/main.dir/home/alexander/Programming/rp2xxx/pico-sdk/src/rp2_common/hardware_gpio/gpio.c.o
                0x100003dc                gpio_init
 .text.rp2040_chip_version
                0x10000414        0xc CMakeFiles/main.dir/home/alexander/Programming/rp2xxx/pico-sdk/src/rp2040/pico_platform/platform.c.o
                0x10000414                rp2040_chip_version
 .text.panic    0x10000420       0x30 CMakeFiles/main.dir/home/alexander/Programming/rp2xxx/pico-sdk/src/rp2_common/pico_platform_panic/panic.c.o
                0x10000420                panic
 .text.hw_claim_or_assert
                0x10000450       0x50 CMakeFiles/main.dir/home/alexander/Programming/rp2xxx/pico-sdk/src/common/hardware_claim/claim.c.o
                0x10000450                hw_claim_or_assert
 .text.hw_claim_unused_from_range
                0x100004a0       0x88 CMakeFiles/main.dir/home/alexander/Programming/rp2xxx/pico-sdk/src/common/hardware_claim/claim.c.o
                0x100004a0                hw_claim_unused_from_range
 .text.next_striped_spin_lock_num
                0x10000528       0x18 CMakeFiles/main.dir/home/alexander/Programming/rp2xxx/pico-sdk/src/rp2_common/hardware_sync/sync.c.o
                0x10000528                next_striped_spin_lock_num
 .text.spin_lock_claim_unused
                0x10000540       0x20 CMakeFiles/main.dir/home/alexander/Programming/rp2xxx/pico-sdk/src/rp2_common/hardware_sync/sync.c.o
                0x10000540                spin_lock_claim_unused
 .text.spin_locks_reset
                0x10000560       0x1c CMakeFiles/main.dir/home/alexander/Programming/rp2xxx/pico-sdk/src/rp2_common/hardware_sync_spin_lock/sync_spin_lock.c.o
                0x10000560                spin_locks_reset
 .text.runtime_init_per_core_irq_priorities
                0x1000057c       0x48 CMakeFiles/main.dir/home/alexander/Programming/rp2xxx/pico-sdk/src/rp2_common/hardware_irq/irq.c.o
                0x1000057c                runtime_init_per_core_irq_priorities
 .text.irq_set_enabled
                0x100005c4       0x24 CMakeFiles/main.dir/home/alexander/Programming/rp2xxx/pico-sdk/src/rp2_common/hardware_irq/irq.c.o
                0x100005c4                irq_set_enabled
 .text.irq_is_enabled
                0x100005e8       0x18 CMakeFiles/main.dir/home/alexander/Programming/rp2xxx/pico-sdk/src/rp2_common/hardware_irq/irq.c.o
                0x100005e8                irq_is_enabled
 .text.irq_set_pending
                0x10000600       0x10 CMakeFiles/main.dir/home/alexander/Programming/rp2xxx/pico-sdk/src/rp2_common/hardware_irq/irq.c.o
                0x10000600                irq_set_pending
 .text.irq_has_shared_handler
                0x10000610       0x20 CMakeFiles/main.dir/home/alexander/Programming/rp2xxx/pico-sdk/src/rp2_common/hardware_irq/irq.c.o
                0x10000610                irq_has_shared_handler
 .text.irq_set_exclusive_handler
                0x10000630       0x54 CMakeFiles/main.dir/home/alexander/Programming/rp2xxx/pico-sdk/src/rp2_common/hardware_irq/irq.c.o
                0x10000630                irq_set_exclusive_handler
 .text.irq_add_shared_handler
                0x10000684      0x1b8 CMakeFiles/main.dir/home/alexander/Programming/rp2xxx/pico-sdk/src/rp2_common/hardware_irq/irq.c.o
                0x10000684                irq_add_shared_handler
 .text.irq_remove_handler
                0x1000083c      0x1bc CMakeFiles/main.dir/home/alexander/Programming/rp2xxx/pico-sdk/src/rp2_common/hardware_irq/irq.c.o
                0x1000083c                irq_remove_handler
 .text.irq_add_tail_to_free_list
                0x100009f8       0xcc CMakeFiles/main.dir/home/alexander/Programming/rp2xxx/pico-sdk/src/rp2_common/hardware_irq/irq.c.o
                0x100009f8                irq_add_tail_to_free_list
 .text.user_irq_claim_unused
                0x10000ac4       0x28 CMakeFiles/main.dir/home/alexander/Programming/rp2xxx/pico-sdk/src/rp2_common/hardware_irq/irq.c.o
                0x10000ac4                user_irq_claim_unused
 .text.lock_init
                0x10000aec       0x10 CMakeFiles/main.dir/home/alexander/Programming/rp2xxx/pico-sdk/src/common/pico_sync/lock_core.c.o
                0x10000aec                lock_init
 .text.runtime_init_mutex
                0x10000afc       0x5c CMakeFiles/main.dir/home/alexander/Programming/rp2xxx/pico-sdk/src/common/pico_sync/mutex.c.o
                0x10000afc                runtime_init_mutex
 .text.mutex_init
                0x10000b58       0x1c CMakeFiles/main.dir/home/alexander/Programming/rp2xxx/pico-sdk/src/common/pico_sync/mutex.c.o
                0x10000b58                mutex_init
 .text.critical_section_init
                0x10000b74       0x1c CMakeFiles/main.dir/home/alexander/Programming/rp2xxx/pico-sdk/src/common/pico_sync/critical_section.c.o
                0x10000b74                critical_section_init
 .text.critical_section_init_with_lock_num
                0x10000b90       0x14 CMakeFiles/main.dir/home/alexander/Programming/rp2xxx/pico-sdk/src/common/pico_sync/critical_section.c.o
                0x10000b90                critical_section_init_with_lock_num
 .text.sleep_until_callback
                0x10000ba4       0x30 CMakeFiles/main.dir/home/alexander/Programming/rp2xxx/pico-sdk/src/common/pico_time/time.c.o
 .text.alarm_pool_irq_handler
                0x10000bd4      0x310 CMakeFiles/main.dir/home/alexander/Programming/rp2xxx/pico-sdk/src/common/pico_time/time.c.o
 .text.runtime_init_default_alarm_pool
                0x10000ee4       0xd8 CMakeFiles/main.dir/home/alexander/Programming/rp2xxx/pico-sdk/src/common/pico_time/time.c.o
                0x10000ee4                runtime_init_default_alarm_pool
 .text.alarm_pool_get_default
                0x10000fbc        0x8 CMakeFiles/main.dir/home/alexander/Programming/rp2xxx/pico-sdk/src/common/pico_time/time.c.o
                0x10000fbc                alarm_pool_get_default
 .text.alarm_pool_add_alarm_at
                0x10000fc4       0xcc CMakeFiles/main.dir/home/alexander/Programming/rp2xxx/pico-sdk/src/common/pico_time/time.c.o
                0x10000fc4                alarm_pool_add_alarm_at
 .text.alarm_pool_add_alarm_at_force_in_context
                0x10001090       0xbc CMakeFiles/main.dir/home/alexander/Programming/rp2xxx/pico-sdk/src/common/pico_time/time.c.o
                0x10001090                alarm_pool_add_alarm_at_force_in_context
 .text.alarm_pool_cancel_alarm
                0x1000114c       0x70 CMakeFiles/main.dir/home/alexander/Programming/rp2xxx/pico-sdk/src/common/pico_time/time.c.o
                0x1000114c                alarm_pool_cancel_alarm
 .text.alarm_pool_core_num
                0x100011bc        0x4 CMakeFiles/main.dir/home/alexander/Programming/rp2xxx/pico-sdk/src/common/pico_time/time.c.o
                0x100011bc                alarm_pool_core_num
 .text.sleep_ms
                0x100011c0       0xf0 CMakeFiles/main.dir/home/alexander/Programming/rp2xxx/pico-sdk/src/common/pico_time/time.c.o
                0x100011c0                sleep_ms
 .text.best_effort_wfe_or_timeout
                0x100012b0       0xe8 CMakeFiles/main.dir/home/alexander/Programming/rp2xxx/pico-sdk/src/common/pico_time/time.c.o
                0x100012b0                best_effort_wfe_or_timeout
 .text.timer_hardware_alarm_claim
                0x10001398       0x14 CMakeFiles/main.dir/home/alexander/Programming/rp2xxx/pico-sdk/src/rp2_common/hardware_timer/timer.c.o
                0x10001398                timer_hardware_alarm_claim
 .text.timer_time_us_64
                0x100013ac       0x10 CMakeFiles/main.dir/home/alexander/Programming/rp2xxx/pico-sdk/src/rp2_common/hardware_timer/timer.c.o
                0x100013ac                timer_time_us_64
 .text.time_us_64
                0x100013bc       0x14 CMakeFiles/main.dir/home/alexander/Programming/rp2xxx/pico-sdk/src/rp2_common/hardware_timer/timer.c.o
                0x100013bc                time_us_64
 .text.busy_wait_us
                0x100013d0       0x6c CMakeFiles/main.dir/home/alexander/Programming/rp2xxx/pico-sdk/src/rp2_common/hardware_timer/timer.c.o
                0x100013d0                busy_wait_us
 .text.busy_wait_until
                0x1000143c       0x20 CMakeFiles/main.dir/home/alexander/Programming/rp2xxx/pico-sdk/src/rp2_common/hardware_timer/timer.c.o
                0x1000143c                busy_wait_until
 .text.uart_init
                0x1000145c      0x118 CMakeFiles/main.dir/home/alexander/Programming/rp2xxx/pico-sdk/src/rp2_common/hardware_uart/uart.c.o
                0x1000145c                uart_init
 .text.clock_configure_int_divider
                0x10001574       0xe4 CMakeFiles/main.dir/home/alexander/Programming/rp2xxx/pico-sdk/src/rp2_common/hardware_clocks/clocks.c.o
                0x10001574                clock_configure_int_divider
 .text.clock_configure_undivided
                0x10001658       0xd8 CMakeFiles/main.dir/home/alexander/Programming/rp2xxx/pico-sdk/src/rp2_common/hardware_clocks/clocks.c.o
                0x10001658                clock_configure_undivided
 .text.clock_get_hz
                0x10001730        0xc CMakeFiles/main.dir/home/alexander/Programming/rp2xxx/pico-sdk/src/rp2_common/hardware_clocks/clocks.c.o
                0x10001730                clock_get_hz
 .text.pll_init
                0x1000173c       0xac CMakeFiles/main.dir/home/alexander/Programming/rp2xxx/pico-sdk/src/rp2_common/hardware_pll/pll.c.o
                0x1000173c                pll_init
 .text.watchdog_reboot
                0x100017e8       0x98 CMakeFiles/main.dir/home/alexander/Programming/rp2xxx/pico-sdk/src/rp2_common/hardware_watchdog/watchdog.c.o
                0x100017e8                watchdog_reboot
 .text.tick_start
                0x10001880       0x10 CMakeFiles/main.dir/home/alexander/Programming/rp2xxx/pico-sdk/src/rp2_common/hardware_ticks/ticks.c.o
                0x10001880                tick_start
 .text.rom_func_lookup
                0x10001890       0x10 CMakeFiles/main.dir/home/alexander/Programming/rp2xxx/pico-sdk/src/rp2_common/pico_bootrom/bootrom.c.o
                0x10001890                rom_func_lookup
 .text.rom_data_lookup
                0x100018a0       0x10 CMakeFiles/main.dir/home/alexander/Programming/rp2xxx/pico-sdk/src/rp2_common/pico_bootrom/bootrom.c.o
                0x100018a0                rom_data_lookup
 .text.rom_funcs_lookup
                0x100018b0       0x44 CMakeFiles/main.dir/home/alexander/Programming/rp2xxx/pico-sdk/src/rp2_common/pico_bootrom/bootrom.c.o
                0x100018b0                rom_funcs_lookup
 .text.rom_reset_usb_boot_extra
                0x100018f4       0x24 CMakeFiles/main.dir/home/alexander/Programming/rp2xxx/pico-sdk/src/rp2_common/pico_bootrom/bootrom.c.o
                0x100018f4                rom_reset_usb_boot_extra
 .text.xosc_init
                0x10001918       0x28 CMakeFiles/main.dir/home/alexander/Programming/rp2xxx/pico-sdk/src/rp2_common/hardware_xosc/xosc.c.o
                0x10001918                xosc_init
 .text.first_per_core_initializer
                0x10001940        0x4 CMakeFiles/main.dir/home/alexander/Programming/rp2xxx/pico-sdk/src/rp2_common/pico_runtime/runtime.c.o
 .text.hard_assertion_failure
                0x10001944        0xc CMakeFiles/main.dir/home/alexander/Programming/rp2xxx/pico-sdk/src/rp2_common/pico_runtime/runtime.c.o
                0x10001944                hard_assertion_failure
 .text.runtime_run_initializers
                0x10001950       0x28 CMakeFiles/main.dir/home/alexander/Programming/rp2xxx/pico-sdk/src/rp2_common/pico_runtime/runtime.c.o
                0x10001950                runtime_run_initializers
 .text.runtime_init_early_resets
                0x10001978       0x2c CMakeFiles/main.dir/home/alexander/Programming/rp2xxx/pico-sdk/src/rp2_common/pico_runtime_init/runtime_init.c.o
                0x10001978                runtime_init_early_resets
 .text.runtime_init_usb_power_down
                0x100019a4       0x1c CMakeFiles/main.dir/home/alexander/Programming/rp2xxx/pico-sdk/src/rp2_common/pico_runtime_init/runtime_init.c.o
                0x100019a4                runtime_init_usb_power_down
 .text.runtime_init_post_clock_resets
                0x100019c0       0x20 CMakeFiles/main.dir/home/alexander/Programming/rp2xxx/pico-sdk/src/rp2_common/pico_runtime_init/runtime_init.c.o
                0x100019c0                runtime_init_post_clock_resets
 .text.runtime_init_rp2040_gpio_ie_disable
                0x100019e0       0x14 CMakeFiles/main.dir/home/alexander/Programming/rp2xxx/pico-sdk/src/rp2_common/pico_runtime_init/runtime_init.c.o
                0x100019e0                runtime_init_rp2040_gpio_ie_disable
 .text.runtime_init_spin_locks_reset
                0x100019f4        0x8 CMakeFiles/main.dir/home/alexander/Programming/rp2xxx/pico-sdk/src/rp2_common/pico_runtime_init/runtime_init.c.o
                0x100019f4                runtime_init_spin_locks_reset
 .text.runtime_init_install_ram_vector_table
                0x100019fc       0xb4 CMakeFiles/main.dir/home/alexander/Programming/rp2xxx/pico-sdk/src/rp2_common/pico_runtime_init/runtime_init.c.o
                0x100019fc                runtime_init_install_ram_vector_table
 .text.runtime_init_clocks
                0x10001ab0       0xd8 CMakeFiles/main.dir/home/alexander/Programming/rp2xxx/pico-sdk/src/rp2_common/pico_runtime_init/runtime_init_clocks.c.o
                0x10001ab0                runtime_init_clocks
 .text          0x10001b88       0x10 CMakeFiles/main.dir/home/alexander/Programming/rp2xxx/pico-sdk/src/rp2_common/pico_bit_ops/bit_ops_aeabi.S.o
 .text.__wrap___aeabi_idiv
                0x10001b98       0x50 CMakeFiles/main.dir/home/alexander/Programming/rp2xxx/pico-sdk/src/rp2_common/pico_divider/divider_hardware.S.o
                0x10001b98                __wrap___aeabi_idivmod
                0x10001b98                divmod_s32s32
                0x10001b98                div_s32s32
                0x10001b98                __wrap___aeabi_idiv
                0x10001bcc                divmod_s32s32_savestate
 .text.__wrap___aeabi_uidiv
                0x10001be8       0x4c CMakeFiles/main.dir/home/alexander/Programming/rp2xxx/pico-sdk/src/rp2_common/pico_divider/divider_hardware.S.o
                0x10001be8                __wrap___aeabi_uidiv
                0x10001be8                __wrap___aeabi_uidivmod
                0x10001be8                div_u32u32
                0x10001be8                divmod_u32u32
                0x10001c18                divmod_u32u32_savestate
 .text.__wrap___aeabi_ldiv
                0x10001c34      0x424 CMakeFiles/main.dir/home/alexander/Programming/rp2xxx/pico-sdk/src/rp2_common/pico_divider/divider_hardware.S.o
                0x10001c34                div_s64s64
                0x10001c34                divmod_s64s64
                0x10001c34                __wrap___aeabi_ldivmod
                0x10001c64                div_u64u64
                0x10001c64                divmod_u64u64
                0x10001c64                __wrap___aeabi_uldivmod
                0x10001c74                divmod_u64u64_savestate
                0x10001c94                divmod_s64s64_unsafe
                0x10001d1c                divmod_u64u64_unsafe
 .text.__wrap___aeabi_darithmetic
                0x10002058       0x60 CMakeFiles/main.dir/home/alexander/Programming/rp2xxx/pico-sdk/src/rp2_common/pico_double/double_aeabi_rp2040.S.o
                0x10002058                __wrap___aeabi_drsub
                0x1000205e                __wrap___aeabi_dsub
                0x10002068                __wrap___aeabi_dadd
                0x10002072                __wrap___aeabi_ddiv
                0x100020a6                __wrap___aeabi_dmul
 .text.__wrap___aeabi_cdcmple
                0x100020b8       0x6c CMakeFiles/main.dir/home/alexander/Programming/rp2xxx/pico-sdk/src/rp2_common/pico_double/double_aeabi_rp2040.S.o
                0x100020b8                __wrap___aeabi_cdrcmple
                0x100020c8                __wrap___aeabi_cdcmple
                0x100020c8                __wrap___aeabi_cdcmpeq
 .text.__wrap___aeabi_dcmplt
                0x10002124        0xc CMakeFiles/main.dir/home/alexander/Programming/rp2xxx/pico-sdk/src/rp2_common/pico_double/double_aeabi_rp2040.S.o
                0x10002124                __wrap___aeabi_dcmplt
 .text.__wrap___aeabi_dcmple
                0x10002130       0x10 CMakeFiles/main.dir/home/alexander/Programming/rp2xxx/pico-sdk/src/rp2_common/pico_double/double_aeabi_rp2040.S.o
                0x10002130                __wrap___aeabi_dcmple
 .text.__wrap___aeabi_dcmpge
                0x10002140       0x10 CMakeFiles/main.dir/home/alexander/Programming/rp2xxx/pico-sdk/src/rp2_common/pico_double/double_aeabi_rp2040.S.o
                0x10002140                __wrap___aeabi_dcmpge
 .text.__wrap___aeabi_dcmpgt
                0x10002150        0xa CMakeFiles/main.dir/home/alexander/Programming/rp2xxx/pico-sdk/src/rp2_common/pico_double/double_aeabi_rp2040.S.o
                0x10002150                __wrap___aeabi_dcmpgt
 .text.__wrap___aeabi_dcmpun
                0x1000215a       0x18 CMakeFiles/main.dir/home/alexander/Programming/rp2xxx/pico-sdk/src/rp2_common/pico_double/double_aeabi_rp2040.S.o
                0x1000215a                __wrap___aeabi_dcmpun
 *fill*         0x10002172        0x2 
 .text.__wrap___aeabi_i2d
                0x10002174       0x38 CMakeFiles/main.dir/home/alexander/Programming/rp2xxx/pico-sdk/src/rp2_common/pico_double/double_aeabi_rp2040.S.o
                0x10002174                __wrap___aeabi_ui2d
                0x10002174                uint2double
                0x1000217c                __wrap___aeabi_i2d
                0x1000217c                int2double
 .text.__wrap___aeabi_d2iz
                0x100021ac       0x48 CMakeFiles/main.dir/home/alexander/Programming/rp2xxx/pico-sdk/src/rp2_common/pico_double/double_aeabi_rp2040.S.o
                0x100021ac                __wrap___aeabi_d2iz
                0x100021ac                double2int_z
 .text.__wrap___aeabi_d2uiz
                0x100021f4       0x10 CMakeFiles/main.dir/home/alexander/Programming/rp2xxx/pico-sdk/src/rp2_common/pico_double/double_aeabi_rp2040.S.o
                0x100021f4                double2uint_z
                0x100021f4                double2uint
                0x100021f4                __wrap___aeabi_d2uiz
 .text.missing_double_func_shim
                0x10002204        0xc CMakeFiles/main.dir/home/alexander/Programming/rp2xxx/pico-sdk/src/rp2_common/pico_double/double_init_rom_rp2040.c.o
 .text.__aeabi_double_init
                0x10002210       0xa0 CMakeFiles/main.dir/home/alexander/Programming/rp2xxx/pico-sdk/src/rp2_common/pico_double/double_init_rom_rp2040.c.o
                0x10002210                __aeabi_double_init
 .text.double_table_shim_on_use_helper
                0x100022b0       0x2c CMakeFiles/main.dir/home/alexander/Programming/rp2xxx/pico-sdk/src/rp2_common/pico_double/double_v1_rom_shim_rp2040.S.o
                0x100022b0                double_table_shim_on_use_helper
 .text.__aeabi_lmul
                0x100022dc       0x32 CMakeFiles/main.dir/home/alexander/Programming/rp2xxx/pico-sdk/src/rp2_common/pico_int64_ops/pico_int64_ops_aeabi.S.o
                0x100022dc                __wrap___aeabi_lmul
 *fill*         0x1000230e        0x2 
 .text.missing_float_func_shim
                0x10002310        0xc CMakeFiles/main.dir/home/alexander/Programming/rp2xxx/pico-sdk/src/rp2_common/pico_float/float_init_rom_rp2040.c.o
 .text.__aeabi_float_init
                0x1000231c       0x60 CMakeFiles/main.dir/home/alexander/Programming/rp2xxx/pico-sdk/src/rp2_common/pico_float/float_init_rom_rp2040.c.o
                0x1000231c                __aeabi_float_init
 .text.__wrap_malloc
                0x1000237c       0x24 CMakeFiles/main.dir/home/alexander/Programming/rp2xxx/pico-sdk/src/rp2_common/pico_malloc/malloc.c.o
                0x1000237c                __wrap_malloc
 .text.__wrap_free
                0x100023a0        0x8 CMakeFiles/main.dir/home/alexander/Programming/rp2xxx/pico-sdk/src/rp2_common/pico_malloc/malloc.c.o
                0x100023a0                __wrap_free
 .text          0x100023a8       0x10 CMakeFiles/main.dir/home/alexander/Programming/rp2xxx/pico-sdk/src/rp2_common/pico_mem_ops/mem_ops_aeabi.S.o
                0x100023a8                __aeabi_mem_init
 .text.memset   0x100023b8        0xc CMakeFiles/main.dir/home/alexander/Programming/rp2xxx/pico-sdk/src/rp2_common/pico_mem_ops/mem_ops_aeabi.S.o
                0x100023b8                __wrap_memset
 .text.memcpy   0x100023c4        0xc CMakeFiles/main.dir/home/alexander/Programming/rp2xxx/pico-sdk/src/rp2_common/pico_mem_ops/mem_ops_aeabi.S.o
                0x100023c4                __wrap___aeabi_memcpy
                0x100023c4                __wrap_memcpy
 .text._out_null
                0x100023d0        0x4 CMakeFiles/main.dir/home/alexander/Programming/rp2xxx/pico-sdk/src/rp2_common/pico_printf/printf.c.o
 .text._out_rev
                0x100023d4       0xa8 CMakeFiles/main.dir/home/alexander/Programming/rp2xxx/pico-sdk/src/rp2_common/pico_printf/printf.c.o
 .text._ntoa_format
                0x1000247c      0x1e0 CMakeFiles/main.dir/home/alexander/Programming/rp2xxx/pico-sdk/src/rp2_common/pico_printf/printf.c.o
 .text._out_char
                0x1000265c       0x10 CMakeFiles/main.dir/home/alexander/Programming/rp2xxx/pico-sdk/src/rp2_common/pico_printf/printf.c.o
 .text._out_fct
                0x1000266c       0x10 CMakeFiles/main.dir/home/alexander/Programming/rp2xxx/pico-sdk/src/rp2_common/pico_printf/printf.c.o
 .text._ftoa    0x1000267c      0x478 CMakeFiles/main.dir/home/alexander/Programming/rp2xxx/pico-sdk/src/rp2_common/pico_printf/printf.c.o
 .text._etoa    0x10002af4      0x594 CMakeFiles/main.dir/home/alexander/Programming/rp2xxx/pico-sdk/src/rp2_common/pico_printf/printf.c.o
 .text._vsnprintf
                0x10003088      0xbc8 CMakeFiles/main.dir/home/alexander/Programming/rp2xxx/pico-sdk/src/rp2_common/pico_printf/printf.c.o
 .text.vfctprintf
                0x10003c50       0x20 CMakeFiles/main.dir/home/alexander/Programming/rp2xxx/pico-sdk/src/rp2_common/pico_printf/printf.c.o
                0x10003c50                vfctprintf
 .text.weak_raw_vprintf
                0x10003c70       0x30 CMakeFiles/main.dir/home/alexander/Programming/rp2xxx/pico-sdk/src/rp2_common/pico_printf/printf.c.o
                0x10003c70                weak_raw_vprintf
 .text._exit    0x10003ca0        0x4 CMakeFiles/main.dir/home/alexander/Programming/rp2xxx/pico-sdk/src/rp2_common/pico_clib_interface/newlib_interface.c.o
                0x10003ca0                _exit
 .text._fini    0x10003ca4        0x4 CMakeFiles/main.dir/home/alexander/Programming/rp2xxx/pico-sdk/src/rp2_common/pico_clib_interface/newlib_interface.c.o
                0x10003ca4                _fini
 .text._sbrk    0x10003ca8       0x34 CMakeFiles/main.dir/home/alexander/Programming/rp2xxx/pico-sdk/src/rp2_common/pico_clib_interface/newlib_interface.c.o
                0x10003ca8                _sbrk
 .text.exit     0x10003cdc        0x8 CMakeFiles/main.dir/home/alexander/Programming/rp2xxx/pico-sdk/src/rp2_common/pico_clib_interface/newlib_interface.c.o
                0x10003cdc                exit
 .text.runtime_init
                0x10003ce4       0x2c CMakeFiles/main.dir/home/alexander/Programming/rp2xxx/pico-sdk/src/rp2_common/pico_clib_interface/newlib_interface.c.o
                0x10003ce4                runtime_init
 .text.stdio_out_chars_no_crlf
                0x10003d10       0x10 CMakeFiles/main.dir/home/alexander/Programming/rp2xxx/pico-sdk/src/rp2_common/pico_stdio/stdio.c.o
 .text.stdio_out_chars_crlf
                0x10003d20       0x90 CMakeFiles/main.dir/home/alexander/Programming/rp2xxx/pico-sdk/src/rp2_common/pico_stdio/stdio.c.o
 .text.stdio_buffered_printer
                0x10003db0       0x58 CMakeFiles/main.dir/home/alexander/Programming/rp2xxx/pico-sdk/src/rp2_common/pico_stdio/stdio.c.o
 .text.stdio_put_string
                0x10003e08       0xf4 CMakeFiles/main.dir/home/alexander/Programming/rp2xxx/pico-sdk/src/rp2_common/pico_stdio/stdio.c.o
                0x10003e08                stdio_put_string
 .text.stdio_set_driver_enabled
                0x10003efc       0x30 CMakeFiles/main.dir/home/alexander/Programming/rp2xxx/pico-sdk/src/rp2_common/pico_stdio/stdio.c.o
                0x10003efc                stdio_set_driver_enabled
 .text.stdio_init_all
                0x10003f2c       0x10 CMakeFiles/main.dir/home/alexander/Programming/rp2xxx/pico-sdk/src/rp2_common/pico_stdio/stdio.c.o
                0x10003f2c                stdio_init_all
 .text.__wrap_putchar
                0x10003f3c       0x94 CMakeFiles/main.dir/home/alexander/Programming/rp2xxx/pico-sdk/src/rp2_common/pico_stdio/stdio.c.o
                0x10003f3c                stdio_putchar
                0x10003f3c                __wrap_putchar
 .text.__wrap_puts
                0x10003fd0       0x3c CMakeFiles/main.dir/home/alexander/Programming/rp2xxx/pico-sdk/src/rp2_common/pico_stdio/stdio.c.o
                0x10003fd0                __wrap_puts
                0x10003fd0                stdio_puts
 .text.__wrap_vprintf
                0x1000400c       0xc8 CMakeFiles/main.dir/home/alexander/Programming/rp2xxx/pico-sdk/src/rp2_common/pico_stdio/stdio.c.o
                0x1000400c                __wrap_vprintf
                0x1000400c                stdio_vprintf
 .text.__wrap_printf
                0x100040d4       0x18 CMakeFiles/main.dir/home/alexander/Programming/rp2xxx/pico-sdk/src/rp2_common/pico_stdio/stdio.c.o
                0x100040d4                stdio_printf
                0x100040d4                __wrap_printf
 .text.stdio_uart_out_chars
                0x100040ec       0x4c CMakeFiles/main.dir/home/alexander/Programming/rp2xxx/pico-sdk/src/rp2_common/pico_stdio_uart/stdio_uart.c.o
 .text.stdio_uart_in_chars
                0x10004138       0x88 CMakeFiles/main.dir/home/alexander/Programming/rp2xxx/pico-sdk/src/rp2_common/pico_stdio_uart/stdio_uart.c.o
                0x10004138                stdio_uart_in_chars
 .text.on_uart_rx
                0x100041c0       0x28 CMakeFiles/main.dir/home/alexander/Programming/rp2xxx/pico-sdk/src/rp2_common/pico_stdio_uart/stdio_uart.c.o
 .text.stdio_uart_out_flush
                0x100041e8       0x14 CMakeFiles/main.dir/home/alexander/Programming/rp2xxx/pico-sdk/src/rp2_common/pico_stdio_uart/stdio_uart.c.o
 .text.stdio_uart_set_chars_available_callback
                0x100041fc       0x80 CMakeFiles/main.dir/home/alexander/Programming/rp2xxx/pico-sdk/src/rp2_common/pico_stdio_uart/stdio_uart.c.o
 .text.stdio_uart_init
                0x1000427c       0x50 CMakeFiles/main.dir/home/alexander/Programming/rp2xxx/pico-sdk/src/rp2_common/pico_stdio_uart/stdio_uart.c.o
                0x1000427c                stdio_uart_init
 .text.stdio_usb_set_chars_available_callback
                0x100042cc       0x14 CMakeFiles/main.dir/home/alexander/Programming/rp2xxx/pico-sdk/src/rp2_common/pico_stdio_usb/stdio_usb.c.o
                0x100042cc                stdio_usb_set_chars_available_callback
 .text.usb_irq  0x100042e0       0x10 CMakeFiles/main.dir/home/alexander/Programming/rp2xxx/pico-sdk/src/rp2_common/pico_stdio_usb/stdio_usb.c.o
 .text.timer_task
                0x100042f0       0x64 CMakeFiles/main.dir/home/alexander/Programming/rp2xxx/pico-sdk/src/rp2_common/pico_stdio_usb/stdio_usb.c.o
 .text.stdio_usb_in_chars
                0x10004354       0x90 CMakeFiles/main.dir/home/alexander/Programming/rp2xxx/pico-sdk/src/rp2_common/pico_stdio_usb/stdio_usb.c.o
                0x10004354                stdio_usb_in_chars
 .text.stdio_usb_out_flush
                0x100043e4       0x4c CMakeFiles/main.dir/home/alexander/Programming/rp2xxx/pico-sdk/src/rp2_common/pico_stdio_usb/stdio_usb.c.o
 .text.stdio_usb_out_chars
                0x10004430       0xf8 CMakeFiles/main.dir/home/alexander/Programming/rp2xxx/pico-sdk/src/rp2_common/pico_stdio_usb/stdio_usb.c.o
 .text.low_priority_worker_irq
                0x10004528       0xc4 CMakeFiles/main.dir/home/alexander/Programming/rp2xxx/pico-sdk/src/rp2_common/pico_stdio_usb/stdio_usb.c.o
 .text.stdio_usb_init
                0x100045ec       0xe8 CMakeFiles/main.dir/home/alexander/Programming/rp2xxx/pico-sdk/src/rp2_common/pico_stdio_usb/stdio_usb.c.o
                0x100045ec                stdio_usb_init
 .text.tud_descriptor_device_cb
                0x100046d4        0x8 CMakeFiles/main.dir/home/alexander/Programming/rp2xxx/pico-sdk/src/rp2_common/pico_stdio_usb/stdio_usb_descriptors.c.o
                0x100046d4                tud_descriptor_device_cb
 .text.tud_descriptor_configuration_cb
                0x100046dc        0x8 CMakeFiles/main.dir/home/alexander/Programming/rp2xxx/pico-sdk/src/rp2_common/pico_stdio_usb/stdio_usb_descriptors.c.o
                0x100046dc                tud_descriptor_configuration_cb
 .text.tud_descriptor_string_cb
                0x100046e4       0x70 CMakeFiles/main.dir/home/alexander/Programming/rp2xxx/pico-sdk/src/rp2_common/pico_stdio_usb/stdio_usb_descriptors.c.o
                0x100046e4                tud_descriptor_string_cb
 .text.startup._retrieve_unique_id_on_boot
                0x10004754       0x10 CMakeFiles/main.dir/home/alexander/Programming/rp2xxx/pico-sdk/src/rp2_common/pico_unique_id/unique_id.c.o
 .text.pico_get_unique_board_id_string
                0x10004764      0x1e0 CMakeFiles/main.dir/home/alexander/Programming/rp2xxx/pico-sdk/src/rp2_common/pico_unique_id/unique_id.c.o
                0x10004764                pico_get_unique_board_id_string
 .text.flash_get_unique_id
                0x10004944       0x3c CMakeFiles/main.dir/home/alexander/Programming/rp2xxx/pico-sdk/src/rp2_common/hardware_flash/flash.c.o
                0x10004944                flash_get_unique_id
 .text.usb_reset_interface_init
                0x10004980        0x4 CMakeFiles/main.dir/home/alexander/Programming/rp2xxx/pico-sdk/src/rp2_common/pico_usb_reset/usb_reset.c.o
                0x10004980                usb_reset_interface_init
 .text.usb_reset_interface_reset
                0x10004984        0xc CMakeFiles/main.dir/home/alexander/Programming/rp2xxx/pico-sdk/src/rp2_common/pico_usb_reset/usb_reset.c.o
                0x10004984                usb_reset_interface_reset
 .text.usb_reset_interface_open
                0x10004990       0x28 CMakeFiles/main.dir/home/alexander/Programming/rp2xxx/pico-sdk/src/rp2_common/pico_usb_reset/usb_reset.c.o
                0x10004990                usb_reset_interface_open
 .text.usb_reset_interface_xfer_cb
                0x100049b8        0x4 CMakeFiles/main.dir/home/alexander/Programming/rp2xxx/pico-sdk/src/rp2_common/pico_usb_reset/usb_reset.c.o
                0x100049b8                usb_reset_interface_xfer_cb
 .text.usb_reset_interface_control_xfer_cb
                0x100049bc       0x60 CMakeFiles/main.dir/home/alexander/Programming/rp2xxx/pico-sdk/src/rp2_common/pico_usb_reset/usb_reset.c.o
                0x100049bc                usb_reset_interface_control_xfer_cb
 .text.tud_descriptor_bos_cb
                0x10004a1c        0x8 CMakeFiles/main.dir/home/alexander/Programming/rp2xxx/pico-sdk/src/rp2_common/pico_usb_reset/usb_reset.c.o
                0x10004a1c                tud_descriptor_bos_cb
 .text.tud_vendor_control_xfer_cb
                0x10004a24       0x38 CMakeFiles/main.dir/home/alexander/Programming/rp2xxx/pico-sdk/src/rp2_common/pico_usb_reset/usb_reset.c.o
                0x10004a24                tud_vendor_control_xfer_cb
 .text.usbd_app_driver_get_cb
                0x10004a5c        0xc CMakeFiles/main.dir/home/alexander/Programming/rp2xxx/pico-sdk/src/rp2_common/pico_usb_reset/usb_reset.c.o
                0x10004a5c                usbd_app_driver_get_cb
 .text.tud_cdc_line_coding_cb
                0x10004a68       0x2c CMakeFiles/main.dir/home/alexander/Programming/rp2xxx/pico-sdk/src/rp2_common/pico_usb_reset/usb_reset.c.o
                0x10004a68                tud_cdc_line_coding_cb
 .text.dcd_init
                0x10004a94       0x90 CMakeFiles/main.dir/home/alexander/Programming/rp2xxx/pico-sdk/lib/tinyusb/src/portable/raspberrypi/rp2040/dcd_rp2040.c.o
                0x10004a94                dcd_init
 .text.dcd_int_enable
                0x10004b24        0xc CMakeFiles/main.dir/home/alexander/Programming/rp2xxx/pico-sdk/lib/tinyusb/src/portable/raspberrypi/rp2040/dcd_rp2040.c.o
                0x10004b24                dcd_int_enable
 .text.dcd_set_address
                0x10004b30       0x14 CMakeFiles/main.dir/home/alexander/Programming/rp2xxx/pico-sdk/lib/tinyusb/src/portable/raspberrypi/rp2040/dcd_rp2040.c.o
                0x10004b30                dcd_set_address
 .text.dcd_sof_enable
                0x10004b44       0x1c CMakeFiles/main.dir/home/alexander/Programming/rp2xxx/pico-sdk/lib/tinyusb/src/portable/raspberrypi/rp2040/dcd_rp2040.c.o
                0x10004b44                dcd_sof_enable
 .text.dcd_edpt0_status_complete
                0x10004b60       0x1c CMakeFiles/main.dir/home/alexander/Programming/rp2xxx/pico-sdk/lib/tinyusb/src/portable/raspberrypi/rp2040/dcd_rp2040.c.o
                0x10004b60                dcd_edpt0_status_complete
 .text.dcd_edpt_open
                0x10004b7c      0x104 CMakeFiles/main.dir/home/alexander/Programming/rp2xxx/pico-sdk/lib/tinyusb/src/portable/raspberrypi/rp2040/dcd_rp2040.c.o
                0x10004b7c                dcd_edpt_open
 .text.dcd_edpt_close_all
                0x10004c80        0x8 CMakeFiles/main.dir/home/alexander/Programming/rp2xxx/pico-sdk/lib/tinyusb/src/portable/raspberrypi/rp2040/dcd_rp2040.c.o
                0x10004c80                dcd_edpt_close_all
 .text.dcd_edpt_xfer
                0x10004c88       0x24 CMakeFiles/main.dir/home/alexander/Programming/rp2xxx/pico-sdk/lib/tinyusb/src/portable/raspberrypi/rp2040/dcd_rp2040.c.o
                0x10004c88                dcd_edpt_xfer
 .text.dcd_edpt_stall
                0x10004cac       0x3c CMakeFiles/main.dir/home/alexander/Programming/rp2xxx/pico-sdk/lib/tinyusb/src/portable/raspberrypi/rp2040/dcd_rp2040.c.o
                0x10004cac                dcd_edpt_stall
 .text.dcd_edpt_clear_stall
                0x10004ce8       0x30 CMakeFiles/main.dir/home/alexander/Programming/rp2xxx/pico-sdk/lib/tinyusb/src/portable/raspberrypi/rp2040/dcd_rp2040.c.o
                0x10004ce8                dcd_edpt_clear_stall
 .text.rp2040_usb_init
                0x10004d18       0x40 CMakeFiles/main.dir/home/alexander/Programming/rp2xxx/pico-sdk/lib/tinyusb/src/portable/raspberrypi/rp2040/rp2040_usb.c.o
                0x10004d18                rp2040_usb_init
 .text.hw_endpoint_xfer_start
                0x10004d58       0x40 CMakeFiles/main.dir/home/alexander/Programming/rp2xxx/pico-sdk/lib/tinyusb/src/portable/raspberrypi/rp2040/rp2040_usb.c.o
                0x10004d58                hw_endpoint_xfer_start
 .text.tud_event_hook_cb
                0x10004d98        0x4 CMakeFiles/main.dir/home/alexander/Programming/rp2xxx/pico-sdk/lib/tinyusb/src/device/usbd.c.o
                0x10004d98                tud_event_hook_cb
 .text.tud_sof_cb
                0x10004d9c        0x4 CMakeFiles/main.dir/home/alexander/Programming/rp2xxx/pico-sdk/lib/tinyusb/src/device/usbd.c.o
                0x10004d9c                tud_sof_cb
 .text.tud_descriptor_device_qualifier_cb
                0x10004da0        0x4 CMakeFiles/main.dir/home/alexander/Programming/rp2xxx/pico-sdk/lib/tinyusb/src/device/usbd.c.o
                0x10004da0                tud_descriptor_device_qualifier_cb
 .text.tud_descriptor_other_speed_configuration_cb
                0x10004da4        0x4 CMakeFiles/main.dir/home/alexander/Programming/rp2xxx/pico-sdk/lib/tinyusb/src/device/usbd.c.o
                0x10004da4                tud_descriptor_other_speed_configuration_cb
 .text.tud_mount_cb
                0x10004da8        0x4 CMakeFiles/main.dir/home/alexander/Programming/rp2xxx/pico-sdk/lib/tinyusb/src/device/usbd.c.o
                0x10004da8                tud_mount_cb
 .text.tud_umount_cb
                0x10004dac        0x4 CMakeFiles/main.dir/home/alexander/Programming/rp2xxx/pico-sdk/lib/tinyusb/src/device/usbd.c.o
                0x10004dac                tud_umount_cb
 .text.tud_suspend_cb
                0x10004db0        0x4 CMakeFiles/main.dir/home/alexander/Programming/rp2xxx/pico-sdk/lib/tinyusb/src/device/usbd.c.o
                0x10004db0                tud_suspend_cb
 .text.tud_resume_cb
                0x10004db4        0x4 CMakeFiles/main.dir/home/alexander/Programming/rp2xxx/pico-sdk/lib/tinyusb/src/device/usbd.c.o
                0x10004db4                tud_resume_cb
 .text.tud_mounted
                0x10004db8       0x10 CMakeFiles/main.dir/home/alexander/Programming/rp2xxx/pico-sdk/lib/tinyusb/src/device/usbd.c.o
                0x10004db8                tud_mounted
 .text.tud_suspended
                0x10004dc8       0x10 CMakeFiles/main.dir/home/alexander/Programming/rp2xxx/pico-sdk/lib/tinyusb/src/device/usbd.c.o
                0x10004dc8                tud_suspended
 .text.tud_rhport_init
                0x10004dd8       0xec CMakeFiles/main.dir/home/alexander/Programming/rp2xxx/pico-sdk/lib/tinyusb/src/device/usbd.c.o
                0x10004dd8                tud_rhport_init
 .text.tud_task_ext
                0x10004ec4      0x7bc CMakeFiles/main.dir/home/alexander/Programming/rp2xxx/pico-sdk/lib/tinyusb/src/device/usbd.c.o
                0x10004ec4                tud_task_ext
 .text.usbd_open_edpt_pair
                0x10005680       0x9c CMakeFiles/main.dir/home/alexander/Programming/rp2xxx/pico-sdk/lib/tinyusb/src/device/usbd.c.o
                0x10005680                usbd_open_edpt_pair
 .text.usbd_edpt_open
                0x1000571c       0x34 CMakeFiles/main.dir/home/alexander/Programming/rp2xxx/pico-sdk/lib/tinyusb/src/device/usbd.c.o
                0x1000571c                usbd_edpt_open
 .text.usbd_edpt_claim
                0x10005750       0x28 CMakeFiles/main.dir/home/alexander/Programming/rp2xxx/pico-sdk/lib/tinyusb/src/device/usbd.c.o
                0x10005750                usbd_edpt_claim
 .text.usbd_edpt_release
                0x10005778       0x28 CMakeFiles/main.dir/home/alexander/Programming/rp2xxx/pico-sdk/lib/tinyusb/src/device/usbd.c.o
                0x10005778                usbd_edpt_release
 .text.usbd_edpt_xfer
                0x100057a0       0x54 CMakeFiles/main.dir/home/alexander/Programming/rp2xxx/pico-sdk/lib/tinyusb/src/device/usbd.c.o
                0x100057a0                usbd_edpt_xfer
 .text.tud_control_status
                0x100057f4       0x2c CMakeFiles/main.dir/home/alexander/Programming/rp2xxx/pico-sdk/lib/tinyusb/src/device/usbd_control.c.o
                0x100057f4                tud_control_status
 .text.tud_control_xfer
                0x10005820       0xa0 CMakeFiles/main.dir/home/alexander/Programming/rp2xxx/pico-sdk/lib/tinyusb/src/device/usbd_control.c.o
                0x10005820                tud_control_xfer
 .text.usbd_control_reset
                0x100058c0       0x14 CMakeFiles/main.dir/home/alexander/Programming/rp2xxx/pico-sdk/lib/tinyusb/src/device/usbd_control.c.o
                0x100058c0                usbd_control_reset
 .text.usbd_control_set_complete_callback
                0x100058d4        0xc CMakeFiles/main.dir/home/alexander/Programming/rp2xxx/pico-sdk/lib/tinyusb/src/device/usbd_control.c.o
                0x100058d4                usbd_control_set_complete_callback
 .text.usbd_control_set_request
                0x100058e0       0x1c CMakeFiles/main.dir/home/alexander/Programming/rp2xxx/pico-sdk/lib/tinyusb/src/device/usbd_control.c.o
                0x100058e0                usbd_control_set_request
 .text.usbd_control_xfer_cb
                0x100058fc       0xe4 CMakeFiles/main.dir/home/alexander/Programming/rp2xxx/pico-sdk/lib/tinyusb/src/device/usbd_control.c.o
                0x100058fc                usbd_control_xfer_cb
 .text._prep_out_transaction.isra.0
                0x100059e0       0x6c CMakeFiles/main.dir/home/alexander/Programming/rp2xxx/pico-sdk/lib/tinyusb/src/class/cdc/cdc_device.c.o
 .text.tud_cdc_n_connected
                0x10005a4c       0x30 CMakeFiles/main.dir/home/alexander/Programming/rp2xxx/pico-sdk/lib/tinyusb/src/class/cdc/cdc_device.c.o
                0x10005a4c                tud_cdc_n_connected
 .text.tud_cdc_n_available
                0x10005a7c       0x14 CMakeFiles/main.dir/home/alexander/Programming/rp2xxx/pico-sdk/lib/tinyusb/src/class/cdc/cdc_device.c.o
                0x10005a7c                tud_cdc_n_available
 .text.tud_cdc_n_read
                0x10005a90       0x88 CMakeFiles/main.dir/home/alexander/Programming/rp2xxx/pico-sdk/lib/tinyusb/src/class/cdc/cdc_device.c.o
                0x10005a90                tud_cdc_n_read
 .text.tud_cdc_n_write_flush
                0x10005b18       0x78 CMakeFiles/main.dir/home/alexander/Programming/rp2xxx/pico-sdk/lib/tinyusb/src/class/cdc/cdc_device.c.o
                0x10005b18                tud_cdc_n_write_flush
 .text.tud_cdc_n_write
                0x10005b90       0x3c CMakeFiles/main.dir/home/alexander/Programming/rp2xxx/pico-sdk/lib/tinyusb/src/class/cdc/cdc_device.c.o
                0x10005b90                tud_cdc_n_write
 .text.tud_cdc_n_write_available
                0x10005bcc       0x14 CMakeFiles/main.dir/home/alexander/Programming/rp2xxx/pico-sdk/lib/tinyusb/src/class/cdc/cdc_device.c.o
                0x10005bcc                tud_cdc_n_write_available
 .text.cdcd_init
                0x10005be0       0x70 CMakeFiles/main.dir/home/alexander/Programming/rp2xxx/pico-sdk/lib/tinyusb/src/class/cdc/cdc_device.c.o
                0x10005be0                cdcd_init
 .text.cdcd_deinit
                0x10005c50       0x24 CMakeFiles/main.dir/home/alexander/Programming/rp2xxx/pico-sdk/lib/tinyusb/src/class/cdc/cdc_device.c.o
                0x10005c50                cdcd_deinit
 .text.cdcd_reset
                0x10005c74       0x48 CMakeFiles/main.dir/home/alexander/Programming/rp2xxx/pico-sdk/lib/tinyusb/src/class/cdc/cdc_device.c.o
                0x10005c74                cdcd_reset
 .text.cdcd_open
                0x10005cbc       0xa8 CMakeFiles/main.dir/home/alexander/Programming/rp2xxx/pico-sdk/lib/tinyusb/src/class/cdc/cdc_device.c.o
                0x10005cbc                cdcd_open
 .text.cdcd_control_xfer_cb
                0x10005d64       0xe8 CMakeFiles/main.dir/home/alexander/Programming/rp2xxx/pico-sdk/lib/tinyusb/src/class/cdc/cdc_device.c.o
                0x10005d64                cdcd_control_xfer_cb
 .text.cdcd_xfer_cb
                0x10005e4c       0xf8 CMakeFiles/main.dir/home/alexander/Programming/rp2xxx/pico-sdk/lib/tinyusb/src/class/cdc/cdc_device.c.o
                0x10005e4c                cdcd_xfer_cb
 .text.tusb_rhport_init
                0x10005f44       0x4c CMakeFiles/main.dir/home/alexander/Programming/rp2xxx/pico-sdk/lib/tinyusb/src/tusb.c.o
                0x10005f44                tusb_rhport_init
 .text.tu_edpt_claim
                0x10005f90       0x50 CMakeFiles/main.dir/home/alexander/Programming/rp2xxx/pico-sdk/lib/tinyusb/src/tusb.c.o
                0x10005f90                tu_edpt_claim
 .text.tu_edpt_release
                0x10005fe0       0x38 CMakeFiles/main.dir/home/alexander/Programming/rp2xxx/pico-sdk/lib/tinyusb/src/tusb.c.o
                0x10005fe0                tu_edpt_release
 .text.tu_edpt_validate
                0x10006018       0x74 CMakeFiles/main.dir/home/alexander/Programming/rp2xxx/pico-sdk/lib/tinyusb/src/tusb.c.o
                0x10006018                tu_edpt_validate
 .text.tu_edpt_bind_driver
                0x1000608c       0x34 CMakeFiles/main.dir/home/alexander/Programming/rp2xxx/pico-sdk/lib/tinyusb/src/tusb.c.o
                0x1000608c                tu_edpt_bind_driver
 .text.tu_fifo_config
                0x100060c0       0x6c CMakeFiles/main.dir/home/alexander/Programming/rp2xxx/pico-sdk/lib/tinyusb/src/common/tusb_fifo.c.o
                0x100060c0                tu_fifo_config
 .text.tu_fifo_count
                0x1000612c       0x24 CMakeFiles/main.dir/home/alexander/Programming/rp2xxx/pico-sdk/lib/tinyusb/src/common/tusb_fifo.c.o
                0x1000612c                tu_fifo_count
 .text.tu_fifo_empty
                0x10006150       0x10 CMakeFiles/main.dir/home/alexander/Programming/rp2xxx/pico-sdk/lib/tinyusb/src/common/tusb_fifo.c.o
                0x10006150                tu_fifo_empty
 .text.tu_fifo_remaining
                0x10006160       0x24 CMakeFiles/main.dir/home/alexander/Programming/rp2xxx/pico-sdk/lib/tinyusb/src/common/tusb_fifo.c.o
                0x10006160                tu_fifo_remaining
 .text.tu_fifo_read
                0x10006184       0x94 CMakeFiles/main.dir/home/alexander/Programming/rp2xxx/pico-sdk/lib/tinyusb/src/common/tusb_fifo.c.o
                0x10006184                tu_fifo_read
 .text.tu_fifo_read_n
                0x10006218       0xe4 CMakeFiles/main.dir/home/alexander/Programming/rp2xxx/pico-sdk/lib/tinyusb/src/common/tusb_fifo.c.o
                0x10006218                tu_fifo_read_n
 .text.tu_fifo_write
                0x100062fc       0xa0 CMakeFiles/main.dir/home/alexander/Programming/rp2xxx/pico-sdk/lib/tinyusb/src/common/tusb_fifo.c.o
                0x100062fc                tu_fifo_write
 .text.tu_fifo_write_n
                0x1000639c      0x144 CMakeFiles/main.dir/home/alexander/Programming/rp2xxx/pico-sdk/lib/tinyusb/src/common/tusb_fifo.c.o
                0x1000639c                tu_fifo_write_n
 .text.tu_fifo_clear
                0x100064e0       0x40 CMakeFiles/main.dir/home/alexander/Programming/rp2xxx/pico-sdk/lib/tinyusb/src/common/tusb_fifo.c.o
                0x100064e0                tu_fifo_clear
 .text.tu_fifo_set_overwritable
                0x10006520       0x48 CMakeFiles/main.dir/home/alexander/Programming/rp2xxx/pico-sdk/lib/tinyusb/src/common/tusb_fifo.c.o
                0x10006520                tu_fifo_set_overwritable
 .text.spi_init
                0x10006568      0x114 CMakeFiles/main.dir/home/alexander/Programming/rp2xxx/pico-sdk/src/rp2_common/hardware_spi/spi.c.o
                0x10006568                spi_init
 .text.i2c_set_baudrate
                0x1000667c       0xb0 CMakeFiles/main.dir/home/alexander/Programming/rp2xxx/pico-sdk/src/rp2_common/hardware_i2c/i2c.c.o
                0x1000667c                i2c_set_baudrate
 .text.i2c_init
                0x1000672c       0x54 CMakeFiles/main.dir/home/alexander/Programming/rp2xxx/pico-sdk/src/rp2_common/hardware_i2c/i2c.c.o
                0x1000672c                i2c_init
 .text.adc_init
                0x10006780       0x38 CMakeFiles/main.dir/home/alexander/Programming/rp2xxx/pico-sdk/src/rp2_common/hardware_adc/adc.c.o
                0x10006780                adc_init
 .text.LCD_1IN28_Init
                0x100067b8      0xc10 lib/LCD/libLCD.a(LCD_1in28.c.o)
                0x100067b8                LCD_1IN28_Init
 .text.LCD_1IN28_SetWindows
                0x100073c8       0xc8 lib/LCD/libLCD.a(LCD_1in28.c.o)
                0x100073c8                LCD_1IN28_SetWindows
 .text.LCD_1IN28_Clear
                0x10007490       0x5c lib/LCD/libLCD.a(LCD_1in28.c.o)
                0x10007490                LCD_1IN28_Clear
 .text.LCD_1IN28_Display
                0x100074ec       0x38 lib/LCD/libLCD.a(LCD_1in28.c.o)
                0x100074ec                LCD_1IN28_Display
 .text.Paint_NewImage
                0x10007524       0x54 lib/GUI/libGUI.a(GUI_Paint.c.o)
                0x10007524                Paint_NewImage
 .text.Paint_SetScale
                0x10007578       0x58 lib/GUI/libGUI.a(GUI_Paint.c.o)
                0x10007578                Paint_SetScale
 .text.Paint_SetPixel
                0x100075d0      0x150 lib/GUI/libGUI.a(GUI_Paint.c.o)
                0x100075d0                Paint_SetPixel
 .text.Paint_Clear
                0x10007720       0xd4 lib/GUI/libGUI.a(GUI_Paint.c.o)
                0x10007720                Paint_Clear
 .text.draw     0x100077f4      0x5b0 lib/Rasteriser/libRasteriser.a(rasteriser.c.o)
                0x100077f4                draw
 .text.DEV_Delay_ms
                0x10007da4        0x8 lib/Config/libConfig.a(DEV_Config.c.o)
                0x10007da4                DEV_Delay_ms
 .text.DEV_Digital_Write
                0x10007dac       0x14 lib/Config/libConfig.a(DEV_Config.c.o)
                0x10007dac                DEV_Digital_Write
 .text.DEV_SPI_WriteByte
                0x10007dc0       0x14 lib/Config/libConfig.a(DEV_Config.c.o)
                0x10007dc0                DEV_SPI_WriteByte
 .text.DEV_SPI_Write_nByte
                0x10007dd4        0x8 lib/Config/libConfig.a(DEV_Config.c.o)
                0x10007dd4                DEV_SPI_Write_nByte
 .text.DEV_SET_PWM
                0x10007ddc       0x3c lib/Config/libConfig.a(DEV_Config.c.o)
                0x10007ddc                DEV_SET_PWM
 .text.DEV_Module_Init
                0x10007e18      0x128 lib/Config/libConfig.a(DEV_Config.c.o)
                0x10007e18                DEV_Module_Init
 .text.DEV_Module_Exit
                0x10007f40        0x4 lib/Config/libConfig.a(DEV_Config.c.o)
                0x10007f40                DEV_Module_Exit
 .text.malloc   0x10007f44       0x14 /usr/lib/gcc/arm-none-eabi/16.1.0/../../../../arm-none-eabi/lib/thumb/v6-m/nofp/libg.a(libc_a-malloc.o)
                0x10007f44                malloc
 .text.free     0x10007f58       0x14 /usr/lib/gcc/arm-none-eabi/16.1.0/../../../../arm-none-eabi/lib/thumb/v6-m/nofp/libg.a(libc_a-malloc.o)
                0x10007f58                free
 .text._malloc_r
                0x10007f6c      0x550 /usr/lib/gcc/arm-none-eabi/16.1.0/../../../../arm-none-eabi/lib/thumb/v6-m/nofp/libg.a(libc_a-mallocr.o)
                0x10007f6c                _malloc_r
 .text.__malloc_lock
                0x100084bc       0x10 /usr/lib/gcc/arm-none-eabi/16.1.0/../../../../arm-none-eabi/lib/thumb/v6-m/nofp/libg.a(libc_a-mlock.o)
                0x100084bc                __malloc_lock
 .text.__malloc_unlock
                0x100084cc       0x10 /usr/lib/gcc/arm-none-eabi/16.1.0/../../../../arm-none-eabi/lib/thumb/v6-m/nofp/libg.a(libc_a-mlock.o)
                0x100084cc                __malloc_unlock
 .text._sbrk_r  0x100084dc       0x24 /usr/lib/gcc/arm-none-eabi/16.1.0/../../../../arm-none-eabi/lib/thumb/v6-m/nofp/libg.a(libc_a-sbrkr.o)
                0x100084dc                _sbrk_r
 .text.__errno  0x10008500        0xc /usr/lib/gcc/arm-none-eabi/16.1.0/../../../../arm-none-eabi/lib/thumb/v6-m/nofp/libg.a(libc_a-errno.o)
                0x10008500                __errno
 .text.__retarget_lock_acquire_recursive
                0x1000850c        0x4 /usr/lib/gcc/arm-none-eabi/16.1.0/../../../../arm-none-eabi/lib/thumb/v6-m/nofp/libg.a(libc_a-lock.o)
                0x1000850c                __retarget_lock_acquire_recursive
 .text.__retarget_lock_release_recursive
                0x10008510        0x4 /usr/lib/gcc/arm-none-eabi/16.1.0/../../../../arm-none-eabi/lib/thumb/v6-m/nofp/libg.a(libc_a-lock.o)
                0x10008510                __retarget_lock_release_recursive
 .text.sysconf  0x10008514       0x1c /usr/lib/gcc/arm-none-eabi/16.1.0/../../../../arm-none-eabi/lib/thumb/v6-m/nofp/libg.a(libc_a-sysconf.o)
                0x10008514                sysconf
 .text.strlen   0x10008530       0x60 /usr/lib/gcc/arm-none-eabi/16.1.0/../../../../arm-none-eabi/lib/thumb/v6-m/nofp/libg.a(libc_a-strlen-stub.o)
                0x10008530                strlen
 .text._malloc_trim_r
                0x10008590       0xb0 /usr/lib/gcc/arm-none-eabi/16.1.0/../../../../arm-none-eabi/lib/thumb/v6-m/nofp/libg.a(libc_a-freer.o)
                0x10008590                _malloc_trim_r
 .text._free_r  0x10008640      0x1d4 /usr/lib/gcc/arm-none-eabi/16.1.0/../../../../arm-none-eabi/lib/thumb/v6-m/nofp/libg.a(libc_a-freer.o)
                0x10008640                _free_r
 *fill*         0x10008814        0x4 
 .text._free_r.__stub
                0x10008818       0xd0 linker stubs
 *(.fini)
 *crtbegin.o(.ctors)
 *crtbegin?.o(.ctors)
 *(EXCLUDE_FILE(*crtend.o *crtend?.o) .ctors)
 *(SORT_BY_NAME(.ctors.*))
 *(.ctors)
 *crtbegin.o(.dtors)
 *crtbegin?.o(.dtors)
 *(EXCLUDE_FILE(*crtend.o *crtend?.o) .dtors)
 *(SORT_BY_NAME(.dtors.*))
 *(.dtors)
                0x100088e8                        . = ALIGN (0x4)
                [!provide]                        PROVIDE (__bothinit_array_start = .)
                0x100088e8                        PROVIDE (__preinit_array_start = .)
 *(SORT_BY_NAME(.preinit_array.*))
 .preinit_array.00100
                0x100088e8        0x4 CMakeFiles/main.dir/home/alexander/Programming/rp2xxx/pico-sdk/src/rp2_common/pico_runtime_init/runtime_init.c.o
                0x100088e8                __pre_init_runtime_init_early_resets
 .preinit_array.00101
                0x100088ec        0x4 CMakeFiles/main.dir/home/alexander/Programming/rp2xxx/pico-sdk/src/rp2_common/pico_runtime_init/runtime_init.c.o
                0x100088ec                __pre_init_runtime_init_usb_power_down
 .preinit_array.00275
                0x100088f0        0x4 CMakeFiles/main.dir/home/alexander/Programming/rp2xxx/pico-sdk/src/rp2_common/pico_bit_ops/bit_ops_aeabi.S.o
 .preinit_array.00300
                0x100088f4        0x4 CMakeFiles/main.dir/home/alexander/Programming/rp2xxx/pico-sdk/src/rp2_common/pico_mem_ops/mem_ops_aeabi.S.o
 .preinit_array.00350
                0x100088f8        0x4 CMakeFiles/main.dir/home/alexander/Programming/rp2xxx/pico-sdk/src/rp2_common/pico_double/double_aeabi_rp2040.S.o
 .preinit_array.00350
                0x100088fc        0x4 CMakeFiles/main.dir/home/alexander/Programming/rp2xxx/pico-sdk/src/rp2_common/pico_float/float_aeabi_rp2040.S.o
 .preinit_array.00500
                0x10008900        0x4 CMakeFiles/main.dir/home/alexander/Programming/rp2xxx/pico-sdk/src/rp2_common/pico_runtime_init/runtime_init.c.o
                0x10008900                __pre_init_runtime_init_clocks
 .preinit_array.00600
                0x10008904        0x4 CMakeFiles/main.dir/home/alexander/Programming/rp2xxx/pico-sdk/src/rp2_common/pico_runtime_init/runtime_init.c.o
                0x10008904                __pre_init_runtime_init_post_clock_resets
 .preinit_array.00700
                0x10008908        0x4 CMakeFiles/main.dir/home/alexander/Programming/rp2xxx/pico-sdk/src/rp2_common/pico_runtime_init/runtime_init.c.o
                0x10008908                __pre_init_runtime_init_rp2040_gpio_ie_disable
 .preinit_array.01000
                0x1000890c        0x4 CMakeFiles/main.dir/home/alexander/Programming/rp2xxx/pico-sdk/src/rp2_common/pico_runtime_init/runtime_init.c.o
                0x1000890c                __pre_init_runtime_init_spin_locks_reset
 .preinit_array.01100
                0x10008910        0x4 CMakeFiles/main.dir/home/alexander/Programming/rp2xxx/pico-sdk/src/common/pico_sync/mutex.c.o
                0x10008910                __pre_init_runtime_init_mutex
 .preinit_array.10080
                0x10008914        0x4 CMakeFiles/main.dir/home/alexander/Programming/rp2xxx/pico-sdk/src/rp2_common/pico_runtime_init/runtime_init.c.o
                0x10008914                __pre_init_runtime_init_install_ram_vector_table
 .preinit_array.11000
                0x10008918        0x4 CMakeFiles/main.dir/home/alexander/Programming/rp2xxx/pico-sdk/src/common/pico_time/time.c.o
                0x10008918                __pre_init_runtime_init_default_alarm_pool
 .preinit_array.YYYYY
                0x1000891c        0x4 CMakeFiles/main.dir/home/alexander/Programming/rp2xxx/pico-sdk/src/rp2_common/pico_runtime/runtime.c.o
                0x1000891c                __pre_init_first_per_core_initializer
 .preinit_array.ZZZZZ.01200
                0x10008920        0x4 CMakeFiles/main.dir/home/alexander/Programming/rp2xxx/pico-sdk/src/rp2_common/hardware_irq/irq.c.o
                0x10008920                __pre_init_runtime_init_per_core_irq_priorities
 *(.preinit_array)
                0x10008924                        PROVIDE (__preinit_array_end = .)
                0x10008924                        . = ALIGN (0x4)
                0x10008924                        PROVIDE (__init_array_start = .)
 *(SORT_BY_NAME(.init_array.*))
 .init_array.01000
                0x10008924        0x4 CMakeFiles/main.dir/home/alexander/Programming/rp2xxx/pico-sdk/src/rp2_common/pico_unique_id/unique_id.c.o
 *(.init_array)
                0x10008928                        PROVIDE (__init_array_end = .)
                [!provide]                        PROVIDE (__bothinit_array_end = .)
                0x10008928                        . = ALIGN (0x4)
                [!provide]                        PROVIDE (__fini_array_start = .)
 *(SORT_BY_NAME(.fini_array.*))
 *(.fini_array)
                [!provide]                        PROVIDE (__fini_array_end = .)
                [!provide]                        PROVIDE (__dso_handle = 0x0)
 *(.eh_frame*)
                0x10008928                        . = ALIGN (0x4)

.glue_7         0x10008928        0x0
 .glue_7        0x10008928        0x0 linker stubs

.glue_7t        0x10008928        0x0
 .glue_7t       0x10008928        0x0 linker stubs

.vfp11_veneer   0x10008928        0x0
 .vfp11_veneer  0x10008928        0x0 linker stubs

.v4_bx          0x10008928        0x0
 .v4_bx         0x10008928        0x0 linker stubs

.iplt           0x10008928        0x0
 .iplt          0x10008928        0x0 CMakeFiles/main.dir/main.c.o

.rodata         0x10008928      0x608
 *(EXCLUDE_FILE(*libm.a: *lib*_a-mem*.o *libc.a: *libgcc.a:) .rodata*)
 .rodata.init.str1.4
                0x10008928      0x22d CMakeFiles/main.dir/main.c.o
                                 0x2e (size before relaxing)
 *fill*         0x10008b55        0x3 
 .rodata        0x10008b58       0x40 CMakeFiles/main.dir/main.c.o
 .rodata.panic.str1.4
                0x10008b98        0x0 CMakeFiles/main.dir/home/alexander/Programming/rp2xxx/pico-sdk/src/rp2_common/pico_platform_panic/panic.c.o
                                 0x11 (size before relaxing)
 .rodata.spin_lock_claim_unused.str1.4
                0x10008b98        0x0 CMakeFiles/main.dir/home/alexander/Programming/rp2xxx/pico-sdk/src/rp2_common/hardware_sync/sync.c.o
                                 0x1b (size before relaxing)
 .rodata.user_irq_claim_unused.str1.4
                0x10008b98        0x0 CMakeFiles/main.dir/home/alexander/Programming/rp2xxx/pico-sdk/src/rp2_common/hardware_irq/irq.c.o
                                 0x1b (size before relaxing)
 .rodata.timer_hardware_alarm_claim.str1.4
                0x10008b98        0x0 CMakeFiles/main.dir/home/alexander/Programming/rp2xxx/pico-sdk/src/rp2_common/hardware_timer/timer.c.o
                                 0x22 (size before relaxing)
 .rodata.hard_assertion_failure.str1.4
                0x10008b98        0x0 CMakeFiles/main.dir/home/alexander/Programming/rp2xxx/pico-sdk/src/rp2_common/pico_runtime/runtime.c.o
                                  0xc (size before relaxing)
 .rodata.missing_double_func_shim.str1.4
                0x10008b98        0x0 CMakeFiles/main.dir/home/alexander/Programming/rp2xxx/pico-sdk/src/rp2_common/pico_double/double_init_rom_rp2040.c.o
                                 0x18 (size before relaxing)
 .rodata.missing_float_func_shim.str1.4
                0x10008b98        0x0 CMakeFiles/main.dir/home/alexander/Programming/rp2xxx/pico-sdk/src/rp2_common/pico_float/float_init_rom_rp2040.c.o
                                  0x1 (size before relaxing)
 .rodata.__wrap_malloc.str1.4
                0x10008b98        0x0 CMakeFiles/main.dir/home/alexander/Programming/rp2xxx/pico-sdk/src/rp2_common/pico_malloc/malloc.c.o
                                  0xe (size before relaxing)
 .rodata.str1.4
                0x10008b98        0x0 CMakeFiles/main.dir/home/alexander/Programming/rp2xxx/pico-sdk/src/rp2_common/pico_standard_binary_info/standard_binary_info.c.o
                                 0x54 (size before relaxing)
 .rodata.__bi_84
                0x10008b98        0xc CMakeFiles/main.dir/home/alexander/Programming/rp2xxx/pico-sdk/src/rp2_common/pico_standard_binary_info/standard_binary_info.c.o
 .rodata.__bi_78
                0x10008ba4        0xc CMakeFiles/main.dir/home/alexander/Programming/rp2xxx/pico-sdk/src/rp2_common/pico_standard_binary_info/standard_binary_info.c.o
 .rodata.__bi_54
                0x10008bb0        0xc CMakeFiles/main.dir/home/alexander/Programming/rp2xxx/pico-sdk/src/rp2_common/pico_standard_binary_info/standard_binary_info.c.o
 .rodata.__bi_48
                0x10008bbc        0xc CMakeFiles/main.dir/home/alexander/Programming/rp2xxx/pico-sdk/src/rp2_common/pico_standard_binary_info/standard_binary_info.c.o
 .rodata.__bi_42
                0x10008bc8        0xc CMakeFiles/main.dir/home/alexander/Programming/rp2xxx/pico-sdk/src/rp2_common/pico_standard_binary_info/standard_binary_info.c.o
 .rodata.__bi_34
                0x10008bd4        0xc CMakeFiles/main.dir/home/alexander/Programming/rp2xxx/pico-sdk/src/rp2_common/pico_standard_binary_info/standard_binary_info.c.o
 .rodata.__bi_26
                0x10008be0        0xc CMakeFiles/main.dir/home/alexander/Programming/rp2xxx/pico-sdk/src/rp2_common/pico_standard_binary_info/standard_binary_info.c.o
 .rodata._ftoa.str1.4
                0x10008bec        0x0 CMakeFiles/main.dir/home/alexander/Programming/rp2xxx/pico-sdk/src/rp2_common/pico_printf/printf.c.o
                                 0x15 (size before relaxing)
 .rodata._vsnprintf
                0x10008bec       0x90 CMakeFiles/main.dir/home/alexander/Programming/rp2xxx/pico-sdk/src/rp2_common/pico_printf/printf.c.o
 *fill*         0x10008c7c        0x4 
 .rodata.pow10.0
                0x10008c80       0x50 CMakeFiles/main.dir/home/alexander/Programming/rp2xxx/pico-sdk/src/rp2_common/pico_printf/printf.c.o
 .rodata.crlf_str.0
                0x10008cd0        0x2 CMakeFiles/main.dir/home/alexander/Programming/rp2xxx/pico-sdk/src/rp2_common/pico_stdio/stdio.c.o
 .rodata.str1.4
                0x10008cd2        0x0 CMakeFiles/main.dir/home/alexander/Programming/rp2xxx/pico-sdk/src/rp2_common/pico_stdio_uart/stdio_uart.c.o
                                 0x2c (size before relaxing)
 *fill*         0x10008cd2        0x2 
 .rodata.__bi_45.4
                0x10008cd4        0xc CMakeFiles/main.dir/home/alexander/Programming/rp2xxx/pico-sdk/src/rp2_common/pico_stdio_uart/stdio_uart.c.o
 .rodata.__bi_49.5
                0x10008ce0        0x8 CMakeFiles/main.dir/home/alexander/Programming/rp2xxx/pico-sdk/src/rp2_common/pico_stdio_uart/stdio_uart.c.o
 .rodata.__bi_50.6
                0x10008ce8        0x8 CMakeFiles/main.dir/home/alexander/Programming/rp2xxx/pico-sdk/src/rp2_common/pico_stdio_uart/stdio_uart.c.o
 .rodata.str1.4
                0x10008cf0        0x0 CMakeFiles/main.dir/home/alexander/Programming/rp2xxx/pico-sdk/src/rp2_common/pico_stdio_usb/stdio_usb.c.o
                                 0x13 (size before relaxing)
 .rodata.__bi_204.0
                0x10008cf0        0xc CMakeFiles/main.dir/home/alexander/Programming/rp2xxx/pico-sdk/src/rp2_common/pico_stdio_usb/stdio_usb.c.o
 .rodata.str1.4
                0x10008cfc        0x0 CMakeFiles/main.dir/home/alexander/Programming/rp2xxx/pico-sdk/src/rp2_common/pico_stdio_usb/stdio_usb_descriptors.c.o
                                 0x2a (size before relaxing)
 .rodata.usbd_desc_str
                0x10008cfc       0x18 CMakeFiles/main.dir/home/alexander/Programming/rp2xxx/pico-sdk/src/rp2_common/pico_stdio_usb/stdio_usb_descriptors.c.o
 .rodata.usbd_desc_cfg
                0x10008d14       0x54 CMakeFiles/main.dir/home/alexander/Programming/rp2xxx/pico-sdk/src/rp2_common/pico_stdio_usb/stdio_usb_descriptors.c.o
 .rodata.usbd_desc_device
                0x10008d68       0x12 CMakeFiles/main.dir/home/alexander/Programming/rp2xxx/pico-sdk/src/rp2_common/pico_stdio_usb/stdio_usb_descriptors.c.o
 *fill*         0x10008d7a        0x2 
 .rodata.desc_ms_os_20
                0x10008d7c       0xa6 CMakeFiles/main.dir/home/alexander/Programming/rp2xxx/pico-sdk/src/rp2_common/pico_usb_reset/usb_reset.c.o
 *fill*         0x10008e22        0x2 
 .rodata.desc_bos
                0x10008e24       0x21 CMakeFiles/main.dir/home/alexander/Programming/rp2xxx/pico-sdk/src/rp2_common/pico_usb_reset/usb_reset.c.o
                0x10008e24                desc_bos
 *fill*         0x10008e45        0x3 
 .rodata.usb_reset_interface_driver
                0x10008e48       0x20 CMakeFiles/main.dir/home/alexander/Programming/rp2xxx/pico-sdk/src/rp2_common/pico_usb_reset/usb_reset.c.o
 .rodata.str1.4
                0x10008e68        0x0 CMakeFiles/main.dir/home/alexander/Programming/rp2xxx/pico-sdk/lib/tinyusb/src/portable/raspberrypi/rp2040/dcd_rp2040.c.o
                                 0x14 (size before relaxing)
 .rodata.str1.4
                0x10008e68        0x0 CMakeFiles/main.dir/home/alexander/Programming/rp2xxx/pico-sdk/lib/tinyusb/src/portable/raspberrypi/rp2040/rp2040_usb.c.o
                                 0x48 (size before relaxing)
 .rodata.tud_task_ext
                0x10008e68       0x8c CMakeFiles/main.dir/home/alexander/Programming/rp2xxx/pico-sdk/lib/tinyusb/src/device/usbd.c.o
 .rodata        0x10008ef4       0x1c CMakeFiles/main.dir/home/alexander/Programming/rp2xxx/pico-sdk/lib/tinyusb/src/device/usbd.c.o
 .rodata._usbd_driver
                0x10008f10       0x20 CMakeFiles/main.dir/home/alexander/Programming/rp2xxx/pico-sdk/lib/tinyusb/src/device/usbd.c.o
 .rodata.DEV_SET_PWM.str1.4
                0x10008f30        0x0 lib/Config/libConfig.a(DEV_Config.c.o)
                                 0x14 (size before relaxing)
 .rodata.DEV_Module_Init.str1.4
                0x10008f30        0x0 lib/Config/libConfig.a(DEV_Config.c.o)
                                 0x15 (size before relaxing)
 *(.srodata*)
                0x10008f30                        . = ALIGN (0x4)
 *(SORT_BY_ALIGNMENT(SORT_BY_NAME(.flashdata*)))
                0x10008f30                        . = ALIGN (0x4)

.ARM.extab
 *(.ARM.extab* .gnu.linkonce.armextab.*)
                0x10008f30                        __exidx_start = .

.ARM.exidx
 *(.ARM.exidx* .gnu.linkonce.armexidx.*)
                0x10008f30                        __exidx_end = .
                0x10008f30                        . = ALIGN (0x4)
                0x10008f30                        __binary_info_start = .

.binary_info    0x10008f30       0x2c
 *(.binary_info.keep.*)
 .binary_info.keep.__bi_ptr84
                0x10008f30        0x4 CMakeFiles/main.dir/home/alexander/Programming/rp2xxx/pico-sdk/src/rp2_common/pico_standard_binary_info/standard_binary_info.c.o
 .binary_info.keep.__bi_ptr78
                0x10008f34        0x4 CMakeFiles/main.dir/home/alexander/Programming/rp2xxx/pico-sdk/src/rp2_common/pico_standard_binary_info/standard_binary_info.c.o
 .binary_info.keep.__bi_ptr54
                0x10008f38        0x4 CMakeFiles/main.dir/home/alexander/Programming/rp2xxx/pico-sdk/src/rp2_common/pico_standard_binary_info/standard_binary_info.c.o
 .binary_info.keep.__bi_ptr48
                0x10008f3c        0x4 CMakeFiles/main.dir/home/alexander/Programming/rp2xxx/pico-sdk/src/rp2_common/pico_standard_binary_info/standard_binary_info.c.o
 .binary_info.keep.__bi_ptr42
                0x10008f40        0x4 CMakeFiles/main.dir/home/alexander/Programming/rp2xxx/pico-sdk/src/rp2_common/pico_standard_binary_info/standard_binary_info.c.o
 .binary_info.keep.__bi_ptr34
                0x10008f44        0x4 CMakeFiles/main.dir/home/alexander/Programming/rp2xxx/pico-sdk/src/rp2_common/pico_standard_binary_info/standard_binary_info.c.o
 .binary_info.keep.__bi_ptr26
                0x10008f48        0x4 CMakeFiles/main.dir/home/alexander/Programming/rp2xxx/pico-sdk/src/rp2_common/pico_standard_binary_info/standard_binary_info.c.o
 *(.binary_info.*)
 .binary_info.__bi_ptr50
                0x10008f4c        0x4 CMakeFiles/main.dir/home/alexander/Programming/rp2xxx/pico-sdk/src/rp2_common/pico_stdio_uart/stdio_uart.c.o
 .binary_info.__bi_ptr49
                0x10008f50        0x4 CMakeFiles/main.dir/home/alexander/Programming/rp2xxx/pico-sdk/src/rp2_common/pico_stdio_uart/stdio_uart.c.o
 .binary_info.__bi_ptr45
                0x10008f54        0x4 CMakeFiles/main.dir/home/alexander/Programming/rp2xxx/pico-sdk/src/rp2_common/pico_stdio_uart/stdio_uart.c.o
 .binary_info.__bi_ptr204
                0x10008f58        0x4 CMakeFiles/main.dir/home/alexander/Programming/rp2xxx/pico-sdk/src/rp2_common/pico_stdio_usb/stdio_usb.c.o
                0x10008f5c                        __binary_info_end = .
                0x10008f5c                        . = ALIGN (0x4)

.xip_ram        0x15000000        0x0 load address 0x10008f5c
                0x15000000                        __xip_ram_start__ = .
                0x15000000                        . = ALIGN (0x4)
 *(.xip_ram*)
                0x15000000                        . = ALIGN (0x4)
                0x15000000                        __xip_ram_end__ = .
                0x10008f5c                        __xip_ram_source__ = LOADADDR (.xip_ram)

.ram_vector_table
                0x20000000       0xc0
 *(.ram_vector_table)
 .ram_vector_table
                0x20000000       0xc0 CMakeFiles/main.dir/home/alexander/Programming/rp2xxx/pico-sdk/src/rp2_common/pico_runtime_init/runtime_init.c.o
                0x20000000                ram_vector_table

.uninitialized_data
                0x200000c0        0x0
                0x200000c0                        . = ALIGN (0x4)
 *(.uninitialized_data*)

.data           0x200000c0     0x1658 load address 0x10008f5c
                0x200000c0                        __data_start__ = .
 *(vtable)
 *(.time_critical*)
 .time_critical.mutex_try_enter
                0x200000c0       0x40 CMakeFiles/main.dir/home/alexander/Programming/rp2xxx/pico-sdk/src/common/pico_sync/mutex.c.o
                0x200000c0                mutex_try_enter
 .time_critical.mutex_enter_block_until
                0x20000100       0x64 CMakeFiles/main.dir/home/alexander/Programming/rp2xxx/pico-sdk/src/common/pico_sync/mutex.c.o
                0x20000100                mutex_enter_block_until
 .time_critical.mutex_try_enter_block_until
                0x20000164       0x34 CMakeFiles/main.dir/home/alexander/Programming/rp2xxx/pico-sdk/src/common/pico_sync/mutex.c.o
                0x20000164                mutex_try_enter_block_until
 .time_critical.mutex_enter_timeout_ms
                0x20000198       0x3c CMakeFiles/main.dir/home/alexander/Programming/rp2xxx/pico-sdk/src/common/pico_sync/mutex.c.o
                0x20000198                mutex_enter_timeout_ms
 .time_critical.mutex_exit
                0x200001d4       0x28 CMakeFiles/main.dir/home/alexander/Programming/rp2xxx/pico-sdk/src/common/pico_sync/mutex.c.o
                0x200001d4                mutex_exit
 .time_critical.flash_init_boot2_copyout
                0x200001fc       0x30 CMakeFiles/main.dir/home/alexander/Programming/rp2xxx/pico-sdk/src/rp2_common/hardware_flash/flash.c.o
 .time_critical.flash_enable_xip_via_boot2
                0x2000022c        0xc CMakeFiles/main.dir/home/alexander/Programming/rp2xxx/pico-sdk/src/rp2_common/hardware_flash/flash.c.o
 .time_critical.flash_save_hardware_state
                0x20000238       0x28 CMakeFiles/main.dir/home/alexander/Programming/rp2xxx/pico-sdk/src/rp2_common/hardware_flash/flash.c.o
 .time_critical.flash_restore_hardware_state
                0x20000260       0x28 CMakeFiles/main.dir/home/alexander/Programming/rp2xxx/pico-sdk/src/rp2_common/hardware_flash/flash.c.o
 .time_critical.flash_do_cmd_cs
                0x20000288      0x150 CMakeFiles/main.dir/home/alexander/Programming/rp2xxx/pico-sdk/src/rp2_common/hardware_flash/flash.c.o
                0x20000288                flash_do_cmd_cs
 .time_critical.reset_non_control_endpoints
                0x200003d8       0x68 CMakeFiles/main.dir/home/alexander/Programming/rp2xxx/pico-sdk/lib/tinyusb/src/portable/raspberrypi/rp2040/dcd_rp2040.c.o
 .time_critical.hw_handle_buff_status
                0x20000440       0x88 CMakeFiles/main.dir/home/alexander/Programming/rp2xxx/pico-sdk/lib/tinyusb/src/portable/raspberrypi/rp2040/dcd_rp2040.c.o
 .time_critical.dcd_rp2040_irq
                0x200004c8      0x540 CMakeFiles/main.dir/home/alexander/Programming/rp2xxx/pico-sdk/lib/tinyusb/src/portable/raspberrypi/rp2040/dcd_rp2040.c.o
 .time_critical.prepare_ep_buffer
                0x20000a08      0x174 CMakeFiles/main.dir/home/alexander/Programming/rp2xxx/pico-sdk/lib/tinyusb/src/portable/raspberrypi/rp2040/rp2040_usb.c.o
 .time_critical.sync_ep_buffer
                0x20000b7c      0x124 CMakeFiles/main.dir/home/alexander/Programming/rp2xxx/pico-sdk/lib/tinyusb/src/portable/raspberrypi/rp2040/rp2040_usb.c.o
 .time_critical._hw_endpoint_xfer_sync
                0x20000ca0       0x28 CMakeFiles/main.dir/home/alexander/Programming/rp2xxx/pico-sdk/lib/tinyusb/src/portable/raspberrypi/rp2040/rp2040_usb.c.o
 .time_critical.e15_is_bulkin_ep
                0x20000cc8       0x24 CMakeFiles/main.dir/home/alexander/Programming/rp2xxx/pico-sdk/lib/tinyusb/src/portable/raspberrypi/rp2040/rp2040_usb.c.o
 .time_critical.e15_is_critical_frame_period
                0x20000cec       0x30 CMakeFiles/main.dir/home/alexander/Programming/rp2xxx/pico-sdk/lib/tinyusb/src/portable/raspberrypi/rp2040/rp2040_usb.c.o
 .time_critical.hw_endpoint_reset_transfer
                0x20000d1c        0xc CMakeFiles/main.dir/home/alexander/Programming/rp2xxx/pico-sdk/lib/tinyusb/src/portable/raspberrypi/rp2040/rp2040_usb.c.o
                0x20000d1c                hw_endpoint_reset_transfer
 .time_critical._hw_endpoint_buffer_control_update32
                0x20000d28       0x50 CMakeFiles/main.dir/home/alexander/Programming/rp2xxx/pico-sdk/lib/tinyusb/src/portable/raspberrypi/rp2040/rp2040_usb.c.o
                0x20000d28                _hw_endpoint_buffer_control_update32
 .time_critical.hw_endpoint_start_next_buffer
                0x20000d78       0x6c CMakeFiles/main.dir/home/alexander/Programming/rp2xxx/pico-sdk/lib/tinyusb/src/portable/raspberrypi/rp2040/rp2040_usb.c.o
                0x20000d78                hw_endpoint_start_next_buffer
 .time_critical.hw_endpoint_xfer_continue
                0x20000de4       0x40 CMakeFiles/main.dir/home/alexander/Programming/rp2xxx/pico-sdk/lib/tinyusb/src/portable/raspberrypi/rp2040/rp2040_usb.c.o
                0x20000de4                hw_endpoint_xfer_continue
 .time_critical.tinyusb
                0x20000e24      0x1d4 CMakeFiles/main.dir/home/alexander/Programming/rp2xxx/pico-sdk/lib/tinyusb/src/device/usbd.c.o
                0x20000e24                dcd_event_handler
 .time_critical.spi_write_blocking
                0x20000ff8       0x50 CMakeFiles/main.dir/home/alexander/Programming/rp2xxx/pico-sdk/src/rp2_common/hardware_spi/spi.c.o
                0x20000ff8                spi_write_blocking
 *(.text*)
 .text          0x20001048        0x4 /usr/lib/gcc/arm-none-eabi/16.1.0/thumb/v6-m/nofp/libgcc.a(_dvmd_tls.o)
                0x20001048                __aeabi_ldiv0
                0x20001048                __aeabi_idiv0
 *fill*         0x2000104c        0x4 
 .text.__stub   0x20001050       0x80 linker stubs
                0x200010d0                        . = ALIGN (0x4)
 *(.rodata*)
                0x200010d0                        . = ALIGN (0x4)